#
# There is insufficient memory for the Java Runtime Environment to continue.
# Native memory allocation (malloc) failed to allocate 12362704 bytes. Error detail: Chunk::new
# Possible reasons:
#   The system is out of physical RAM or swap space
#   This process is running with CompressedOops enabled, and the Java Heap may be blocking the growth of the native heap
# Possible solutions:
#   Reduce memory load on the system
#   Increase physical memory or swap space
#   Check if swap backing store is full
#   Decrease Java heap size (-Xmx/-Xms)
#   Decrease number of Java threads
#   Decrease Java thread stack sizes (-Xss)
#   Set larger code cache with -XX:ReservedCodeCacheSize=
#   JVM is running with Unscaled Compressed Oops mode in which the Java heap is
#     placed in the first 4GB address space. The Java Heap base address is the
#     maximum limit for the native heap growth. Please use -XX:HeapBaseMinAddress
#     to set the Java Heap base and to place the Java Heap above 4GB virtual address.
# This output file may be truncated or incomplete.
#
#  Out of Memory Error (arena.cpp:162), pid=196, tid=10464
#
# JRE version: OpenJDK Runtime Environment (24.0.1+9) (build 24.0.1+9-30)
# Java VM: OpenJDK 64-Bit Server VM (24.0.1+9-30, mixed mode, sharing, tiered, compressed oops, compressed class ptrs, g1 gc, windows-amd64)
# No core dump will be written. Minidumps are not enabled by default on client versions of Windows
#

---------------  S U M M A R Y ------------

Command Line: --add-opens=java.base/java.lang=ALL-UNNAMED --add-opens=java.base/java.lang.invoke=ALL-UNNAMED --add-opens=java.base/java.util=ALL-UNNAMED --add-opens=java.prefs/java.util.prefs=ALL-UNNAMED --add-exports=jdk.compiler/com.sun.tools.javac.api=ALL-UNNAMED --add-exports=jdk.compiler/com.sun.tools.javac.util=ALL-UNNAMED --add-opens=java.base/java.util=ALL-UNNAMED --add-opens=java.prefs/java.util.prefs=ALL-UNNAMED --add-opens=java.base/java.nio.charset=ALL-UNNAMED --add-opens=java.base/java.net=ALL-UNNAMED --add-opens=java.base/java.util.concurrent.atomic=ALL-UNNAMED --add-opens=java.xml/javax.xml.namespace=ALL-UNNAMED --enable-native-access=ALL-UNNAMED -XX:MaxMetaspaceSize=384m -XX:+HeapDumpOnOutOfMemoryError -Xms256m -Xmx512m -Dfile.encoding=UTF-8 -Duser.country=US -Duser.language=en -Duser.variant -javaagent:C:\Users\vuquo\.gradle\wrapper\dists\gradle-8.14.3-bin\cv11ve7ro1n3o1j4so8xd9n66\gradle-8.14.3\lib\agents\gradle-instrumentation-agent-8.14.3.jar org.gradle.launcher.daemon.bootstrap.GradleDaemon 8.14.3

Host: 11th Gen Intel(R) Core(TM) i5-11260H @ 2.60GHz, 12 cores, 7G,  Windows 11 , 64 bit Build 22621 (10.0.22621.3672)
Time: Thu Mar 26 03:13:40 2026 SE Asia Standard Time elapsed time: 3.093809 seconds (0d 0h 0m 3s)

---------------  T H R E A D  ---------------

Current thread (0x00000228dbc5fc00):  JavaThread "C2 CompilerThread1" daemon [_thread_in_native, id=10464, stack(0x000000b555b00000,0x000000b555c00000) (1024K)]


Current CompileTask:
C2:3093 2903       4       jdk.internal.classfile.impl.StackMapGenerator::processBlock (2767 bytes)

Stack: [0x000000b555b00000,0x000000b555c00000]
Native frames: (J=compiled Java code, j=interpreted, Vv=VM code, C=native code)
V  [jvm.dll+0x730739]  (no source info available)
V  [jvm.dll+0x8d9b23]  (no source info available)
V  [jvm.dll+0x8dc00d]  (no source info available)
V  [jvm.dll+0x8dc683]  (no source info available)
V  [jvm.dll+0x2aa086]  (no source info available)
V  [jvm.dll+0xcedef]  (no source info available)
V  [jvm.dll+0xcf04f]  (no source info available)
V  [jvm.dll+0x154d83]  (no source info available)
V  [jvm.dll+0x735f5f]  (no source info available)
V  [jvm.dll+0x26fa1c]  (no source info available)
V  [jvm.dll+0x26ea3f]  (no source info available)
V  [jvm.dll+0x1e9d60]  (no source info available)
V  [jvm.dll+0x27e1fb]  (no source info available)
V  [jvm.dll+0x27c49a]  (no source info available)
V  [jvm.dll+0x42f456]  (no source info available)
V  [jvm.dll+0x87d76b]  (no source info available)
V  [jvm.dll+0x72ee55]  (no source info available)
C  [ucrtbase.dll+0x29333]  (no source info available)
C  [KERNEL32.DLL+0x1257d]  (no source info available)
C  [ntdll.dll+0x5af28]  (no source info available)

Lock stack of current Java thread (top to bottom):


---------------  P R O C E S S  ---------------

Threads class SMR info:
_java_thread_list=0x00000228dca5df70, length=25, elements={
0x00000228a5e5e810, 0x00000228c13a6a20, 0x00000228c13a9640, 0x00000228c13ac160,
0x00000228c13af1a0, 0x00000228c13afcd0, 0x00000228c13b0930, 0x00000228c13beda0,
0x00000228c13c1b90, 0x00000228c162cc20, 0x00000228c162b630, 0x00000228dbc5fc00,
0x00000228dc70e2e0, 0x00000228dc70ea30, 0x00000228dc711610, 0x00000228dc70f8d0,
0x00000228dc710020, 0x00000228dc710770, 0x00000228dc832290, 0x00000228dc82f6b0,
0x00000228dc82e810, 0x00000228dc834720, 0x00000228dc82ef60, 0x00000228dc82fe00,
0x00000228dc8355c0
}

Java Threads: ( => current thread )
  0x00000228a5e5e810 JavaThread "main"                              [_thread_blocked, id=14148, stack(0x000000b554400000,0x000000b554500000) (1024K)]
  0x00000228c13a6a20 JavaThread "Reference Handler"          daemon [_thread_blocked, id=12716, stack(0x000000b554c00000,0x000000b554d00000) (1024K)]
  0x00000228c13a9640 JavaThread "Finalizer"                  daemon [_thread_blocked, id=13316, stack(0x000000b554d00000,0x000000b554e00000) (1024K)]
  0x00000228c13ac160 JavaThread "Signal Dispatcher"          daemon [_thread_blocked, id=18468, stack(0x000000b554e00000,0x000000b554f00000) (1024K)]
  0x00000228c13af1a0 JavaThread "Attach Listener"            daemon [_thread_blocked, id=9988, stack(0x000000b554f00000,0x000000b555000000) (1024K)]
  0x00000228c13afcd0 JavaThread "Service Thread"             daemon [_thread_blocked, id=7048, stack(0x000000b555000000,0x000000b555100000) (1024K)]
  0x00000228c13b0930 JavaThread "Monitor Deflation Thread"   daemon [_thread_blocked, id=7200, stack(0x000000b555100000,0x000000b555200000) (1024K)]
  0x00000228c13beda0 JavaThread "C2 CompilerThread0"         daemon [_thread_in_native, id=18860, stack(0x000000b555200000,0x000000b555300000) (1024K)]
  0x00000228c13c1b90 JavaThread "C1 CompilerThread0"         daemon [_thread_blocked, id=16116, stack(0x000000b555300000,0x000000b555400000) (1024K)]
  0x00000228c162cc20 JavaThread "Common-Cleaner"             daemon [_thread_blocked, id=6348, stack(0x000000b555400000,0x000000b555500000) (1024K)]
  0x00000228c162b630 JavaThread "Notification Thread"        daemon [_thread_blocked, id=16044, stack(0x000000b555500000,0x000000b555600000) (1024K)]
=>0x00000228dbc5fc00 JavaThread "C2 CompilerThread1"         daemon [_thread_in_native, id=10464, stack(0x000000b555b00000,0x000000b555c00000) (1024K)]
  0x00000228dc70e2e0 JavaThread "Daemon health stats"               [_thread_blocked, id=7448, stack(0x000000b555c00000,0x000000b555d00000) (1024K)]
  0x00000228dc70ea30 JavaThread "Incoming local TCP Connector on port 65339"        [_thread_in_native, id=15904, stack(0x000000b555d00000,0x000000b555e00000) (1024K)]
  0x00000228dc711610 JavaThread "Daemon periodic checks"            [_thread_blocked, id=13736, stack(0x000000b555e00000,0x000000b555f00000) (1024K)]
  0x00000228dc70f8d0 JavaThread "Daemon"                            [_thread_blocked, id=12852, stack(0x000000b555f00000,0x000000b556000000) (1024K)]
  0x00000228dc710020 JavaThread "Handler for socket connection from /127.0.0.1:65339 to /127.0.0.1:65340"        [_thread_in_native, id=15164, stack(0x000000b556000000,0x000000b556100000) (1024K)]
  0x00000228dc710770 JavaThread "Cancel handler"                    [_thread_blocked, id=18728, stack(0x000000b556100000,0x000000b556200000) (1024K)]
  0x00000228dc832290 JavaThread "Daemon worker"                     [_thread_in_native, id=4440, stack(0x000000b556200000,0x000000b556300000) (1024K)]
  0x00000228dc82f6b0 JavaThread "Asynchronous log dispatcher for DefaultDaemonConnection: socket connection from /127.0.0.1:65339 to /127.0.0.1:65340"        [_thread_blocked, id=1504, stack(0x000000b556300000,0x000000b556400000) (1024K)]
  0x00000228dc82e810 JavaThread "Stdin handler"                     [_thread_blocked, id=19200, stack(0x000000b556400000,0x000000b556500000) (1024K)]
  0x00000228dc834720 JavaThread "Daemon client event forwarder"        [_thread_blocked, id=1236, stack(0x000000b556500000,0x000000b556600000) (1024K)]
  0x00000228dc82ef60 JavaThread "Cache worker for journal cache (C:\Users\vuquo\.gradle\caches\journal-1)"        [_thread_blocked, id=4656, stack(0x000000b556600000,0x000000b556700000) (1024K)]
  0x00000228dc82fe00 JavaThread "File lock request listener"        [_thread_in_native, id=13332, stack(0x000000b556700000,0x000000b556800000) (1024K)]
  0x00000228dc8355c0 JavaThread "Cache worker for file hash cache (C:\Users\vuquo\.gradle\caches\8.14.3\fileHashes)"        [_thread_blocked, id=13504, stack(0x000000b556c00000,0x000000b556d00000) (1024K)]
Total: 25

Other Threads:
  0x00000228c1399b00 VMThread "VM Thread"                           [id=14460, stack(0x000000b554b00000,0x000000b554c00000) (1024K)]
  0x00000228c14917c0 WatcherThread "VM Periodic Task Thread"        [id=2636, stack(0x000000b554a00000,0x000000b554b00000) (1024K)]
  0x00000228a5e8b460 WorkerThread "GC Thread#0"                     [id=16868, stack(0x000000b554500000,0x000000b554600000) (1024K)]
  0x00000228dbe34360 WorkerThread "GC Thread#1"                     [id=14804, stack(0x000000b555600000,0x000000b555700000) (1024K)]
  0x00000228dbe3ba90 WorkerThread "GC Thread#2"                     [id=13796, stack(0x000000b555700000,0x000000b555800000) (1024K)]
  0x00000228dbd193c0 WorkerThread "GC Thread#3"                     [id=12452, stack(0x000000b555800000,0x000000b555900000) (1024K)]
  0x00000228dbd19770 WorkerThread "GC Thread#4"                     [id=14420, stack(0x000000b555900000,0x000000b555a00000) (1024K)]
  0x00000228dbd1df40 WorkerThread "GC Thread#5"                     [id=12412, stack(0x000000b555a00000,0x000000b555b00000) (1024K)]
  0x00000228dc850b10 WorkerThread "GC Thread#6"                     [id=11832, stack(0x000000b556800000,0x000000b556900000) (1024K)]
  0x00000228dc84f8a0 WorkerThread "GC Thread#7"                     [id=15252, stack(0x000000b556900000,0x000000b556a00000) (1024K)]
  0x00000228dc850760 WorkerThread "GC Thread#8"                     [id=17576, stack(0x000000b556a00000,0x000000b556b00000) (1024K)]
  0x00000228dc84fc50 WorkerThread "GC Thread#9"                     [id=16036, stack(0x000000b556b00000,0x000000b556c00000) (1024K)]
  0x00000228a5e91540 ConcurrentGCThread "G1 Main Marker"            [id=14776, stack(0x000000b554600000,0x000000b554700000) (1024K)]
  0x00000228a5e91f60 WorkerThread "G1 Conc#0"                       [id=7916, stack(0x000000b554700000,0x000000b554800000) (1024K)]
  0x00000228c12e5670 ConcurrentGCThread "G1 Refine#0"               [id=13904, stack(0x000000b554800000,0x000000b554900000) (1024K)]
  0x00000228c12e6eb0 ConcurrentGCThread "G1 Service"                [id=19084, stack(0x000000b554900000,0x000000b554a00000) (1024K)]
Total: 16

Threads with active compile tasks:
C2 CompilerThread0  3131 2904   !   4       java.lang.ClassLoader::loadClass (121 bytes)
C1 CompilerThread0  3131 3003       3       java.lang.invoke.DirectMethodHandle::make (275 bytes)
C2 CompilerThread1  3131 2903       4       jdk.internal.classfile.impl.StackMapGenerator::processBlock (2767 bytes)
Total: 3

VM state: not at safepoint (normal execution)

VM Mutex/Monitor currently owned by a thread: None

Heap address: 0x00000000e0000000, size: 512 MB, Compressed Oops mode: 32-bit

CDS archive(s) mapped at: [0x00000228c2000000-0x00000228c2d40000-0x00000228c2d40000), size 13893632, SharedBaseAddress: 0x00000228c2000000, ArchiveRelocationMode: 1.
Compressed class space mapped at: 0x00000228c3000000-0x00000228d7000000, reserved size: 335544320
UseCompressedClassPointers 1, UseCompactObjectHeaders 0
Narrow klass pointer bits 32, Max shift 3
Narrow klass base: 0x00000228c2000000, Narrow klass shift: 0
Encoding Range: [0x00000228c2000000 - 0x00000229c2000000), (4294967296 bytes)
Klass Range:    [0x00000228c2000000 - 0x00000228d7000000), (352321536 bytes)
Klass ID Range:  [8 - 352321529) (352321521)

GC Precious Log:
 CardTable entry size: 512
 Card Set container configuration: InlinePtr #cards 5 size 8 Array Of Cards #cards 10 size 36 Howl #buckets 4 coarsen threshold 1843 Howl Bitmap #cards 512 size 80 coarsen threshold 460 Card regions per heap region 1 cards per card region 2048
 CPUs: 12 total, 12 available
 Memory: 7913M
 Large Page Support: Disabled
 NUMA Support: Disabled
 Compressed Oops: Enabled (32-bit)
 Heap Region Size: 1M
 Heap Min Capacity: 256M
 Heap Initial Capacity: 256M
 Heap Max Capacity: 512M
 Pre-touch: Disabled
 Parallel Workers: 10
 Concurrent Workers: 3
 Concurrent Refinement Workers: 10
 Periodic GC: Disabled

Heap:
 garbage-first heap   total reserved 524288K, committed 264192K, used 28578K [0x00000000e0000000, 0x0000000100000000)
  region size 1024K, 23 young (23552K), 14 survivors (14336K)
 Metaspace       used 16193K, committed 16768K, reserved 393216K
  class space    used 1709K, committed 1984K, reserved 327680K

Heap Regions: E=young(eden), S=young(survivor), O=old, HS=humongous(starts), HC=humongous(continues), CS=collection set, F=free, TAMS=top-at-mark-start, PB=parsable bottom
|   0|0x00000000e0000000, 0x00000000e0100000, 0x00000000e0100000|100%|HS|  |TAMS 0x00000000e0000000| PB 0x00000000e0000000| Complete |  0
|   1|0x00000000e0100000, 0x00000000e0200000, 0x00000000e0200000|100%|HC|  |TAMS 0x00000000e0100000| PB 0x00000000e0100000| Complete |  0
|   2|0x00000000e0200000, 0x00000000e0300000, 0x00000000e0300000|100%|HC|  |TAMS 0x00000000e0200000| PB 0x00000000e0200000| Complete |  0
|   3|0x00000000e0300000, 0x00000000e0400000, 0x00000000e0400000|100%| O|  |TAMS 0x00000000e0300000| PB 0x00000000e0300000| Untracked |  0
|   4|0x00000000e0400000, 0x00000000e04cc708, 0x00000000e0500000| 79%| O|  |TAMS 0x00000000e0400000| PB 0x00000000e0400000| Untracked |  0
|   5|0x00000000e0500000, 0x00000000e0600000, 0x00000000e0600000|100%|HS|  |TAMS 0x00000000e0500000| PB 0x00000000e0500000| Complete |  0
|   6|0x00000000e0600000, 0x00000000e0600000, 0x00000000e0700000|  0%| F|  |TAMS 0x00000000e0600000| PB 0x00000000e0600000| Untracked |  0
|   7|0x00000000e0700000, 0x00000000e0700000, 0x00000000e0800000|  0%| F|  |TAMS 0x00000000e0700000| PB 0x00000000e0700000| Untracked |  0
|   8|0x00000000e0800000, 0x00000000e0800000, 0x00000000e0900000|  0%| F|  |TAMS 0x00000000e0800000| PB 0x00000000e0800000| Untracked |  0
|   9|0x00000000e0900000, 0x00000000e0900000, 0x00000000e0a00000|  0%| F|  |TAMS 0x00000000e0900000| PB 0x00000000e0900000| Untracked |  0
|  10|0x00000000e0a00000, 0x00000000e0a00000, 0x00000000e0b00000|  0%| F|  |TAMS 0x00000000e0a00000| PB 0x00000000e0a00000| Untracked |  0
|  11|0x00000000e0b00000, 0x00000000e0b00000, 0x00000000e0c00000|  0%| F|  |TAMS 0x00000000e0b00000| PB 0x00000000e0b00000| Untracked |  0
|  12|0x00000000e0c00000, 0x00000000e0c00000, 0x00000000e0d00000|  0%| F|  |TAMS 0x00000000e0c00000| PB 0x00000000e0c00000| Untracked |  0
|  13|0x00000000e0d00000, 0x00000000e0d00000, 0x00000000e0e00000|  0%| F|  |TAMS 0x00000000e0d00000| PB 0x00000000e0d00000| Untracked |  0
|  14|0x00000000e0e00000, 0x00000000e0e00000, 0x00000000e0f00000|  0%| F|  |TAMS 0x00000000e0e00000| PB 0x00000000e0e00000| Untracked |  0
|  15|0x00000000e0f00000, 0x00000000e0f00000, 0x00000000e1000000|  0%| F|  |TAMS 0x00000000e0f00000| PB 0x00000000e0f00000| Untracked |  0
|  16|0x00000000e1000000, 0x00000000e1000000, 0x00000000e1100000|  0%| F|  |TAMS 0x00000000e1000000| PB 0x00000000e1000000| Untracked |  0
|  17|0x00000000e1100000, 0x00000000e1100000, 0x00000000e1200000|  0%| F|  |TAMS 0x00000000e1100000| PB 0x00000000e1100000| Untracked |  0
|  18|0x00000000e1200000, 0x00000000e1200000, 0x00000000e1300000|  0%| F|  |TAMS 0x00000000e1200000| PB 0x00000000e1200000| Untracked |  0
|  19|0x00000000e1300000, 0x00000000e1300000, 0x00000000e1400000|  0%| F|  |TAMS 0x00000000e1300000| PB 0x00000000e1300000| Untracked |  0
|  20|0x00000000e1400000, 0x00000000e1400000, 0x00000000e1500000|  0%| F|  |TAMS 0x00000000e1400000| PB 0x00000000e1400000| Untracked |  0
|  21|0x00000000e1500000, 0x00000000e1500000, 0x00000000e1600000|  0%| F|  |TAMS 0x00000000e1500000| PB 0x00000000e1500000| Untracked |  0
|  22|0x00000000e1600000, 0x00000000e1600000, 0x00000000e1700000|  0%| F|  |TAMS 0x00000000e1600000| PB 0x00000000e1600000| Untracked |  0
|  23|0x00000000e1700000, 0x00000000e1700000, 0x00000000e1800000|  0%| F|  |TAMS 0x00000000e1700000| PB 0x00000000e1700000| Untracked |  0
|  24|0x00000000e1800000, 0x00000000e1800000, 0x00000000e1900000|  0%| F|  |TAMS 0x00000000e1800000| PB 0x00000000e1800000| Untracked |  0
|  25|0x00000000e1900000, 0x00000000e1900000, 0x00000000e1a00000|  0%| F|  |TAMS 0x00000000e1900000| PB 0x00000000e1900000| Untracked |  0
|  26|0x00000000e1a00000, 0x00000000e1a00000, 0x00000000e1b00000|  0%| F|  |TAMS 0x00000000e1a00000| PB 0x00000000e1a00000| Untracked |  0
|  27|0x00000000e1b00000, 0x00000000e1b00000, 0x00000000e1c00000|  0%| F|  |TAMS 0x00000000e1b00000| PB 0x00000000e1b00000| Untracked |  0
|  28|0x00000000e1c00000, 0x00000000e1c00000, 0x00000000e1d00000|  0%| F|  |TAMS 0x00000000e1c00000| PB 0x00000000e1c00000| Untracked |  0
|  29|0x00000000e1d00000, 0x00000000e1d00000, 0x00000000e1e00000|  0%| F|  |TAMS 0x00000000e1d00000| PB 0x00000000e1d00000| Untracked |  0
|  30|0x00000000e1e00000, 0x00000000e1e00000, 0x00000000e1f00000|  0%| F|  |TAMS 0x00000000e1e00000| PB 0x00000000e1e00000| Untracked |  0
|  31|0x00000000e1f00000, 0x00000000e1f00000, 0x00000000e2000000|  0%| F|  |TAMS 0x00000000e1f00000| PB 0x00000000e1f00000| Untracked |  0
|  32|0x00000000e2000000, 0x00000000e2000000, 0x00000000e2100000|  0%| F|  |TAMS 0x00000000e2000000| PB 0x00000000e2000000| Untracked |  0
|  33|0x00000000e2100000, 0x00000000e2100000, 0x00000000e2200000|  0%| F|  |TAMS 0x00000000e2100000| PB 0x00000000e2100000| Untracked |  0
|  34|0x00000000e2200000, 0x00000000e2200000, 0x00000000e2300000|  0%| F|  |TAMS 0x00000000e2200000| PB 0x00000000e2200000| Untracked |  0
|  35|0x00000000e2300000, 0x00000000e2300000, 0x00000000e2400000|  0%| F|  |TAMS 0x00000000e2300000| PB 0x00000000e2300000| Untracked |  0
|  36|0x00000000e2400000, 0x00000000e2400000, 0x00000000e2500000|  0%| F|  |TAMS 0x00000000e2400000| PB 0x00000000e2400000| Untracked |  0
|  37|0x00000000e2500000, 0x00000000e2500000, 0x00000000e2600000|  0%| F|  |TAMS 0x00000000e2500000| PB 0x00000000e2500000| Untracked |  0
|  38|0x00000000e2600000, 0x00000000e2600000, 0x00000000e2700000|  0%| F|  |TAMS 0x00000000e2600000| PB 0x00000000e2600000| Untracked |  0
|  39|0x00000000e2700000, 0x00000000e2700000, 0x00000000e2800000|  0%| F|  |TAMS 0x00000000e2700000| PB 0x00000000e2700000| Untracked |  0
|  40|0x00000000e2800000, 0x00000000e2800000, 0x00000000e2900000|  0%| F|  |TAMS 0x00000000e2800000| PB 0x00000000e2800000| Untracked |  0
|  41|0x00000000e2900000, 0x00000000e2900000, 0x00000000e2a00000|  0%| F|  |TAMS 0x00000000e2900000| PB 0x00000000e2900000| Untracked |  0
|  42|0x00000000e2a00000, 0x00000000e2a00000, 0x00000000e2b00000|  0%| F|  |TAMS 0x00000000e2a00000| PB 0x00000000e2a00000| Untracked |  0
|  43|0x00000000e2b00000, 0x00000000e2b00000, 0x00000000e2c00000|  0%| F|  |TAMS 0x00000000e2b00000| PB 0x00000000e2b00000| Untracked |  0
|  44|0x00000000e2c00000, 0x00000000e2c00000, 0x00000000e2d00000|  0%| F|  |TAMS 0x00000000e2c00000| PB 0x00000000e2c00000| Untracked |  0
|  45|0x00000000e2d00000, 0x00000000e2d00000, 0x00000000e2e00000|  0%| F|  |TAMS 0x00000000e2d00000| PB 0x00000000e2d00000| Untracked |  0
|  46|0x00000000e2e00000, 0x00000000e2e00000, 0x00000000e2f00000|  0%| F|  |TAMS 0x00000000e2e00000| PB 0x00000000e2e00000| Untracked |  0
|  47|0x00000000e2f00000, 0x00000000e2f00000, 0x00000000e3000000|  0%| F|  |TAMS 0x00000000e2f00000| PB 0x00000000e2f00000| Untracked |  0
|  48|0x00000000e3000000, 0x00000000e3000000, 0x00000000e3100000|  0%| F|  |TAMS 0x00000000e3000000| PB 0x00000000e3000000| Untracked |  0
|  49|0x00000000e3100000, 0x00000000e3100000, 0x00000000e3200000|  0%| F|  |TAMS 0x00000000e3100000| PB 0x00000000e3100000| Untracked |  0
|  50|0x00000000e3200000, 0x00000000e3200000, 0x00000000e3300000|  0%| F|  |TAMS 0x00000000e3200000| PB 0x00000000e3200000| Untracked |  0
|  51|0x00000000e3300000, 0x00000000e3300000, 0x00000000e3400000|  0%| F|  |TAMS 0x00000000e3300000| PB 0x00000000e3300000| Untracked |  0
|  52|0x00000000e3400000, 0x00000000e3400000, 0x00000000e3500000|  0%| F|  |TAMS 0x00000000e3400000| PB 0x00000000e3400000| Untracked |  0
|  53|0x00000000e3500000, 0x00000000e3500000, 0x00000000e3600000|  0%| F|  |TAMS 0x00000000e3500000| PB 0x00000000e3500000| Untracked |  0
|  54|0x00000000e3600000, 0x00000000e3600000, 0x00000000e3700000|  0%| F|  |TAMS 0x00000000e3600000| PB 0x00000000e3600000| Untracked |  0
|  55|0x00000000e3700000, 0x00000000e3700000, 0x00000000e3800000|  0%| F|  |TAMS 0x00000000e3700000| PB 0x00000000e3700000| Untracked |  0
|  56|0x00000000e3800000, 0x00000000e3800000, 0x00000000e3900000|  0%| F|  |TAMS 0x00000000e3800000| PB 0x00000000e3800000| Untracked |  0
|  57|0x00000000e3900000, 0x00000000e3900000, 0x00000000e3a00000|  0%| F|  |TAMS 0x00000000e3900000| PB 0x00000000e3900000| Untracked |  0
|  58|0x00000000e3a00000, 0x00000000e3a00000, 0x00000000e3b00000|  0%| F|  |TAMS 0x00000000e3a00000| PB 0x00000000e3a00000| Untracked |  0
|  59|0x00000000e3b00000, 0x00000000e3b00000, 0x00000000e3c00000|  0%| F|  |TAMS 0x00000000e3b00000| PB 0x00000000e3b00000| Untracked |  0
|  60|0x00000000e3c00000, 0x00000000e3c00000, 0x00000000e3d00000|  0%| F|  |TAMS 0x00000000e3c00000| PB 0x00000000e3c00000| Untracked |  0
|  61|0x00000000e3d00000, 0x00000000e3d00000, 0x00000000e3e00000|  0%| F|  |TAMS 0x00000000e3d00000| PB 0x00000000e3d00000| Untracked |  0
|  62|0x00000000e3e00000, 0x00000000e3e00000, 0x00000000e3f00000|  0%| F|  |TAMS 0x00000000e3e00000| PB 0x00000000e3e00000| Untracked |  0
|  63|0x00000000e3f00000, 0x00000000e3f00000, 0x00000000e4000000|  0%| F|  |TAMS 0x00000000e3f00000| PB 0x00000000e3f00000| Untracked |  0
|  64|0x00000000e4000000, 0x00000000e4000000, 0x00000000e4100000|  0%| F|  |TAMS 0x00000000e4000000| PB 0x00000000e4000000| Untracked |  0
|  65|0x00000000e4100000, 0x00000000e4100000, 0x00000000e4200000|  0%| F|  |TAMS 0x00000000e4100000| PB 0x00000000e4100000| Untracked |  0
|  66|0x00000000e4200000, 0x00000000e4200000, 0x00000000e4300000|  0%| F|  |TAMS 0x00000000e4200000| PB 0x00000000e4200000| Untracked |  0
|  67|0x00000000e4300000, 0x00000000e4300000, 0x00000000e4400000|  0%| F|  |TAMS 0x00000000e4300000| PB 0x00000000e4300000| Untracked |  0
|  68|0x00000000e4400000, 0x00000000e4400000, 0x00000000e4500000|  0%| F|  |TAMS 0x00000000e4400000| PB 0x00000000e4400000| Untracked |  0
|  69|0x00000000e4500000, 0x00000000e4500000, 0x00000000e4600000|  0%| F|  |TAMS 0x00000000e4500000| PB 0x00000000e4500000| Untracked |  0
|  70|0x00000000e4600000, 0x00000000e4600000, 0x00000000e4700000|  0%| F|  |TAMS 0x00000000e4600000| PB 0x00000000e4600000| Untracked |  0
|  71|0x00000000e4700000, 0x00000000e4700000, 0x00000000e4800000|  0%| F|  |TAMS 0x00000000e4700000| PB 0x00000000e4700000| Untracked |  0
|  72|0x00000000e4800000, 0x00000000e4800000, 0x00000000e4900000|  0%| F|  |TAMS 0x00000000e4800000| PB 0x00000000e4800000| Untracked |  0
|  73|0x00000000e4900000, 0x00000000e4900000, 0x00000000e4a00000|  0%| F|  |TAMS 0x00000000e4900000| PB 0x00000000e4900000| Untracked |  0
|  74|0x00000000e4a00000, 0x00000000e4a00000, 0x00000000e4b00000|  0%| F|  |TAMS 0x00000000e4a00000| PB 0x00000000e4a00000| Untracked |  0
|  75|0x00000000e4b00000, 0x00000000e4b00000, 0x00000000e4c00000|  0%| F|  |TAMS 0x00000000e4b00000| PB 0x00000000e4b00000| Untracked |  0
|  76|0x00000000e4c00000, 0x00000000e4c00000, 0x00000000e4d00000|  0%| F|  |TAMS 0x00000000e4c00000| PB 0x00000000e4c00000| Untracked |  0
|  77|0x00000000e4d00000, 0x00000000e4d00000, 0x00000000e4e00000|  0%| F|  |TAMS 0x00000000e4d00000| PB 0x00000000e4d00000| Untracked |  0
|  78|0x00000000e4e00000, 0x00000000e4e00000, 0x00000000e4f00000|  0%| F|  |TAMS 0x00000000e4e00000| PB 0x00000000e4e00000| Untracked |  0
|  79|0x00000000e4f00000, 0x00000000e4f00000, 0x00000000e5000000|  0%| F|  |TAMS 0x00000000e4f00000| PB 0x00000000e4f00000| Untracked |  0
|  80|0x00000000e5000000, 0x00000000e5000000, 0x00000000e5100000|  0%| F|  |TAMS 0x00000000e5000000| PB 0x00000000e5000000| Untracked |  0
|  81|0x00000000e5100000, 0x00000000e5100000, 0x00000000e5200000|  0%| F|  |TAMS 0x00000000e5100000| PB 0x00000000e5100000| Untracked |  0
|  82|0x00000000e5200000, 0x00000000e5200000, 0x00000000e5300000|  0%| F|  |TAMS 0x00000000e5200000| PB 0x00000000e5200000| Untracked |  0
|  83|0x00000000e5300000, 0x00000000e5300000, 0x00000000e5400000|  0%| F|  |TAMS 0x00000000e5300000| PB 0x00000000e5300000| Untracked |  0
|  84|0x00000000e5400000, 0x00000000e5400000, 0x00000000e5500000|  0%| F|  |TAMS 0x00000000e5400000| PB 0x00000000e5400000| Untracked |  0
|  85|0x00000000e5500000, 0x00000000e5500000, 0x00000000e5600000|  0%| F|  |TAMS 0x00000000e5500000| PB 0x00000000e5500000| Untracked |  0
|  86|0x00000000e5600000, 0x00000000e5600000, 0x00000000e5700000|  0%| F|  |TAMS 0x00000000e5600000| PB 0x00000000e5600000| Untracked |  0
|  87|0x00000000e5700000, 0x00000000e5700000, 0x00000000e5800000|  0%| F|  |TAMS 0x00000000e5700000| PB 0x00000000e5700000| Untracked |  0
|  88|0x00000000e5800000, 0x00000000e5800000, 0x00000000e5900000|  0%| F|  |TAMS 0x00000000e5800000| PB 0x00000000e5800000| Untracked |  0
|  89|0x00000000e5900000, 0x00000000e5900000, 0x00000000e5a00000|  0%| F|  |TAMS 0x00000000e5900000| PB 0x00000000e5900000| Untracked |  0
|  90|0x00000000e5a00000, 0x00000000e5a00000, 0x00000000e5b00000|  0%| F|  |TAMS 0x00000000e5a00000| PB 0x00000000e5a00000| Untracked |  0
|  91|0x00000000e5b00000, 0x00000000e5b00000, 0x00000000e5c00000|  0%| F|  |TAMS 0x00000000e5b00000| PB 0x00000000e5b00000| Untracked |  0
|  92|0x00000000e5c00000, 0x00000000e5c00000, 0x00000000e5d00000|  0%| F|  |TAMS 0x00000000e5c00000| PB 0x00000000e5c00000| Untracked |  0
|  93|0x00000000e5d00000, 0x00000000e5d00000, 0x00000000e5e00000|  0%| F|  |TAMS 0x00000000e5d00000| PB 0x00000000e5d00000| Untracked |  0
|  94|0x00000000e5e00000, 0x00000000e5e00000, 0x00000000e5f00000|  0%| F|  |TAMS 0x00000000e5e00000| PB 0x00000000e5e00000| Untracked |  0
|  95|0x00000000e5f00000, 0x00000000e5f00000, 0x00000000e6000000|  0%| F|  |TAMS 0x00000000e5f00000| PB 0x00000000e5f00000| Untracked |  0
|  96|0x00000000e6000000, 0x00000000e6000000, 0x00000000e6100000|  0%| F|  |TAMS 0x00000000e6000000| PB 0x00000000e6000000| Untracked |  0
|  97|0x00000000e6100000, 0x00000000e6100000, 0x00000000e6200000|  0%| F|  |TAMS 0x00000000e6100000| PB 0x00000000e6100000| Untracked |  0
|  98|0x00000000e6200000, 0x00000000e6200000, 0x00000000e6300000|  0%| F|  |TAMS 0x00000000e6200000| PB 0x00000000e6200000| Untracked |  0
|  99|0x00000000e6300000, 0x00000000e6300000, 0x00000000e6400000|  0%| F|  |TAMS 0x00000000e6300000| PB 0x00000000e6300000| Untracked |  0
| 100|0x00000000e6400000, 0x00000000e6400000, 0x00000000e6500000|  0%| F|  |TAMS 0x00000000e6400000| PB 0x00000000e6400000| Untracked |  0
| 101|0x00000000e6500000, 0x00000000e6500000, 0x00000000e6600000|  0%| F|  |TAMS 0x00000000e6500000| PB 0x00000000e6500000| Untracked |  0
| 102|0x00000000e6600000, 0x00000000e6600000, 0x00000000e6700000|  0%| F|  |TAMS 0x00000000e6600000| PB 0x00000000e6600000| Untracked |  0
| 103|0x00000000e6700000, 0x00000000e6700000, 0x00000000e6800000|  0%| F|  |TAMS 0x00000000e6700000| PB 0x00000000e6700000| Untracked |  0
| 104|0x00000000e6800000, 0x00000000e6800000, 0x00000000e6900000|  0%| F|  |TAMS 0x00000000e6800000| PB 0x00000000e6800000| Untracked |  0
| 105|0x00000000e6900000, 0x00000000e6900000, 0x00000000e6a00000|  0%| F|  |TAMS 0x00000000e6900000| PB 0x00000000e6900000| Untracked |  0
| 106|0x00000000e6a00000, 0x00000000e6a00000, 0x00000000e6b00000|  0%| F|  |TAMS 0x00000000e6a00000| PB 0x00000000e6a00000| Untracked |  0
| 107|0x00000000e6b00000, 0x00000000e6b00000, 0x00000000e6c00000|  0%| F|  |TAMS 0x00000000e6b00000| PB 0x00000000e6b00000| Untracked |  0
| 108|0x00000000e6c00000, 0x00000000e6c00000, 0x00000000e6d00000|  0%| F|  |TAMS 0x00000000e6c00000| PB 0x00000000e6c00000| Untracked |  0
| 109|0x00000000e6d00000, 0x00000000e6d00000, 0x00000000e6e00000|  0%| F|  |TAMS 0x00000000e6d00000| PB 0x00000000e6d00000| Untracked |  0
| 110|0x00000000e6e00000, 0x00000000e6e00000, 0x00000000e6f00000|  0%| F|  |TAMS 0x00000000e6e00000| PB 0x00000000e6e00000| Untracked |  0
| 111|0x00000000e6f00000, 0x00000000e6f00000, 0x00000000e7000000|  0%| F|  |TAMS 0x00000000e6f00000| PB 0x00000000e6f00000| Untracked |  0
| 112|0x00000000e7000000, 0x00000000e7000000, 0x00000000e7100000|  0%| F|  |TAMS 0x00000000e7000000| PB 0x00000000e7000000| Untracked |  0
| 113|0x00000000e7100000, 0x00000000e7100000, 0x00000000e7200000|  0%| F|  |TAMS 0x00000000e7100000| PB 0x00000000e7100000| Untracked |  0
| 114|0x00000000e7200000, 0x00000000e7200000, 0x00000000e7300000|  0%| F|  |TAMS 0x00000000e7200000| PB 0x00000000e7200000| Untracked |  0
| 115|0x00000000e7300000, 0x00000000e7300000, 0x00000000e7400000|  0%| F|  |TAMS 0x00000000e7300000| PB 0x00000000e7300000| Untracked |  0
| 116|0x00000000e7400000, 0x00000000e7400000, 0x00000000e7500000|  0%| F|  |TAMS 0x00000000e7400000| PB 0x00000000e7400000| Untracked |  0
| 117|0x00000000e7500000, 0x00000000e7500000, 0x00000000e7600000|  0%| F|  |TAMS 0x00000000e7500000| PB 0x00000000e7500000| Untracked |  0
| 118|0x00000000e7600000, 0x00000000e7600000, 0x00000000e7700000|  0%| F|  |TAMS 0x00000000e7600000| PB 0x00000000e7600000| Untracked |  0
| 119|0x00000000e7700000, 0x00000000e7700000, 0x00000000e7800000|  0%| F|  |TAMS 0x00000000e7700000| PB 0x00000000e7700000| Untracked |  0
| 120|0x00000000e7800000, 0x00000000e7800000, 0x00000000e7900000|  0%| F|  |TAMS 0x00000000e7800000| PB 0x00000000e7800000| Untracked |  0
| 121|0x00000000e7900000, 0x00000000e7900000, 0x00000000e7a00000|  0%| F|  |TAMS 0x00000000e7900000| PB 0x00000000e7900000| Untracked |  0
| 122|0x00000000e7a00000, 0x00000000e7a00000, 0x00000000e7b00000|  0%| F|  |TAMS 0x00000000e7a00000| PB 0x00000000e7a00000| Untracked |  0
| 123|0x00000000e7b00000, 0x00000000e7b00000, 0x00000000e7c00000|  0%| F|  |TAMS 0x00000000e7b00000| PB 0x00000000e7b00000| Untracked |  0
| 124|0x00000000e7c00000, 0x00000000e7c00000, 0x00000000e7d00000|  0%| F|  |TAMS 0x00000000e7c00000| PB 0x00000000e7c00000| Untracked |  0
| 125|0x00000000e7d00000, 0x00000000e7d00000, 0x00000000e7e00000|  0%| F|  |TAMS 0x00000000e7d00000| PB 0x00000000e7d00000| Untracked |  0
| 126|0x00000000e7e00000, 0x00000000e7e00000, 0x00000000e7f00000|  0%| F|  |TAMS 0x00000000e7e00000| PB 0x00000000e7e00000| Untracked |  0
| 127|0x00000000e7f00000, 0x00000000e7f00000, 0x00000000e8000000|  0%| F|  |TAMS 0x00000000e7f00000| PB 0x00000000e7f00000| Untracked |  0
| 128|0x00000000e8000000, 0x00000000e8000000, 0x00000000e8100000|  0%| F|  |TAMS 0x00000000e8000000| PB 0x00000000e8000000| Untracked |  0
| 129|0x00000000e8100000, 0x00000000e8100000, 0x00000000e8200000|  0%| F|  |TAMS 0x00000000e8100000| PB 0x00000000e8100000| Untracked |  0
| 130|0x00000000e8200000, 0x00000000e8300000, 0x00000000e8300000|100%| S|CS|TAMS 0x00000000e8200000| PB 0x00000000e8200000| Complete |  0
| 131|0x00000000e8300000, 0x00000000e8400000, 0x00000000e8400000|100%| S|CS|TAMS 0x00000000e8300000| PB 0x00000000e8300000| Complete |  0
| 132|0x00000000e8400000, 0x00000000e8500000, 0x00000000e8500000|100%| S|CS|TAMS 0x00000000e8400000| PB 0x00000000e8400000| Complete |  0
| 133|0x00000000e8500000, 0x00000000e8600000, 0x00000000e8600000|100%| S|CS|TAMS 0x00000000e8500000| PB 0x00000000e8500000| Complete |  0
| 134|0x00000000e8600000, 0x00000000e8700000, 0x00000000e8700000|100%| S|CS|TAMS 0x00000000e8600000| PB 0x00000000e8600000| Complete |  0
| 135|0x00000000e8700000, 0x00000000e8800000, 0x00000000e8800000|100%| S|CS|TAMS 0x00000000e8700000| PB 0x00000000e8700000| Complete |  0
| 136|0x00000000e8800000, 0x00000000e8900000, 0x00000000e8900000|100%| S|CS|TAMS 0x00000000e8800000| PB 0x00000000e8800000| Complete |  0
| 137|0x00000000e8900000, 0x00000000e8a00000, 0x00000000e8a00000|100%| S|CS|TAMS 0x00000000e8900000| PB 0x00000000e8900000| Complete |  0
| 138|0x00000000e8a00000, 0x00000000e8b00000, 0x00000000e8b00000|100%| S|CS|TAMS 0x00000000e8a00000| PB 0x00000000e8a00000| Complete |  0
| 139|0x00000000e8b00000, 0x00000000e8c00000, 0x00000000e8c00000|100%| S|CS|TAMS 0x00000000e8b00000| PB 0x00000000e8b00000| Complete |  0
| 140|0x00000000e8c00000, 0x00000000e8d00000, 0x00000000e8d00000|100%| S|CS|TAMS 0x00000000e8c00000| PB 0x00000000e8c00000| Complete |  0
| 141|0x00000000e8d00000, 0x00000000e8e00000, 0x00000000e8e00000|100%| S|CS|TAMS 0x00000000e8d00000| PB 0x00000000e8d00000| Complete |  0
| 142|0x00000000e8e00000, 0x00000000e8f00000, 0x00000000e8f00000|100%| S|CS|TAMS 0x00000000e8e00000| PB 0x00000000e8e00000| Complete |  0
| 143|0x00000000e8f00000, 0x00000000e9000000, 0x00000000e9000000|100%| S|CS|TAMS 0x00000000e8f00000| PB 0x00000000e8f00000| Complete |  0
| 144|0x00000000e9000000, 0x00000000e9000000, 0x00000000e9100000|  0%| F|  |TAMS 0x00000000e9000000| PB 0x00000000e9000000| Untracked |  0
| 145|0x00000000e9100000, 0x00000000e9100000, 0x00000000e9200000|  0%| F|  |TAMS 0x00000000e9100000| PB 0x00000000e9100000| Untracked |  0
| 146|0x00000000e9200000, 0x00000000e9200000, 0x00000000e9300000|  0%| F|  |TAMS 0x00000000e9200000| PB 0x00000000e9200000| Untracked |  0
| 147|0x00000000e9300000, 0x00000000e9300000, 0x00000000e9400000|  0%| F|  |TAMS 0x00000000e9300000| PB 0x00000000e9300000| Untracked |  0
| 148|0x00000000e9400000, 0x00000000e9400000, 0x00000000e9500000|  0%| F|  |TAMS 0x00000000e9400000| PB 0x00000000e9400000| Untracked |  0
| 149|0x00000000e9500000, 0x00000000e9500000, 0x00000000e9600000|  0%| F|  |TAMS 0x00000000e9500000| PB 0x00000000e9500000| Untracked |  0
| 150|0x00000000e9600000, 0x00000000e9600000, 0x00000000e9700000|  0%| F|  |TAMS 0x00000000e9600000| PB 0x00000000e9600000| Untracked |  0
| 151|0x00000000e9700000, 0x00000000e9700000, 0x00000000e9800000|  0%| F|  |TAMS 0x00000000e9700000| PB 0x00000000e9700000| Untracked |  0
| 152|0x00000000e9800000, 0x00000000e9800000, 0x00000000e9900000|  0%| F|  |TAMS 0x00000000e9800000| PB 0x00000000e9800000| Untracked |  0
| 153|0x00000000e9900000, 0x00000000e9900000, 0x00000000e9a00000|  0%| F|  |TAMS 0x00000000e9900000| PB 0x00000000e9900000| Untracked |  0
| 154|0x00000000e9a00000, 0x00000000e9a00000, 0x00000000e9b00000|  0%| F|  |TAMS 0x00000000e9a00000| PB 0x00000000e9a00000| Untracked |  0
| 155|0x00000000e9b00000, 0x00000000e9b00000, 0x00000000e9c00000|  0%| F|  |TAMS 0x00000000e9b00000| PB 0x00000000e9b00000| Untracked |  0
| 156|0x00000000e9c00000, 0x00000000e9c00000, 0x00000000e9d00000|  0%| F|  |TAMS 0x00000000e9c00000| PB 0x00000000e9c00000| Untracked |  0
| 157|0x00000000e9d00000, 0x00000000e9d00000, 0x00000000e9e00000|  0%| F|  |TAMS 0x00000000e9d00000| PB 0x00000000e9d00000| Untracked |  0
| 158|0x00000000e9e00000, 0x00000000e9e00000, 0x00000000e9f00000|  0%| F|  |TAMS 0x00000000e9e00000| PB 0x00000000e9e00000| Untracked |  0
| 159|0x00000000e9f00000, 0x00000000e9f00000, 0x00000000ea000000|  0%| F|  |TAMS 0x00000000e9f00000| PB 0x00000000e9f00000| Untracked |  0
| 160|0x00000000ea000000, 0x00000000ea000000, 0x00000000ea100000|  0%| F|  |TAMS 0x00000000ea000000| PB 0x00000000ea000000| Untracked |  0
| 161|0x00000000ea100000, 0x00000000ea100000, 0x00000000ea200000|  0%| F|  |TAMS 0x00000000ea100000| PB 0x00000000ea100000| Untracked |  0
| 162|0x00000000ea200000, 0x00000000ea200000, 0x00000000ea300000|  0%| F|  |TAMS 0x00000000ea200000| PB 0x00000000ea200000| Untracked |  0
| 163|0x00000000ea300000, 0x00000000ea300000, 0x00000000ea400000|  0%| F|  |TAMS 0x00000000ea300000| PB 0x00000000ea300000| Untracked |  0
| 164|0x00000000ea400000, 0x00000000ea400000, 0x00000000ea500000|  0%| F|  |TAMS 0x00000000ea400000| PB 0x00000000ea400000| Untracked |  0
| 165|0x00000000ea500000, 0x00000000ea500000, 0x00000000ea600000|  0%| F|  |TAMS 0x00000000ea500000| PB 0x00000000ea500000| Untracked |  0
| 166|0x00000000ea600000, 0x00000000ea600000, 0x00000000ea700000|  0%| F|  |TAMS 0x00000000ea600000| PB 0x00000000ea600000| Untracked |  0
| 167|0x00000000ea700000, 0x00000000ea700000, 0x00000000ea800000|  0%| F|  |TAMS 0x00000000ea700000| PB 0x00000000ea700000| Untracked |  0
| 168|0x00000000ea800000, 0x00000000ea800000, 0x00000000ea900000|  0%| F|  |TAMS 0x00000000ea800000| PB 0x00000000ea800000| Untracked |  0
| 169|0x00000000ea900000, 0x00000000ea900000, 0x00000000eaa00000|  0%| F|  |TAMS 0x00000000ea900000| PB 0x00000000ea900000| Untracked |  0
| 170|0x00000000eaa00000, 0x00000000eaa00000, 0x00000000eab00000|  0%| F|  |TAMS 0x00000000eaa00000| PB 0x00000000eaa00000| Untracked |  0
| 171|0x00000000eab00000, 0x00000000eab00000, 0x00000000eac00000|  0%| F|  |TAMS 0x00000000eab00000| PB 0x00000000eab00000| Untracked |  0
| 172|0x00000000eac00000, 0x00000000eac00000, 0x00000000ead00000|  0%| F|  |TAMS 0x00000000eac00000| PB 0x00000000eac00000| Untracked |  0
| 173|0x00000000ead00000, 0x00000000ead00000, 0x00000000eae00000|  0%| F|  |TAMS 0x00000000ead00000| PB 0x00000000ead00000| Untracked |  0
| 174|0x00000000eae00000, 0x00000000eae00000, 0x00000000eaf00000|  0%| F|  |TAMS 0x00000000eae00000| PB 0x00000000eae00000| Untracked |  0
| 175|0x00000000eaf00000, 0x00000000eaf00000, 0x00000000eb000000|  0%| F|  |TAMS 0x00000000eaf00000| PB 0x00000000eaf00000| Untracked |  0
| 176|0x00000000eb000000, 0x00000000eb000000, 0x00000000eb100000|  0%| F|  |TAMS 0x00000000eb000000| PB 0x00000000eb000000| Untracked |  0
| 177|0x00000000eb100000, 0x00000000eb100000, 0x00000000eb200000|  0%| F|  |TAMS 0x00000000eb100000| PB 0x00000000eb100000| Untracked |  0
| 178|0x00000000eb200000, 0x00000000eb200000, 0x00000000eb300000|  0%| F|  |TAMS 0x00000000eb200000| PB 0x00000000eb200000| Untracked |  0
| 179|0x00000000eb300000, 0x00000000eb300000, 0x00000000eb400000|  0%| F|  |TAMS 0x00000000eb300000| PB 0x00000000eb300000| Untracked |  0
| 180|0x00000000eb400000, 0x00000000eb400000, 0x00000000eb500000|  0%| F|  |TAMS 0x00000000eb400000| PB 0x00000000eb400000| Untracked |  0
| 181|0x00000000eb500000, 0x00000000eb500000, 0x00000000eb600000|  0%| F|  |TAMS 0x00000000eb500000| PB 0x00000000eb500000| Untracked |  0
| 182|0x00000000eb600000, 0x00000000eb600000, 0x00000000eb700000|  0%| F|  |TAMS 0x00000000eb600000| PB 0x00000000eb600000| Untracked |  0
| 183|0x00000000eb700000, 0x00000000eb700000, 0x00000000eb800000|  0%| F|  |TAMS 0x00000000eb700000| PB 0x00000000eb700000| Untracked |  0
| 184|0x00000000eb800000, 0x00000000eb800000, 0x00000000eb900000|  0%| F|  |TAMS 0x00000000eb800000| PB 0x00000000eb800000| Untracked |  0
| 185|0x00000000eb900000, 0x00000000eb900000, 0x00000000eba00000|  0%| F|  |TAMS 0x00000000eb900000| PB 0x00000000eb900000| Untracked |  0
| 186|0x00000000eba00000, 0x00000000eba00000, 0x00000000ebb00000|  0%| F|  |TAMS 0x00000000eba00000| PB 0x00000000eba00000| Untracked |  0
| 187|0x00000000ebb00000, 0x00000000ebb00000, 0x00000000ebc00000|  0%| F|  |TAMS 0x00000000ebb00000| PB 0x00000000ebb00000| Untracked |  0
| 188|0x00000000ebc00000, 0x00000000ebc00000, 0x00000000ebd00000|  0%| F|  |TAMS 0x00000000ebc00000| PB 0x00000000ebc00000| Untracked |  0
| 189|0x00000000ebd00000, 0x00000000ebd00000, 0x00000000ebe00000|  0%| F|  |TAMS 0x00000000ebd00000| PB 0x00000000ebd00000| Untracked |  0
| 190|0x00000000ebe00000, 0x00000000ebe00000, 0x00000000ebf00000|  0%| F|  |TAMS 0x00000000ebe00000| PB 0x00000000ebe00000| Untracked |  0
| 191|0x00000000ebf00000, 0x00000000ebf00000, 0x00000000ec000000|  0%| F|  |TAMS 0x00000000ebf00000| PB 0x00000000ebf00000| Untracked |  0
| 192|0x00000000ec000000, 0x00000000ec000000, 0x00000000ec100000|  0%| F|  |TAMS 0x00000000ec000000| PB 0x00000000ec000000| Untracked |  0
| 193|0x00000000ec100000, 0x00000000ec100000, 0x00000000ec200000|  0%| F|  |TAMS 0x00000000ec100000| PB 0x00000000ec100000| Untracked |  0
| 194|0x00000000ec200000, 0x00000000ec200000, 0x00000000ec300000|  0%| F|  |TAMS 0x00000000ec200000| PB 0x00000000ec200000| Untracked |  0
| 195|0x00000000ec300000, 0x00000000ec300000, 0x00000000ec400000|  0%| F|  |TAMS 0x00000000ec300000| PB 0x00000000ec300000| Untracked |  0
| 196|0x00000000ec400000, 0x00000000ec400000, 0x00000000ec500000|  0%| F|  |TAMS 0x00000000ec400000| PB 0x00000000ec400000| Untracked |  0
| 197|0x00000000ec500000, 0x00000000ec500000, 0x00000000ec600000|  0%| F|  |TAMS 0x00000000ec500000| PB 0x00000000ec500000| Untracked |  0
| 198|0x00000000ec600000, 0x00000000ec600000, 0x00000000ec700000|  0%| F|  |TAMS 0x00000000ec600000| PB 0x00000000ec600000| Untracked |  0
| 199|0x00000000ec700000, 0x00000000ec700000, 0x00000000ec800000|  0%| F|  |TAMS 0x00000000ec700000| PB 0x00000000ec700000| Untracked |  0
| 200|0x00000000ec800000, 0x00000000ec800000, 0x00000000ec900000|  0%| F|  |TAMS 0x00000000ec800000| PB 0x00000000ec800000| Untracked |  0
| 201|0x00000000ec900000, 0x00000000ec900000, 0x00000000eca00000|  0%| F|  |TAMS 0x00000000ec900000| PB 0x00000000ec900000| Untracked |  0
| 202|0x00000000eca00000, 0x00000000eca00000, 0x00000000ecb00000|  0%| F|  |TAMS 0x00000000eca00000| PB 0x00000000eca00000| Untracked |  0
| 203|0x00000000ecb00000, 0x00000000ecb00000, 0x00000000ecc00000|  0%| F|  |TAMS 0x00000000ecb00000| PB 0x00000000ecb00000| Untracked |  0
| 204|0x00000000ecc00000, 0x00000000ecc00000, 0x00000000ecd00000|  0%| F|  |TAMS 0x00000000ecc00000| PB 0x00000000ecc00000| Untracked |  0
| 205|0x00000000ecd00000, 0x00000000ecd00000, 0x00000000ece00000|  0%| F|  |TAMS 0x00000000ecd00000| PB 0x00000000ecd00000| Untracked |  0
| 206|0x00000000ece00000, 0x00000000ece00000, 0x00000000ecf00000|  0%| F|  |TAMS 0x00000000ece00000| PB 0x00000000ece00000| Untracked |  0
| 207|0x00000000ecf00000, 0x00000000ecf00000, 0x00000000ed000000|  0%| F|  |TAMS 0x00000000ecf00000| PB 0x00000000ecf00000| Untracked |  0
| 208|0x00000000ed000000, 0x00000000ed000000, 0x00000000ed100000|  0%| F|  |TAMS 0x00000000ed000000| PB 0x00000000ed000000| Untracked |  0
| 209|0x00000000ed100000, 0x00000000ed100000, 0x00000000ed200000|  0%| F|  |TAMS 0x00000000ed100000| PB 0x00000000ed100000| Untracked |  0
| 210|0x00000000ed200000, 0x00000000ed200000, 0x00000000ed300000|  0%| F|  |TAMS 0x00000000ed200000| PB 0x00000000ed200000| Untracked |  0
| 211|0x00000000ed300000, 0x00000000ed300000, 0x00000000ed400000|  0%| F|  |TAMS 0x00000000ed300000| PB 0x00000000ed300000| Untracked |  0
| 212|0x00000000ed400000, 0x00000000ed400000, 0x00000000ed500000|  0%| F|  |TAMS 0x00000000ed400000| PB 0x00000000ed400000| Untracked |  0
| 213|0x00000000ed500000, 0x00000000ed500000, 0x00000000ed600000|  0%| F|  |TAMS 0x00000000ed500000| PB 0x00000000ed500000| Untracked |  0
| 214|0x00000000ed600000, 0x00000000ed600000, 0x00000000ed700000|  0%| F|  |TAMS 0x00000000ed600000| PB 0x00000000ed600000| Untracked |  0
| 215|0x00000000ed700000, 0x00000000ed700000, 0x00000000ed800000|  0%| F|  |TAMS 0x00000000ed700000| PB 0x00000000ed700000| Untracked |  0
| 216|0x00000000ed800000, 0x00000000ed800000, 0x00000000ed900000|  0%| F|  |TAMS 0x00000000ed800000| PB 0x00000000ed800000| Untracked |  0
| 217|0x00000000ed900000, 0x00000000ed900000, 0x00000000eda00000|  0%| F|  |TAMS 0x00000000ed900000| PB 0x00000000ed900000| Untracked |  0
| 218|0x00000000eda00000, 0x00000000eda00000, 0x00000000edb00000|  0%| F|  |TAMS 0x00000000eda00000| PB 0x00000000eda00000| Untracked |  0
| 219|0x00000000edb00000, 0x00000000edb00000, 0x00000000edc00000|  0%| F|  |TAMS 0x00000000edb00000| PB 0x00000000edb00000| Untracked |  0
| 220|0x00000000edc00000, 0x00000000edc00000, 0x00000000edd00000|  0%| F|  |TAMS 0x00000000edc00000| PB 0x00000000edc00000| Untracked |  0
| 221|0x00000000edd00000, 0x00000000edd00000, 0x00000000ede00000|  0%| F|  |TAMS 0x00000000edd00000| PB 0x00000000edd00000| Untracked |  0
| 222|0x00000000ede00000, 0x00000000ede00000, 0x00000000edf00000|  0%| F|  |TAMS 0x00000000ede00000| PB 0x00000000ede00000| Untracked |  0
| 223|0x00000000edf00000, 0x00000000edf00000, 0x00000000ee000000|  0%| F|  |TAMS 0x00000000edf00000| PB 0x00000000edf00000| Untracked |  0
| 224|0x00000000ee000000, 0x00000000ee000000, 0x00000000ee100000|  0%| F|  |TAMS 0x00000000ee000000| PB 0x00000000ee000000| Untracked |  0
| 225|0x00000000ee100000, 0x00000000ee100000, 0x00000000ee200000|  0%| F|  |TAMS 0x00000000ee100000| PB 0x00000000ee100000| Untracked |  0
| 226|0x00000000ee200000, 0x00000000ee200000, 0x00000000ee300000|  0%| F|  |TAMS 0x00000000ee200000| PB 0x00000000ee200000| Untracked |  0
| 227|0x00000000ee300000, 0x00000000ee300000, 0x00000000ee400000|  0%| F|  |TAMS 0x00000000ee300000| PB 0x00000000ee300000| Untracked |  0
| 228|0x00000000ee400000, 0x00000000ee400000, 0x00000000ee500000|  0%| F|  |TAMS 0x00000000ee400000| PB 0x00000000ee400000| Untracked |  0
| 229|0x00000000ee500000, 0x00000000ee500000, 0x00000000ee600000|  0%| F|  |TAMS 0x00000000ee500000| PB 0x00000000ee500000| Untracked |  0
| 230|0x00000000ee600000, 0x00000000ee600000, 0x00000000ee700000|  0%| F|  |TAMS 0x00000000ee600000| PB 0x00000000ee600000| Untracked |  0
| 231|0x00000000ee700000, 0x00000000ee700000, 0x00000000ee800000|  0%| F|  |TAMS 0x00000000ee700000| PB 0x00000000ee700000| Untracked |  0
| 232|0x00000000ee800000, 0x00000000ee800000, 0x00000000ee900000|  0%| F|  |TAMS 0x00000000ee800000| PB 0x00000000ee800000| Untracked |  0
| 233|0x00000000ee900000, 0x00000000ee900000, 0x00000000eea00000|  0%| F|  |TAMS 0x00000000ee900000| PB 0x00000000ee900000| Untracked |  0
| 234|0x00000000eea00000, 0x00000000eea00000, 0x00000000eeb00000|  0%| F|  |TAMS 0x00000000eea00000| PB 0x00000000eea00000| Untracked |  0
| 235|0x00000000eeb00000, 0x00000000eeb00000, 0x00000000eec00000|  0%| F|  |TAMS 0x00000000eeb00000| PB 0x00000000eeb00000| Untracked |  0
| 236|0x00000000eec00000, 0x00000000eec00000, 0x00000000eed00000|  0%| F|  |TAMS 0x00000000eec00000| PB 0x00000000eec00000| Untracked |  0
| 237|0x00000000eed00000, 0x00000000eed00000, 0x00000000eee00000|  0%| F|  |TAMS 0x00000000eed00000| PB 0x00000000eed00000| Untracked |  0
| 238|0x00000000eee00000, 0x00000000eee00000, 0x00000000eef00000|  0%| F|  |TAMS 0x00000000eee00000| PB 0x00000000eee00000| Untracked |  0
| 239|0x00000000eef00000, 0x00000000eef00000, 0x00000000ef000000|  0%| F|  |TAMS 0x00000000eef00000| PB 0x00000000eef00000| Untracked |  0
| 240|0x00000000ef000000, 0x00000000ef000000, 0x00000000ef100000|  0%| F|  |TAMS 0x00000000ef000000| PB 0x00000000ef000000| Untracked |  0
| 241|0x00000000ef100000, 0x00000000ef100000, 0x00000000ef200000|  0%| F|  |TAMS 0x00000000ef100000| PB 0x00000000ef100000| Untracked |  0
| 242|0x00000000ef200000, 0x00000000ef200000, 0x00000000ef300000|  0%| F|  |TAMS 0x00000000ef200000| PB 0x00000000ef200000| Untracked |  0
| 243|0x00000000ef300000, 0x00000000ef300000, 0x00000000ef400000|  0%| F|  |TAMS 0x00000000ef300000| PB 0x00000000ef300000| Untracked |  0
| 244|0x00000000ef400000, 0x00000000ef400000, 0x00000000ef500000|  0%| F|  |TAMS 0x00000000ef400000| PB 0x00000000ef400000| Untracked |  0
| 245|0x00000000ef500000, 0x00000000ef500000, 0x00000000ef600000|  0%| F|  |TAMS 0x00000000ef500000| PB 0x00000000ef500000| Untracked |  0
| 246|0x00000000ef600000, 0x00000000ef600000, 0x00000000ef700000|  0%| F|  |TAMS 0x00000000ef600000| PB 0x00000000ef600000| Untracked |  0
| 247|0x00000000ef700000, 0x00000000ef77cc68, 0x00000000ef800000| 48%| E|  |TAMS 0x00000000ef700000| PB 0x00000000ef700000| Complete |  0
| 248|0x00000000ef800000, 0x00000000ef900000, 0x00000000ef900000|100%| E|  |TAMS 0x00000000ef800000| PB 0x00000000ef800000| Complete |  0
| 249|0x00000000ef900000, 0x00000000efa00000, 0x00000000efa00000|100%| E|CS|TAMS 0x00000000ef900000| PB 0x00000000ef900000| Complete |  0
| 250|0x00000000efa00000, 0x00000000efb00000, 0x00000000efb00000|100%| E|CS|TAMS 0x00000000efa00000| PB 0x00000000efa00000| Complete |  0
| 251|0x00000000efb00000, 0x00000000efc00000, 0x00000000efc00000|100%| E|CS|TAMS 0x00000000efb00000| PB 0x00000000efb00000| Complete |  0
| 252|0x00000000efc00000, 0x00000000efd00000, 0x00000000efd00000|100%| E|CS|TAMS 0x00000000efc00000| PB 0x00000000efc00000| Complete |  0
| 253|0x00000000efd00000, 0x00000000efe00000, 0x00000000efe00000|100%| E|CS|TAMS 0x00000000efd00000| PB 0x00000000efd00000| Complete |  0
| 254|0x00000000efe00000, 0x00000000eff00000, 0x00000000eff00000|100%| E|CS|TAMS 0x00000000efe00000| PB 0x00000000efe00000| Complete |  0
| 255|0x00000000eff00000, 0x00000000f0000000, 0x00000000f0000000|100%| E|CS|TAMS 0x00000000eff00000| PB 0x00000000eff00000| Complete |  0
| 510|0x00000000ffe00000, 0x00000000fff00000, 0x00000000fff00000|100%| O|  |TAMS 0x00000000ffe00000| PB 0x00000000ffe00000| Untracked |  0
| 511|0x00000000fff00000, 0x00000000fff1c288, 0x0000000100000000| 10%| O|  |TAMS 0x00000000fff00000| PB 0x00000000fff00000| Untracked |  0

Card table byte_map: [0x00000228bde70000,0x00000228bdf70000] _byte_map_base: 0x00000228bd770000

Marking Bits: (CMBitMap*) 0x00000228a5e8ba80
 Bits: [0x00000228bdf70000, 0x00000228be770000)

Polling page: 0x00000228a3ce0000

Metaspace:

Usage:
  Non-class:     14.17 MB used.
      Class:      1.67 MB used.
       Both:     15.84 MB used.

Virtual space:
  Non-class space:       64.00 MB reserved,      14.44 MB ( 23%) committed,  1 nodes.
      Class space:      320.00 MB reserved,       1.94 MB ( <1%) committed,  1 nodes.
             Both:      384.00 MB reserved,      16.38 MB (  4%) committed. 

Chunk freelists:
   Non-Class:  1.28 MB
       Class:  13.98 MB
        Both:  15.27 MB

MaxMetaspaceSize: 384.00 MB
CompressedClassSpaceSize: 320.00 MB
Initial GC threshold: 21.00 MB
Current GC threshold: 21.00 MB
CDS: on
 - commit_granule_bytes: 65536.
 - commit_granule_words: 8192.
 - virtual_space_node_default_size: 8388608.
 - enlarge_chunks_in_place: 1.
UseCompressedClassPointers 1, UseCompactObjectHeaders 0
Narrow klass pointer bits 32, Max shift 3
Narrow klass base: 0x00000228c2000000, Narrow klass shift: 0
Encoding Range: [0x00000228c2000000 - 0x00000229c2000000), (4294967296 bytes)
Klass Range:    [0x00000228c2000000 - 0x00000228d7000000), (352321536 bytes)
Klass ID Range:  [8 - 352321529) (352321521)


Internal statistics:

num_allocs_failed_limit: 0.
num_arena_births: 586.
num_arena_deaths: 0.
num_vsnodes_births: 2.
num_vsnodes_deaths: 0.
num_space_committed: 262.
num_space_uncommitted: 0.
num_chunks_returned_to_freelist: 0.
num_chunks_taken_from_freelist: 1137.
num_chunk_merges: 0.
num_chunk_splits: 738.
num_chunks_enlarged: 507.
num_inconsistent_stats: 0.

CodeHeap 'non-profiled nmethods': size=120064Kb used=1130Kb max_used=1130Kb free=118933Kb
 bounds [0x00000228b61c0000, 0x00000228b6430000, 0x00000228bd700000]
CodeHeap 'profiled nmethods': size=120000Kb used=5189Kb max_used=5189Kb free=114810Kb
 bounds [0x00000228ae700000, 0x00000228aec20000, 0x00000228b5c30000]
CodeHeap 'non-nmethods': size=5696Kb used=1550Kb max_used=1589Kb free=4145Kb
 bounds [0x00000228b5c30000, 0x00000228b5ea0000, 0x00000228b61c0000]
CodeCache: size=245760Kb, used=7869Kb, max_used=7908Kb, free=237888Kb
 total_blobs=3575, nmethods=2996, adapters=483, full_count=0
Compilation: enabled, stopped_count=0, restarted_count=0

Compilation events (20 events):
Event: 3.055 Thread 0x00000228c13c1b90 2965       3       java.lang.invoke.MethodHandles$Lookup::makeHiddenClassDefiner (15 bytes)
Event: 3.055 Thread 0x00000228c13c1b90 nmethod 2965 0x00000228aebfc108 code [0x00000228aebfc240, 0x00000228aebfc4f8]
Event: 3.055 Thread 0x00000228c13c1b90 2967       3       java.lang.invoke.InvokerBytecodeGenerator::loadMethod (36 bytes)
Event: 3.055 Thread 0x00000228c13c1b90 nmethod 2967 0x00000228aebfc588 code [0x00000228aebfc6e0, 0x00000228aebfca60]
Event: 3.056 Thread 0x00000228c13c1b90 2968       3       java.util.ArrayList::getFirst (21 bytes)
Event: 3.056 Thread 0x00000228c13c1b90 nmethod 2968 0x00000228aebfca88 code [0x00000228aebfcbc0, 0x00000228aebfce70]
Event: 3.059 Thread 0x00000228c13c1b90 2970       3       java.io.WinNTFileSystem::normalize (148 bytes)
Event: 3.059 Thread 0x00000228c13c1b90 nmethod 2970 0x00000228aebfcf08 code [0x00000228aebfd100, 0x00000228aebfdd88]
Event: 3.061 Thread 0x00000228c13c1b90 2971       3       java.util.jar.JarFile$JarFileEntry::getRealName (5 bytes)
Event: 3.061 Thread 0x00000228c13c1b90 nmethod 2971 0x00000228aebfde08 code [0x00000228aebfdf20, 0x00000228aebfe040]
Event: 3.063 Thread 0x00000228c13c1b90 2972       3       java.lang.invoke.MemberName$Factory::resolveOrNull (54 bytes)
Event: 3.063 Thread 0x00000228c13c1b90 nmethod 2972 0x00000228aebfe108 code [0x00000228aebfe240, 0x00000228aebfe548]
Event: 3.065 Thread 0x00000228c13c1b90 2973       3       java.lang.Package$VersionInfo::<init> (44 bytes)
Event: 3.066 Thread 0x00000228c13c1b90 nmethod 2973 0x00000228aebfe588 code [0x00000228aebfe6c0, 0x00000228aebfeab8]
Event: 3.088 Thread 0x00000228c13c1b90 2975       3       jdk.internal.classfile.impl.StackMapGenerator::processLdc (303 bytes)
Event: 3.090 Thread 0x00000228c13c1b90 nmethod 2975 0x00000228aebfeb08 code [0x00000228aebfef60, 0x00000228aec01a78]
Event: 3.090 Thread 0x00000228c13c1b90 2977       3       java.lang.invoke.InvokerBytecodeGenerator$4$1::accept (854 bytes)
Event: 3.092 Thread 0x00000228c13c1b90 nmethod 2977 0x00000228aec01b88 code [0x00000228aec02060, 0x00000228aec04c60]
Event: 3.092 Thread 0x00000228c13c1b90 2976       3       java.lang.invoke.LambdaForm$Name::<init> (20 bytes)
Event: 3.092 Thread 0x00000228c13c1b90 nmethod 2976 0x00000228aec04e08 code [0x00000228aec04fa0, 0x00000228aec059e0]

GC Heap History (4 events):
Event: 1.150 GC heap before
{Heap before GC invocations=0 (full 0):
 garbage-first heap   total reserved 524288K, committed 264192K, used 52336K [0x00000000e0000000, 0x0000000100000000)
  region size 1024K, 47 young (48128K), 0 survivors (0K)
 Metaspace       used 4411K, committed 4672K, reserved 393216K
  class space    used 384K, committed 512K, reserved 327680K
}
Event: 1.158 GC heap after
{Heap after GC invocations=1 (full 0):
 garbage-first heap   total reserved 524288K, committed 264192K, used 11688K [0x00000000e0000000, 0x0000000100000000)
  region size 1024K, 6 young (6144K), 6 survivors (6144K)
 Metaspace       used 4411K, committed 4672K, reserved 393216K
  class space    used 384K, committed 512K, reserved 327680K
}
Event: 2.980 GC heap before
{Heap before GC invocations=1 (full 0):
 garbage-first heap   total reserved 524288K, committed 264192K, used 121256K [0x00000000e0000000, 0x0000000100000000)
  region size 1024K, 112 young (114688K), 6 survivors (6144K)
 Metaspace       used 15022K, committed 15488K, reserved 393216K
  class space    used 1568K, committed 1792K, reserved 327680K
}
Event: 2.993 GC heap after
{Heap after GC invocations=2 (full 0):
 garbage-first heap   total reserved 524288K, committed 264192K, used 21410K [0x00000000e0000000, 0x0000000100000000)
  region size 1024K, 14 young (14336K), 14 survivors (14336K)
 Metaspace       used 15022K, committed 15488K, reserved 393216K
  class space    used 1568K, committed 1792K, reserved 327680K
}

Dll operation events (15 events):
Event: 0.011 Loaded shared library C:\Users\vuquo\.jdks\openjdk-24.0.1\bin\java.dll
Event: 0.044 Loaded shared library C:\Users\vuquo\.jdks\openjdk-24.0.1\bin\jsvml.dll
Event: 0.080 Loaded shared library C:\Users\vuquo\.jdks\openjdk-24.0.1\bin\zip.dll
Event: 0.083 Loaded shared library C:\Users\vuquo\.jdks\openjdk-24.0.1\bin\instrument.dll
Event: 0.087 Loaded shared library C:\Users\vuquo\.jdks\openjdk-24.0.1\bin\net.dll
Event: 0.089 Loaded shared library C:\Users\vuquo\.jdks\openjdk-24.0.1\bin\nio.dll
Event: 0.090 Loaded shared library C:\Users\vuquo\.jdks\openjdk-24.0.1\bin\zip.dll
Event: 0.317 Loaded shared library C:\Users\vuquo\.jdks\openjdk-24.0.1\bin\jimage.dll
Event: 0.407 Loaded shared library C:\Users\vuquo\.jdks\openjdk-24.0.1\bin\verify.dll
Event: 0.680 Loaded shared library C:\Users\vuquo\.gradle\native\1def1411415f61bf3af743bc5b6707747c0891f09f0c88961ee8f79bc544acac\windows-amd64\native-platform.dll
Event: 0.714 Loaded shared library C:\Users\vuquo\.gradle\native\0.2.7\x86_64-windows-gnu\gradle-fileevents.dll
Event: 2.099 Loaded shared library C:\Users\vuquo\.jdks\openjdk-24.0.1\bin\management.dll
Event: 2.102 Loaded shared library C:\Users\vuquo\.jdks\openjdk-24.0.1\bin\management_ext.dll
Event: 2.251 Loaded shared library C:\Users\vuquo\.jdks\openjdk-24.0.1\bin\extnet.dll
Event: 2.508 Loaded shared library C:\Users\vuquo\.jdks\openjdk-24.0.1\bin\sunmscapi.dll

Deoptimization events (20 events):
Event: 2.741 Thread 0x00000228dc832290 Uncommon trap: trap_request=0xffffff4d fr.pc=0x00000228b6299af8 relative=0x0000000000000498
Event: 2.741 Thread 0x00000228dc832290 Uncommon trap: reason=unstable_if action=reinterpret pc=0x00000228b6299af8 method=java.util.HashMap.getNode(Ljava/lang/Object;)Ljava/util/HashMap$Node; @ 66 c2
Event: 2.741 Thread 0x00000228dc832290 DEOPT PACKING pc=0x00000228b6299af8 sp=0x000000b5562fc120
Event: 2.741 Thread 0x00000228dc832290 DEOPT UNPACKING pc=0x00000228b5d57702 sp=0x000000b5562fc040 mode 2
Event: 2.741 Thread 0x00000228dc832290 Uncommon trap: trap_request=0xffffff4d fr.pc=0x00000228b6299080 relative=0x0000000000000420
Event: 2.741 Thread 0x00000228dc832290 Uncommon trap: reason=unstable_if action=reinterpret pc=0x00000228b6299080 method=java.util.HashMap.getNode(Ljava/lang/Object;)Ljava/util/HashMap$Node; @ 66 c2
Event: 2.741 Thread 0x00000228dc832290 DEOPT PACKING pc=0x00000228b6299080 sp=0x000000b5562fc0c0
Event: 2.741 Thread 0x00000228dc832290 DEOPT UNPACKING pc=0x00000228b5d57702 sp=0x000000b5562fc040 mode 2
Event: 2.749 Thread 0x00000228dc832290 Uncommon trap: trap_request=0xffffff4d fr.pc=0x00000228b623ac94 relative=0x0000000000000254
Event: 2.749 Thread 0x00000228dc832290 Uncommon trap: reason=unstable_if action=reinterpret pc=0x00000228b623ac94 method=java.util.concurrent.ConcurrentHashMap.get(Ljava/lang/Object;)Ljava/lang/Object; @ 76 c2
Event: 2.749 Thread 0x00000228dc832290 DEOPT PACKING pc=0x00000228b623ac94 sp=0x000000b5562fb770
Event: 2.750 Thread 0x00000228dc832290 DEOPT UNPACKING pc=0x00000228b5d57702 sp=0x000000b5562fb6e8 mode 2
Event: 3.057 Thread 0x00000228dc832290 Uncommon trap: trap_request=0xffffff4d fr.pc=0x00000228b61e47f4 relative=0x0000000000000c14
Event: 3.057 Thread 0x00000228dc832290 Uncommon trap: reason=unstable_if action=reinterpret pc=0x00000228b61e47f4 method=java.io.WinNTFileSystem.resolve(Ljava/lang/String;Ljava/lang/String;)Ljava/lang/String; @ 42 c2
Event: 3.057 Thread 0x00000228dc832290 DEOPT PACKING pc=0x00000228b61e47f4 sp=0x000000b5562fb160
Event: 3.057 Thread 0x00000228dc832290 DEOPT UNPACKING pc=0x00000228b5d57702 sp=0x000000b5562fb0d8 mode 2
Event: 3.058 Thread 0x00000228dc832290 Uncommon trap: trap_request=0xffffff4d fr.pc=0x00000228b61ee640 relative=0x0000000000000580
Event: 3.058 Thread 0x00000228dc832290 Uncommon trap: reason=unstable_if action=reinterpret pc=0x00000228b61ee640 method=java.io.File.getName()Ljava/lang/String; @ 16 c2
Event: 3.058 Thread 0x00000228dc832290 DEOPT PACKING pc=0x00000228b61ee640 sp=0x000000b5562fb130
Event: 3.058 Thread 0x00000228dc832290 DEOPT UNPACKING pc=0x00000228b5d57702 sp=0x000000b5562fb100 mode 2

Classes loaded (20 events):
Event: 2.955 Loading class java/util/concurrent/ArrayBlockingQueue
Event: 2.955 Loading class java/util/concurrent/ArrayBlockingQueue done
Event: 2.956 Loading class java/util/concurrent/locks/ReentrantLock$FairSync
Event: 2.956 Loading class java/util/concurrent/locks/ReentrantLock$FairSync done
Event: 2.960 Loading class java/net/DatagramPacket
Event: 2.961 Loading class java/net/DatagramPacket done
Event: 2.961 Loading class sun/nio/ch/DatagramChannelImpl$DatagramPackets
Event: 2.961 Loading class sun/nio/ch/DatagramChannelImpl$DatagramPackets done
Event: 3.020 Loading class sun/security/provider/MD5
Event: 3.020 Loading class sun/security/provider/MD5 done
Event: 3.020 Loading class sun/security/provider/SHA5$SHA512
Event: 3.021 Loading class sun/security/provider/SHA5
Event: 3.021 Loading class sun/security/provider/SHA5 done
Event: 3.021 Loading class sun/security/provider/SHA5$SHA512 done
Event: 3.023 Loading class sun/security/provider/ByteArrayAccess$LE
Event: 3.023 Loading class sun/security/provider/ByteArrayAccess$LE done
Event: 3.058 Loading class java/io/File$TempDirectory
Event: 3.058 Loading class java/io/File$TempDirectory done
Event: 3.092 Loading class java/util/concurrent/Semaphore
Event: 3.092 Loading class java/util/concurrent/Semaphore done

Classes unloaded (0 events):
No events

Classes redefined (0 events):
No events

Internal exceptions (20 events):
Event: 2.447 Thread 0x00000228a5e5e810 Exception <a 'java/lang/NoSuchMethodError'{0x00000000eb26e048}: 'int java.lang.invoke.DirectMethodHandle$Holder.invokeStatic(java.lang.Object, int, java.lang.Object)'> (0x00000000eb26e048) 
thrown [s\open\src\hotspot\share\interpreter\linkResolver.cpp, line 805]
Event: 2.452 Thread 0x00000228a5e5e810 Exception <a 'java/io/IOException'{0x00000000eb2ae4e0}> (0x00000000eb2ae4e0) 
thrown [s\open\src\hotspot\share\prims\jni.cpp, line 518]
Event: 2.467 Thread 0x00000228a5e5e810 Implicit null exception at 0x00000228b6215b94 to 0x00000228b62160f4
Event: 2.471 Thread 0x00000228a5e5e810 Exception <a 'java/lang/NoSuchMethodError'{0x00000000eb135ae0}: 'java.lang.Object java.lang.invoke.DirectMethodHandle$Holder.newInvokeSpecial(java.lang.Object, java.lang.Object, java.lang.Object, java.lang.Object, java.lang.Object)'> (0x00000000eb135ae0) 
thrown [s\open\src\hotspot\share\interpreter\linkResolver.cpp, line 805]
Event: 2.650 Thread 0x00000228dc832290 Exception <a 'java/lang/NoSuchMethodError'{0x00000000ea555168}: 'long java.lang.invoke.DirectMethodHandle$Holder.invokeInterface(java.lang.Object, java.lang.Object)'> (0x00000000ea555168) 
thrown [s\open\src\hotspot\share\interpreter\linkResolver.cpp, line 805]
Event: 2.713 Thread 0x00000228dc832290 Exception <a 'java/lang/NoSuchMethodError'{0x00000000ea13fa90}: 'void java.lang.invoke.DirectMethodHandle$Holder.invokeStatic(java.lang.Object, java.lang.Object)'> (0x00000000ea13fa90) 
thrown [s\open\src\hotspot\share\interpreter\linkResolver.cpp, line 805]
Event: 2.717 Thread 0x00000228dc832290 Exception <a 'java/lang/NoSuchMethodError'{0x00000000ea1a4048}: 'java.lang.Object java.lang.invoke.DirectMethodHandle$Holder.invokeVirtual(java.lang.Object, java.lang.Object, java.lang.Object, java.lang.Object, java.lang.Object, java.lang.Object, java.lang.Object, java.lang.Object, java.lang.Object, java.lang.Object, java.lang.Object, java.lang.Object)'> (0x00000000ea1a4048) 
thrown [s\open\src\hotspot\share\interpreter\linkResolver.cpp, line 805]
Event: 2.753 Thread 0x00000228dc832290 Exception <a 'java/lang/NoSuchMethodError'{0x00000000e9fd4130}: 'int java.lang.invoke.DirectMethodHandle$Holder.invokeVirtual(java.lang.Object, java.lang.Object, java.lang.Object)'> (0x00000000e9fd4130) 
thrown [s\open\src\hotspot\share\interpreter\linkResolver.cpp, line 805]
Event: 2.785 Thread 0x00000228dc832290 Exception <a 'java/lang/NoSuchMethodError'{0x00000000e9c4d6c8}: 'java.lang.Object java.lang.invoke.DirectMethodHandle$Holder.newInvokeSpecial(java.lang.Object, java.lang.Object, java.lang.Object, java.lang.Object, java.lang.Object, java.lang.Object)'> (0x00000000e9c4d6c8) 
thrown [s\open\src\hotspot\share\interpreter\linkResolver.cpp, line 805]
Event: 2.844 Thread 0x00000228dc832290 Exception <a 'java/lang/NoSuchMethodError'{0x00000000e99ad8d0}: 'void java.lang.invoke.DelegatingMethodHandle$Holder.reinvoke_L(java.lang.Object, java.lang.Object, java.lang.Object, java.lang.Object, java.lang.Object, java.lang.Object, java.lang.Object, java.lang.Object, java.lang.Object, java.lang.Object)'> (0x00000000e99ad8d0) 
thrown [s\open\src\hotspot\share\interpreter\linkResolver.cpp, line 805]
Event: 2.844 Thread 0x00000228dc832290 Exception <a 'java/lang/NoSuchMethodError'{0x00000000e99be7c0}: 'java.lang.Object java.lang.invoke.Invokers$Holder.invoker(java.lang.Object, java.lang.Object, java.lang.Object, java.lang.Object, java.lang.Object, java.lang.Object, java.lang.Object, java.lang.Object, java.lang.Object, java.lang.Object)'> (0x00000000e99be7c0) 
thrown [s\open\src\hotspot\share\interpreter\linkResolver.cpp, line 805]
Event: 2.940 Thread 0x00000228dc832290 Exception <a 'java/lang/NoSuchMethodError'{0x00000000e936fbb8}: 'void java.lang.invoke.DirectMethodHandle$Holder.invokeInterface(java.lang.Object, java.lang.Object)'> (0x00000000e936fbb8) 
thrown [s\open\src\hotspot\share\interpreter\linkResolver.cpp, line 805]
Event: 2.941 Thread 0x00000228dc832290 Exception <a 'java/lang/IncompatibleClassChangeError'{0x00000000e9377d98}: Found class java.lang.Object, but interface was expected> (0x00000000e9377d98) 
thrown [s\open\src\hotspot\share\interpreter\linkResolver.cpp, line 872]
Event: 2.957 Thread 0x00000228dc832290 Exception <a 'java/lang/NoSuchMethodError'{0x00000000e92b7610}: 'java.lang.Object java.lang.invoke.DirectMethodHandle$Holder.newInvokeSpecial(java.lang.Object, java.lang.Object, int)'> (0x00000000e92b7610) 
thrown [s\open\src\hotspot\share\interpreter\linkResolver.cpp, line 805]
Event: 3.032 Thread 0x00000228dc832290 Exception <a 'java/lang/NoSuchMethodError'{0x00000000efd75490}: 'java.lang.Object java.lang.invoke.DirectMethodHandle$Holder.invokeVirtual(java.lang.Object, java.lang.Object, java.lang.Object, java.lang.Object, java.lang.Object, java.lang.Object, java.lang.Object, java.lang.Object)'> (0x00000000efd75490) 
thrown [s\open\src\hotspot\share\interpreter\linkResolver.cpp, line 805]
Event: 3.050 Thread 0x00000228dc832290 Exception <a 'java/lang/NoSuchMethodError'{0x00000000efc21cb8}: 'java.lang.Object java.lang.invoke.Invokers$Holder.invoker(java.lang.Object, java.lang.Object)'> (0x00000000efc21cb8) 
thrown [s\open\src\hotspot\share\interpreter\linkResolver.cpp, line 805]
Event: 3.054 Thread 0x00000228dc832290 Exception <a 'java/lang/NoSuchMethodError'{0x00000000efc52968}: 'java.lang.Object java.lang.invoke.DirectMethodHandle$Holder.invokeVirtual(java.lang.Object, java.lang.Object, java.lang.Object, java.lang.Object, java.lang.Object, java.lang.Object, java.lang.Object, java.lang.Object, java.lang.Object, java.lang.Object)'> (0x00000000efc52968) 
thrown [s\open\src\hotspot\share\interpreter\linkResolver.cpp, line 805]
Event: 3.063 Thread 0x00000228dc832290 Exception <a 'java/lang/NoSuchMethodError'{0x00000000efb16cd8}: 'void java.lang.invoke.DirectMethodHandle$Holder.invokeStatic(java.lang.Object, java.lang.Object, java.lang.Object, java.lang.Object)'> (0x00000000efb16cd8) 
thrown [s\open\src\hotspot\share\interpreter\linkResolver.cpp, line 805]
Event: 3.063 Thread 0x00000228dc832290 Exception <a 'java/lang/NoSuchMethodError'{0x00000000efb1f6a8}: 'void java.lang.invoke.DirectMethodHandle$Holder.invokeStaticInit(java.lang.Object, java.lang.Object, java.lang.Object, java.lang.Object)'> (0x00000000efb1f6a8) 
thrown [s\open\src\hotspot\share\interpreter\linkResolver.cpp, line 805]
Event: 3.070 Thread 0x00000228dc832290 Exception <a 'java/lang/NoSuchMethodError'{0x00000000efb789a0}: 'java.lang.Object java.lang.invoke.DirectMethodHandle$Holder.invokeInterface(java.lang.Object, java.lang.Object, java.lang.Object)'> (0x00000000efb789a0) 
thrown [s\open\src\hotspot\share\interpreter\linkResolver.cpp, line 805]

VM Operations (20 events):
Event: 2.030 Executing VM operation: HandshakeAllThreads (Deoptimize)
Event: 2.030 Executing VM operation: HandshakeAllThreads (Deoptimize) done
Event: 2.031 Executing VM operation: HandshakeAllThreads (Deoptimize)
Event: 2.031 Executing VM operation: HandshakeAllThreads (Deoptimize) done
Event: 2.058 Executing VM operation: HandshakeAllThreads (Deoptimize)
Event: 2.058 Executing VM operation: HandshakeAllThreads (Deoptimize) done
Event: 2.142 Executing VM operation: HandshakeAllThreads (Deoptimize)
Event: 2.142 Executing VM operation: HandshakeAllThreads (Deoptimize) done
Event: 2.269 Executing VM operation: HandshakeAllThreads (Deoptimize)
Event: 2.270 Executing VM operation: HandshakeAllThreads (Deoptimize) done
Event: 2.310 Executing VM operation: HandshakeAllThreads (Deoptimize)
Event: 2.310 Executing VM operation: HandshakeAllThreads (Deoptimize) done
Event: 2.368 Executing VM operation: HandshakeAllThreads (Deoptimize)
Event: 2.368 Executing VM operation: HandshakeAllThreads (Deoptimize) done
Event: 2.480 Executing VM operation: HandshakeAllThreads (Deoptimize)
Event: 2.480 Executing VM operation: HandshakeAllThreads (Deoptimize) done
Event: 2.814 Executing VM operation: HandshakeAllThreads (Deoptimize)
Event: 2.814 Executing VM operation: HandshakeAllThreads (Deoptimize) done
Event: 2.980 Executing VM operation: G1CollectForAllocation (G1 Evacuation Pause)
Event: 2.993 Executing VM operation: G1CollectForAllocation (G1 Evacuation Pause) done

Memory protections (0 events):
No events

Nmethod flushes (0 events):
No events

Events (20 events):
Event: 0.041 Thread 0x00000228a5e5e810 Thread added: 0x00000228c13afcd0
Event: 0.041 Thread 0x00000228a5e5e810 Thread added: 0x00000228c13b0930
Event: 0.042 Thread 0x00000228a5e5e810 Thread added: 0x00000228c13beda0
Event: 0.042 Thread 0x00000228a5e5e810 Thread added: 0x00000228c13c1b90
Event: 0.086 Thread 0x00000228a5e5e810 Thread added: 0x00000228c162cc20
Event: 0.107 Thread 0x00000228a5e5e810 Thread added: 0x00000228c162b630
Event: 2.046 Thread 0x00000228c13c1b90 Thread added: 0x00000228dbc5fc00
Event: 2.145 Thread 0x00000228a5e5e810 Thread added: 0x00000228dc70e2e0
Event: 2.394 Thread 0x00000228a5e5e810 Thread added: 0x00000228dc70ea30
Event: 2.475 Thread 0x00000228a5e5e810 Thread added: 0x00000228dc711610
Event: 2.519 Thread 0x00000228dc70ea30 Thread added: 0x00000228dc70f8d0
Event: 2.522 Thread 0x00000228dc70f8d0 Thread added: 0x00000228dc710020
Event: 2.561 Thread 0x00000228dc70f8d0 Thread added: 0x00000228dc710770
Event: 2.573 Thread 0x00000228dc70f8d0 Thread added: 0x00000228dc832290
Event: 2.583 Thread 0x00000228dc832290 Thread added: 0x00000228dc82f6b0
Event: 2.602 Thread 0x00000228dc832290 Thread added: 0x00000228dc82e810
Event: 2.604 Thread 0x00000228dc832290 Thread added: 0x00000228dc834720
Event: 2.956 Thread 0x00000228dc832290 Thread added: 0x00000228dc82ef60
Event: 2.960 Thread 0x00000228dc832290 Thread added: 0x00000228dc82fe00
Event: 3.015 Thread 0x00000228dc832290 Thread added: 0x00000228dc8355c0


Dynamic libraries:
0x00007ff6a03a0000 - 0x00007ff6a03ae000 	C:\Users\vuquo\.jdks\openjdk-24.0.1\bin\java.exe
0x00007fff66d70000 - 0x00007fff66f87000 	C:\Windows\SYSTEM32\ntdll.dll
0x00007fff65700000 - 0x00007fff657c4000 	C:\Windows\System32\KERNEL32.DLL
0x00007fff640a0000 - 0x00007fff6444d000 	C:\Windows\System32\KERNELBASE.dll
0x00007fff648f0000 - 0x00007fff64a01000 	C:\Windows\System32\ucrtbase.dll
0x00007fff59750000 - 0x00007fff59766000 	C:\Users\vuquo\.jdks\openjdk-24.0.1\bin\jli.dll
0x00007fff59080000 - 0x00007fff5909b000 	C:\Users\vuquo\.jdks\openjdk-24.0.1\bin\VCRUNTIME140.dll
0x00007fff650d0000 - 0x00007fff6527e000 	C:\Windows\System32\USER32.dll
0x00007fff64660000 - 0x00007fff64686000 	C:\Windows\System32\win32u.dll
0x00007fff58a10000 - 0x00007fff58ca3000 	C:\Windows\WinSxS\amd64_microsoft.windows.common-controls_6595b64144ccf1df_6.0.22621.3672_none_2713b9d173822955\COMCTL32.dll
0x00007fff65860000 - 0x00007fff65889000 	C:\Windows\System32\GDI32.dll
0x00007fff66630000 - 0x00007fff666d7000 	C:\Windows\System32\msvcrt.dll
0x00007fff64450000 - 0x00007fff64569000 	C:\Windows\System32\gdi32full.dll
0x00007fff64a10000 - 0x00007fff64aaa000 	C:\Windows\System32\msvcp_win.dll
0x00007fff657d0000 - 0x00007fff65801000 	C:\Windows\System32\IMM32.DLL
0x00007fff59070000 - 0x00007fff5907c000 	C:\Users\vuquo\.jdks\openjdk-24.0.1\bin\vcruntime140_1.dll
0x00007fff58ef0000 - 0x00007fff58f7e000 	C:\Users\vuquo\.jdks\openjdk-24.0.1\bin\msvcp140.dll
0x00007ffee1460000 - 0x00007ffee2202000 	C:\Users\vuquo\.jdks\openjdk-24.0.1\bin\server\jvm.dll
0x00007fff65280000 - 0x00007fff65332000 	C:\Windows\System32\ADVAPI32.dll
0x00007fff654f0000 - 0x00007fff65599000 	C:\Windows\System32\sechost.dll
0x00007fff64570000 - 0x00007fff64598000 	C:\Windows\System32\bcrypt.dll
0x00007fff65340000 - 0x00007fff65454000 	C:\Windows\System32\RPCRT4.dll
0x00007fff64ab0000 - 0x00007fff64b21000 	C:\Windows\System32\WS2_32.dll
0x00007fff59bf0000 - 0x00007fff59bfa000 	C:\Windows\SYSTEM32\VERSION.dll
0x00007fff58ea0000 - 0x00007fff58ed4000 	C:\Windows\SYSTEM32\WINMM.dll
0x00007fff62f00000 - 0x00007fff62f4d000 	C:\Windows\SYSTEM32\POWRPROF.dll
0x00007fff62ee0000 - 0x00007fff62ef3000 	C:\Windows\SYSTEM32\UMPDC.dll
0x00007fff631a0000 - 0x00007fff631b8000 	C:\Windows\SYSTEM32\kernel.appcore.dll
0x00007fff59060000 - 0x00007fff5906a000 	C:\Users\vuquo\.jdks\openjdk-24.0.1\bin\jimage.dll
0x00007fff61180000 - 0x00007fff613b2000 	C:\Windows\SYSTEM32\DBGHELP.DLL
0x00007fff64b30000 - 0x00007fff64eb8000 	C:\Windows\System32\combase.dll
0x00007fff65c30000 - 0x00007fff65d07000 	C:\Windows\System32\OLEAUT32.dll
0x00007fff584d0000 - 0x00007fff58502000 	C:\Windows\SYSTEM32\dbgcore.DLL
0x00007fff64870000 - 0x00007fff648eb000 	C:\Windows\System32\bcryptPrimitives.dll
0x00007fff59050000 - 0x00007fff5905f000 	C:\Users\vuquo\.jdks\openjdk-24.0.1\bin\instrument.dll
0x00007fff59030000 - 0x00007fff5904e000 	C:\Users\vuquo\.jdks\openjdk-24.0.1\bin\java.dll
0x00007fff65900000 - 0x00007fff65aa5000 	C:\Windows\System32\ole32.dll
0x00007fff65dd0000 - 0x00007fff6662f000 	C:\Windows\System32\SHELL32.dll
0x00007fff61fb0000 - 0x00007fff628ac000 	C:\Windows\SYSTEM32\windows.storage.dll
0x00007fff61e70000 - 0x00007fff61faf000 	C:\Windows\SYSTEM32\wintypes.dll
0x00007fff64f20000 - 0x00007fff65014000 	C:\Windows\System32\SHCORE.dll
0x00007fff64ec0000 - 0x00007fff64f1e000 	C:\Windows\System32\shlwapi.dll
0x00007fff63fd0000 - 0x00007fff63ff1000 	C:\Windows\SYSTEM32\profapi.dll
0x00007fff234d0000 - 0x00007fff235a7000 	C:\Users\vuquo\.jdks\openjdk-24.0.1\bin\jsvml.dll
0x00007fff59010000 - 0x00007fff59027000 	C:\Users\vuquo\.jdks\openjdk-24.0.1\bin\zip.dll
0x00007fff58ee0000 - 0x00007fff58ef0000 	C:\Users\vuquo\.jdks\openjdk-24.0.1\bin\net.dll
0x00007fff63610000 - 0x00007fff63679000 	C:\Windows\system32\mswsock.dll
0x00007fff44560000 - 0x00007fff44576000 	C:\Users\vuquo\.jdks\openjdk-24.0.1\bin\nio.dll
0x00007fff568d0000 - 0x00007fff568e0000 	C:\Users\vuquo\.jdks\openjdk-24.0.1\bin\verify.dll
0x00007fff44580000 - 0x00007fff445a7000 	C:\Users\vuquo\.gradle\native\1def1411415f61bf3af743bc5b6707747c0891f09f0c88961ee8f79bc544acac\windows-amd64\native-platform.dll
0x00007fff2d2d0000 - 0x00007fff2d348000 	C:\Users\vuquo\.gradle\native\0.2.7\x86_64-windows-gnu\gradle-fileevents.dll
0x00007fff55970000 - 0x00007fff5597a000 	C:\Users\vuquo\.jdks\openjdk-24.0.1\bin\management.dll
0x00007fff4e4a0000 - 0x00007fff4e4ab000 	C:\Users\vuquo\.jdks\openjdk-24.0.1\bin\management_ext.dll
0x00007fff65890000 - 0x00007fff65898000 	C:\Windows\System32\PSAPI.DLL
0x00007fff62b80000 - 0x00007fff62bad000 	C:\Windows\SYSTEM32\IPHLPAPI.DLL
0x00007fff65d10000 - 0x00007fff65d19000 	C:\Windows\System32\NSI.dll
0x00007fff44fa0000 - 0x00007fff44fa9000 	C:\Users\vuquo\.jdks\openjdk-24.0.1\bin\extnet.dll
0x00007fff63890000 - 0x00007fff638ab000 	C:\Windows\SYSTEM32\CRYPTSP.dll
0x00007fff630f0000 - 0x00007fff63125000 	C:\Windows\system32\rsaenh.dll
0x00007fff63710000 - 0x00007fff63738000 	C:\Windows\SYSTEM32\USERENV.dll
0x00007fff638b0000 - 0x00007fff638bc000 	C:\Windows\SYSTEM32\CRYPTBASE.dll
0x00007fff449e0000 - 0x00007fff449ee000 	C:\Users\vuquo\.jdks\openjdk-24.0.1\bin\sunmscapi.dll
0x00007fff64700000 - 0x00007fff64867000 	C:\Windows\System32\CRYPT32.dll
0x00007fff63a50000 - 0x00007fff63a7e000 	C:\Windows\SYSTEM32\ncrypt.dll
0x00007fff63a10000 - 0x00007fff63a47000 	C:\Windows\SYSTEM32\NTASN1.dll
0x00007ffef8ef0000 - 0x00007ffef8ef8000 	C:\Windows\system32\wshunix.dll

JVMTI agents:
C:\Users\vuquo\.gradle\wrapper\dists\gradle-8.14.3-bin\cv11ve7ro1n3o1j4so8xd9n66\gradle-8.14.3\lib\agents\gradle-instrumentation-agent-8.14.3.jar path:C:\Users\vuquo\.jdks\openjdk-24.0.1\bin\instrument.dll, loaded, initialized, instrumentlib options:none

dbghelp: loaded successfully - version: 4.0.5 - missing functions: none
symbol engine: initialized successfully - sym options: 0x614 - pdb path: .;C:\Users\vuquo\.jdks\openjdk-24.0.1\bin;C:\Windows\SYSTEM32;C:\Windows\WinSxS\amd64_microsoft.windows.common-controls_6595b64144ccf1df_6.0.22621.3672_none_2713b9d173822955;C:\Users\vuquo\.jdks\openjdk-24.0.1\bin\server;C:\Users\vuquo\.gradle\native\1def1411415f61bf3af743bc5b6707747c0891f09f0c88961ee8f79bc544acac\windows-amd64;C:\Users\vuquo\.gradle\native\0.2.7\x86_64-windows-gnu

VM Arguments:
jvm_args: --add-opens=java.base/java.lang=ALL-UNNAMED --add-opens=java.base/java.lang.invoke=ALL-UNNAMED --add-opens=java.base/java.util=ALL-UNNAMED --add-opens=java.prefs/java.util.prefs=ALL-UNNAMED --add-exports=jdk.compiler/com.sun.tools.javac.api=ALL-UNNAMED --add-exports=jdk.compiler/com.sun.tools.javac.util=ALL-UNNAMED --add-opens=java.base/java.util=ALL-UNNAMED --add-opens=java.prefs/java.util.prefs=ALL-UNNAMED --add-opens=java.base/java.nio.charset=ALL-UNNAMED --add-opens=java.base/java.net=ALL-UNNAMED --add-opens=java.base/java.util.concurrent.atomic=ALL-UNNAMED --add-opens=java.xml/javax.xml.namespace=ALL-UNNAMED --enable-native-access=ALL-UNNAMED -XX:MaxMetaspaceSize=384m -XX:+HeapDumpOnOutOfMemoryError -Xms256m -Xmx512m -Dfile.encoding=UTF-8 -Duser.country=US -Duser.language=en -Duser.variant -javaagent:C:\Users\vuquo\.gradle\wrapper\dists\gradle-8.14.3-bin\cv11ve7ro1n3o1j4so8xd9n66\gradle-8.14.3\lib\agents\gradle-instrumentation-agent-8.14.3.jar 
java_command: org.gradle.launcher.daemon.bootstrap.GradleDaemon 8.14.3
java_class_path (initial): C:\Users\vuquo\.gradle\wrapper\dists\gradle-8.14.3-bin\cv11ve7ro1n3o1j4so8xd9n66\gradle-8.14.3\lib\gradle-daemon-main-8.14.3.jar
Launcher Type: SUN_STANDARD

[Global flags]
     intx CICompilerCount                          = 4                                         {product} {ergonomic}
   size_t CompressedClassSpaceSize                 = 335544320                                 {product} {ergonomic}
     uint ConcGCThreads                            = 3                                         {product} {ergonomic}
     uint G1ConcRefinementThreads                  = 10                                        {product} {ergonomic}
   size_t G1HeapRegionSize                         = 1048576                                   {product} {ergonomic}
     bool HeapDumpOnOutOfMemoryError               = true                                   {manageable} {command line}
   size_t InitialHeapSize                          = 268435456                                 {product} {command line}
   size_t MarkStackSize                            = 4194304                                   {product} {ergonomic}
   size_t MarkStackSizeMax                         = 536870912                                 {product} {ergonomic}
   size_t MaxHeapSize                              = 536870912                                 {product} {command line}
   size_t MaxMetaspaceSize                         = 402653184                                 {product} {command line}
   size_t MaxNewSize                               = 321912832                                 {product} {ergonomic}
   size_t MinHeapDeltaBytes                        = 1048576                                   {product} {ergonomic}
   size_t MinHeapSize                              = 268435456                                 {product} {command line}
    uintx NonNMethodCodeHeapSize                   = 5832704                                {pd product} {ergonomic}
    uintx NonProfiledCodeHeapSize                  = 122945536                              {pd product} {ergonomic}
    uintx ProfiledCodeHeapSize                     = 122880000                              {pd product} {ergonomic}
    uintx ReservedCodeCacheSize                    = 251658240                              {pd product} {ergonomic}
     bool SegmentedCodeCache                       = true                                      {product} {ergonomic}
   size_t SoftMaxHeapSize                          = 536870912                              {manageable} {ergonomic}
     bool UseCompressedOops                        = true                           {product lp64_product} {ergonomic}
     bool UseG1GC                                  = true                                      {product} {ergonomic}
     bool UseLargePagesIndividualAllocation        = false                                  {pd product} {ergonomic}

Logging:
Log output configuration:
 #0: stdout all=warning uptime,level,tags foldmultilines=false
 #1: stderr all=off uptime,level,tags foldmultilines=false

Environment Variables:
PATH=C:\Program Files\Common Files\Oracle\Java\javapath;C:\u01\app\oracle\product\21c\db_home\bin;D:\u01\app\oracle\product\21c\db_home\bin;D:\orcl21\app\oracle\product\21c\db_home\bin;C:\Program Files (x86)\VMware\VMware Workstation\bin\;C:\Windows\system32;C:\Windows;C:\Windows\System32\Wbem;C:\Windows\System32\WindowsPowerShell\v1.0\;C:\Windows\System32\OpenSSH\;C:\Program Files\dotnet\;C:\Program Files\Git\cmd;C:\Program Files\nodejs\;C:\Users\vuquo\AppData\Local\Programs\Python\Launcher\;C:\Program Files\MySQL\MySQL Shell 8.0\bin\;C:\Users\vuquo\AppData\Local\Microsoft\WindowsApps;C:\Users\vuquo\AppData\Local\Programs\Microsoft VS Code\bin;C:\Users\vuquo\AppData\Roaming\npm;C:\Program Files\JetBrains\IntelliJ IDEA 2025.1.3\bin;;C:\Users\vuquo\.dotnet\tools;D:\Antigravity\bin
USERNAME=vuquo
OS=Windows_NT
PROCESSOR_IDENTIFIER=Intel64 Family 6 Model 141 Stepping 1, GenuineIntel
TMP=C:\Users\vuquo\AppData\Local\Temp
TEMP=C:\Users\vuquo\AppData\Local\Temp




Periodic native trim disabled

---------------  S Y S T E M  ---------------

OS:
 Windows 11 , 64 bit Build 22621 (10.0.22621.3672)
OS uptime: 0 days 2:16 hours
Hyper-V role detected

CPU: total 12 (initial active 12) (6 cores per cpu, 2 threads per core) family 6 model 141 stepping 1 microcode 0x34, cx8, cmov, fxsr, ht, mmx, 3dnowpref, sse, sse2, sse3, ssse3, sse4.1, sse4.2, popcnt, lzcnt, tsc, tscinvbit, avx, avx2, aes, erms, clmul, bmi1, bmi2, adx, avx512f, avx512dq, avx512cd, avx512bw, avx512vl, sha, fma, vzeroupper, avx512_vpopcntdq, avx512_vpclmulqdq, avx512_vaes, avx512_vnni, clflush, clflushopt, clwb, avx512_vbmi2, avx512_vbmi, hv, rdtscp, rdpid, fsrm, gfni, avx512_bitalg, f16c, cet_ibt, cet_ss, avx512_ifma
Processor Information for the first 12 processors :
  Max Mhz: 2611, Current Mhz: 2611, Mhz Limit: 2611

Memory: 4k page, system-wide physical 7913M (356M free)
TotalPageFile size 15913M (AvailPageFile size 6M)
current process WorkingSet (physical memory assigned to process): 236M, peak: 236M
current process commit charge ("private bytes"): 416M, peak: 428M

vm_info: OpenJDK 64-Bit Server VM (24.0.1+9-30) for windows-amd64 JRE (24.0.1+9-30), built on 2025-03-05T07:23:45Z with MS VC++ 17.6 (VS2022)

END.
