#
# There is insufficient memory for the Java Runtime Environment to continue.
# Native memory allocation (malloc) failed to allocate 1048576 bytes. Error detail: AllocateHeap
# Possible reasons:
#   The system is out of physical RAM or swap space
#   This process is running with CompressedOops enabled, and the Java Heap may be blocking the growth of the native heap
# Possible solutions:
#   Reduce memory load on the system
#   Increase physical memory or swap space
#   Check if swap backing store is full
#   Decrease Java heap size (-Xmx/-Xms)
#   Decrease number of Java threads
#   Decrease Java thread stack sizes (-Xss)
#   Set larger code cache with -XX:ReservedCodeCacheSize=
#   JVM is running with Unscaled Compressed Oops mode in which the Java heap is
#     placed in the first 4GB address space. The Java Heap base address is the
#     maximum limit for the native heap growth. Please use -XX:HeapBaseMinAddress
#     to set the Java Heap base and to place the Java Heap above 4GB virtual address.
# This output file may be truncated or incomplete.
#
#  Out of Memory Error (allocation.cpp:44), pid=11632, tid=3644
#
# JRE version: OpenJDK Runtime Environment Microsoft-12574459 (21.0.9+10) (build 21.0.9+10-LTS)
# Java VM: OpenJDK 64-Bit Server VM Microsoft-12574459 (21.0.9+10-LTS, mixed mode, emulated-client, sharing, tiered, compressed oops, compressed class ptrs, g1 gc, windows-amd64)
# No core dump will be written. Minidumps are not enabled by default on client versions of Windows
#

---------------  S U M M A R Y ------------

Command Line: -XX:TieredStopAtLevel=1 -Dspring.profiles.active=dev -Dspring.output.ansi.enabled=always -Dcom.sun.management.jmxremote -Dspring.jmx.enabled=true -Dspring.liveBeansView.mbeanDomain -Dspring.application.admin.enabled=true -Dmanagement.endpoints.jmx.exposure.include=* -javaagent:C:\Program Files\JetBrains\IntelliJ IDEA 2025.1.3\lib\idea_rt.jar=59165 -Dfile.encoding=UTF-8 -Dsun.stdout.encoding=UTF-8 -Dsun.stderr.encoding=UTF-8 com.module5.team2.Team2Application

Host: 11th Gen Intel(R) Core(TM) i5-11260H @ 2.60GHz, 12 cores, 7G,  Windows 11 , 64 bit Build 22621 (10.0.22621.3672)
Time: Thu Mar 26 11:59:28 2026 SE Asia Standard Time elapsed time: 1.113364 seconds (0d 0h 0m 1s)

---------------  T H R E A D  ---------------

Current thread (0x0000022458c13620):  JavaThread "Attach Listener" daemon [_thread_in_vm, id=3644, stack(0x000000ef2c900000,0x000000ef2ca00000) (1024K)]

Stack: [0x000000ef2c900000,0x000000ef2ca00000]
Native frames: (J=compiled Java code, j=interpreted, Vv=VM code, C=native code)
V  [jvm.dll+0x6df259]  (no source info available)
V  [jvm.dll+0x8bfe4b]  (no source info available)
V  [jvm.dll+0x8c23da]  (no source info available)
V  [jvm.dll+0x8c2ab3]  (no source info available)
V  [jvm.dll+0x28a416]  (no source info available)
V  [jvm.dll+0xc3c07]  (no source info available)
V  [jvm.dll+0x6e2669]  (no source info available)
V  [jvm.dll+0x13970e]  (no source info available)
V  [jvm.dll+0x401aad]  (no source info available)
V  [jvm.dll+0x869f7d]  (no source info available)
V  [jvm.dll+0x6e080d]  (no source info available)
C  [ucrtbase.dll+0x29333]  (no source info available)
C  [KERNEL32.DLL+0x1257d]  (no source info available)
C  [ntdll.dll+0x5af28]  (no source info available)


---------------  P R O C E S S  ---------------

Threads class SMR info:
_java_thread_list=0x00000224592c2790, length=20, elements={
0x0000022447ed4280, 0x0000022458c09af0, 0x0000022458c0cac0, 0x0000022458c0fe10,
0x0000022458c13620, 0x0000022458c14820, 0x0000022458c16370, 0x0000022458c1ff60,
0x0000022458d95440, 0x0000022458d946a0, 0x0000022458e041f0, 0x0000022458d93fd0,
0x00000224592d01a0, 0x00000224592d1330, 0x0000022459490970, 0x00000224594965f0,
0x00000224594d2c90, 0x0000022459536f70, 0x000002245e4603e0, 0x000002245e535840
}

Java Threads: ( => current thread )
  0x0000022447ed4280 JavaThread "main"                              [_thread_blocked, id=19416, stack(0x000000ef2be00000,0x000000ef2bf00000) (1024K)]
  0x0000022458c09af0 JavaThread "Reference Handler"          daemon [_thread_blocked, id=3900, stack(0x000000ef2c600000,0x000000ef2c700000) (1024K)]
  0x0000022458c0cac0 JavaThread "Finalizer"                  daemon [_thread_blocked, id=12432, stack(0x000000ef2c700000,0x000000ef2c800000) (1024K)]
  0x0000022458c0fe10 JavaThread "Signal Dispatcher"          daemon [_thread_blocked, id=17716, stack(0x000000ef2c800000,0x000000ef2c900000) (1024K)]
=>0x0000022458c13620 JavaThread "Attach Listener"            daemon [_thread_in_vm, id=3644, stack(0x000000ef2c900000,0x000000ef2ca00000) (1024K)]
  0x0000022458c14820 JavaThread "Service Thread"             daemon [_thread_blocked, id=18000, stack(0x000000ef2ca00000,0x000000ef2cb00000) (1024K)]
  0x0000022458c16370 JavaThread "Monitor Deflation Thread"   daemon [_thread_blocked, id=14196, stack(0x000000ef2cb00000,0x000000ef2cc00000) (1024K)]
  0x0000022458c1ff60 JavaThread "C1 CompilerThread0"         daemon [_thread_blocked, id=9936, stack(0x000000ef2cc00000,0x000000ef2cd00000) (1024K)]
  0x0000022458d95440 JavaThread "C1 CompilerThread1"         daemon [_thread_blocked, id=12364, stack(0x000000ef2cd00000,0x000000ef2ce00000) (1024K)]
  0x0000022458d946a0 JavaThread "C1 CompilerThread2"         daemon [_thread_blocked, id=576, stack(0x000000ef2ce00000,0x000000ef2cf00000) (1024K)]
  0x0000022458e041f0 JavaThread "Common-Cleaner"             daemon [_thread_blocked, id=18832, stack(0x000000ef2cf00000,0x000000ef2d000000) (1024K)]
  0x0000022458d93fd0 JavaThread "C1 CompilerThread3"         daemon [_thread_blocked, id=11804, stack(0x000000ef2d000000,0x000000ef2d100000) (1024K)]
  0x00000224592d01a0 JavaThread "Monitor Ctrl-Break"         daemon [_thread_in_native, id=16444, stack(0x000000ef2d100000,0x000000ef2d200000) (1024K)]
  0x00000224592d1330 JavaThread "Notification Thread"        daemon [_thread_blocked, id=10252, stack(0x000000ef2d200000,0x000000ef2d300000) (1024K)]
  0x0000022459490970 JavaThread "RMI TCP Accept-0"           daemon [_thread_in_native, id=7112, stack(0x000000ef2d300000,0x000000ef2d400000) (1024K)]
  0x00000224594965f0 JavaThread "RMI TCP Connection(1)-192.168.1.4" daemon [_thread_in_native, id=13288, stack(0x000000ef2d400000,0x000000ef2d500000) (1024K)]
  0x00000224594d2c90 JavaThread "RMI Scheduler(0)"           daemon [_thread_blocked, id=10076, stack(0x000000ef2d500000,0x000000ef2d600000) (1024K)]
  0x0000022459536f70 JavaThread "JMX server connection timeout 26" daemon [_thread_blocked, id=14768, stack(0x000000ef2d600000,0x000000ef2d700000) (1024K)]
  0x000002245e4603e0 JavaThread "Thread-0"                          [_thread_blocked, id=10640, stack(0x000000ef2e000000,0x000000ef2e100000) (1024K)]
  0x000002245e535840 JavaThread "restartedMain"                     [_thread_in_Java, id=19304, stack(0x000000ef2e100000,0x000000ef2e200000) (1024K)]
Total: 20

Other Threads:
  0x0000022458bf0c10 VMThread "VM Thread"                           [id=18912, stack(0x000000ef2c500000,0x000000ef2c600000) (1024K)]
  0x0000022458d51920 WatcherThread "VM Periodic Task Thread"        [id=14960, stack(0x000000ef2c400000,0x000000ef2c500000) (1024K)]
  0x0000022447f29580 WorkerThread "GC Thread#0"                     [id=2428, stack(0x000000ef2bf00000,0x000000ef2c000000) (1024K)]
  0x00000224597df200 WorkerThread "GC Thread#1"                     [id=4108, stack(0x000000ef2d700000,0x000000ef2d800000) (1024K)]
  0x0000022459807c80 WorkerThread "GC Thread#2"                     [id=12636, stack(0x000000ef2d800000,0x000000ef2d900000) (1024K)]
  0x000002245980be70 WorkerThread "GC Thread#3"                     [id=7248, stack(0x000000ef2d900000,0x000000ef2da00000) (1024K)]
  0x000002245980c210 WorkerThread "GC Thread#4"                     [id=16408, stack(0x000000ef2da00000,0x000000ef2db00000) (1024K)]
  0x000002245980c5b0 WorkerThread "GC Thread#5"                     [id=15136, stack(0x000000ef2db00000,0x000000ef2dc00000) (1024K)]
  0x000002245980d960 WorkerThread "GC Thread#6"                     [id=12108, stack(0x000000ef2dc00000,0x000000ef2dd00000) (1024K)]
  0x000002245980ed30 WorkerThread "GC Thread#7"                     [id=13308, stack(0x000000ef2dd00000,0x000000ef2de00000) (1024K)]
  0x000002245980f0d0 WorkerThread "GC Thread#8"                     [id=18280, stack(0x000000ef2de00000,0x000000ef2df00000) (1024K)]
  0x000002245980f880 WorkerThread "GC Thread#9"                     [id=10476, stack(0x000000ef2df00000,0x000000ef2e000000) (1024K)]
  0x0000022447f39e90 ConcurrentGCThread "G1 Main Marker"            [id=3004, stack(0x000000ef2c000000,0x000000ef2c100000) (1024K)]
  0x0000022447f3b1a0 WorkerThread "G1 Conc#0"                       [id=10552, stack(0x000000ef2c100000,0x000000ef2c200000) (1024K)]
  0x0000022458b2e5c0 ConcurrentGCThread "G1 Refine#0"               [id=12384, stack(0x000000ef2c200000,0x000000ef2c300000) (1024K)]
  0x0000022458b31140 ConcurrentGCThread "G1 Service"                [id=16864, stack(0x000000ef2c300000,0x000000ef2c400000) (1024K)]
Total: 16

Threads with active compile tasks:
Total: 0

VM state: not at safepoint (normal execution)

VM Mutex/Monitor currently owned by a thread: None

Heap address: 0x0000000084400000, size: 1980 MB, Compressed Oops mode: 32-bit

CDS archive(s) mapped at: [0x0000022400000000-0x0000022400c80000-0x0000022400c80000), size 13107200, SharedBaseAddress: 0x0000022400000000, ArchiveRelocationMode: 1.
Compressed class space mapped at: 0x0000022401000000-0x0000022441000000, reserved size: 1073741824
Narrow klass base: 0x0000022400000000, Narrow klass shift: 0, Narrow klass range: 0x100000000

GC Precious Log:
 CardTable entry size: 512
 Card Set container configuration: InlinePtr #cards 5 size 8 Array Of Cards #cards 12 size 40 Howl #buckets 4 coarsen threshold 1843 Howl Bitmap #cards 512 size 80 coarsen threshold 460 Card regions per heap region 1 cards per card region 2048
 CPUs: 12 total, 12 available
 Memory: 7913M
 Large Page Support: Disabled
 NUMA Support: Disabled
 Compressed Oops: Enabled (32-bit)
 Heap Region Size: 1M
 Heap Min Capacity: 8M
 Heap Initial Capacity: 124M
 Heap Max Capacity: 1980M
 Pre-touch: Disabled
 Parallel Workers: 10
 Concurrent Workers: 3
 Concurrent Refinement Workers: 10
 Periodic GC: Disabled

Heap:
 garbage-first heap   total 126976K, used 28608K [0x0000000084400000, 0x0000000100000000)
  region size 1024K, 23 young (23552K), 3 survivors (3072K)
 Metaspace       used 10861K, committed 11200K, reserved 1114112K
  class space    used 1430K, committed 1600K, reserved 1048576K

Heap Regions: E=young(eden), S=young(survivor), O=old, HS=humongous(starts), HC=humongous(continues), CS=collection set, F=free, TAMS=top-at-mark-start, PB=parsable bottom
|   0|0x0000000084400000, 0x0000000084500000, 0x0000000084500000|100%|HS|  |TAMS 0x0000000084400000| PB 0x0000000084400000| Complete 
|   1|0x0000000084500000, 0x0000000084600000, 0x0000000084600000|100%|HS|  |TAMS 0x0000000084500000| PB 0x0000000084500000| Complete 
|   2|0x0000000084600000, 0x0000000084700000, 0x0000000084700000|100%| O|  |TAMS 0x0000000084600000| PB 0x0000000084600000| Untracked 
|   3|0x0000000084700000, 0x0000000084800000, 0x0000000084800000|100%| O|  |TAMS 0x0000000084700000| PB 0x0000000084700000| Untracked 
|   4|0x0000000084800000, 0x0000000084900000, 0x0000000084900000|100%| O|  |TAMS 0x0000000084800000| PB 0x0000000084800000| Untracked 
|   5|0x0000000084900000, 0x00000000849f0000, 0x0000000084a00000| 93%| O|  |TAMS 0x0000000084900000| PB 0x0000000084900000| Untracked 
|   6|0x0000000084a00000, 0x0000000084a00000, 0x0000000084b00000|  0%| F|  |TAMS 0x0000000084a00000| PB 0x0000000084a00000| Untracked 
|   7|0x0000000084b00000, 0x0000000084b00000, 0x0000000084c00000|  0%| F|  |TAMS 0x0000000084b00000| PB 0x0000000084b00000| Untracked 
|   8|0x0000000084c00000, 0x0000000084c00000, 0x0000000084d00000|  0%| F|  |TAMS 0x0000000084c00000| PB 0x0000000084c00000| Untracked 
|   9|0x0000000084d00000, 0x0000000084d00000, 0x0000000084e00000|  0%| F|  |TAMS 0x0000000084d00000| PB 0x0000000084d00000| Untracked 
|  10|0x0000000084e00000, 0x0000000084e00000, 0x0000000084f00000|  0%| F|  |TAMS 0x0000000084e00000| PB 0x0000000084e00000| Untracked 
|  11|0x0000000084f00000, 0x0000000084f00000, 0x0000000085000000|  0%| F|  |TAMS 0x0000000084f00000| PB 0x0000000084f00000| Untracked 
|  12|0x0000000085000000, 0x0000000085000000, 0x0000000085100000|  0%| F|  |TAMS 0x0000000085000000| PB 0x0000000085000000| Untracked 
|  13|0x0000000085100000, 0x0000000085100000, 0x0000000085200000|  0%| F|  |TAMS 0x0000000085100000| PB 0x0000000085100000| Untracked 
|  14|0x0000000085200000, 0x0000000085200000, 0x0000000085300000|  0%| F|  |TAMS 0x0000000085200000| PB 0x0000000085200000| Untracked 
|  15|0x0000000085300000, 0x0000000085300000, 0x0000000085400000|  0%| F|  |TAMS 0x0000000085300000| PB 0x0000000085300000| Untracked 
|  16|0x0000000085400000, 0x0000000085400000, 0x0000000085500000|  0%| F|  |TAMS 0x0000000085400000| PB 0x0000000085400000| Untracked 
|  17|0x0000000085500000, 0x0000000085500000, 0x0000000085600000|  0%| F|  |TAMS 0x0000000085500000| PB 0x0000000085500000| Untracked 
|  18|0x0000000085600000, 0x0000000085600000, 0x0000000085700000|  0%| F|  |TAMS 0x0000000085600000| PB 0x0000000085600000| Untracked 
|  19|0x0000000085700000, 0x0000000085700000, 0x0000000085800000|  0%| F|  |TAMS 0x0000000085700000| PB 0x0000000085700000| Untracked 
|  20|0x0000000085800000, 0x0000000085800000, 0x0000000085900000|  0%| F|  |TAMS 0x0000000085800000| PB 0x0000000085800000| Untracked 
|  21|0x0000000085900000, 0x0000000085900000, 0x0000000085a00000|  0%| F|  |TAMS 0x0000000085900000| PB 0x0000000085900000| Untracked 
|  22|0x0000000085a00000, 0x0000000085a00000, 0x0000000085b00000|  0%| F|  |TAMS 0x0000000085a00000| PB 0x0000000085a00000| Untracked 
|  23|0x0000000085b00000, 0x0000000085b00000, 0x0000000085c00000|  0%| F|  |TAMS 0x0000000085b00000| PB 0x0000000085b00000| Untracked 
|  24|0x0000000085c00000, 0x0000000085c00000, 0x0000000085d00000|  0%| F|  |TAMS 0x0000000085c00000| PB 0x0000000085c00000| Untracked 
|  25|0x0000000085d00000, 0x0000000085d00000, 0x0000000085e00000|  0%| F|  |TAMS 0x0000000085d00000| PB 0x0000000085d00000| Untracked 
|  26|0x0000000085e00000, 0x0000000085e00000, 0x0000000085f00000|  0%| F|  |TAMS 0x0000000085e00000| PB 0x0000000085e00000| Untracked 
|  27|0x0000000085f00000, 0x0000000085f00000, 0x0000000086000000|  0%| F|  |TAMS 0x0000000085f00000| PB 0x0000000085f00000| Untracked 
|  28|0x0000000086000000, 0x0000000086000000, 0x0000000086100000|  0%| F|  |TAMS 0x0000000086000000| PB 0x0000000086000000| Untracked 
|  29|0x0000000086100000, 0x0000000086100000, 0x0000000086200000|  0%| F|  |TAMS 0x0000000086100000| PB 0x0000000086100000| Untracked 
|  30|0x0000000086200000, 0x0000000086200000, 0x0000000086300000|  0%| F|  |TAMS 0x0000000086200000| PB 0x0000000086200000| Untracked 
|  31|0x0000000086300000, 0x0000000086300000, 0x0000000086400000|  0%| F|  |TAMS 0x0000000086300000| PB 0x0000000086300000| Untracked 
|  32|0x0000000086400000, 0x0000000086400000, 0x0000000086500000|  0%| F|  |TAMS 0x0000000086400000| PB 0x0000000086400000| Untracked 
|  33|0x0000000086500000, 0x0000000086500000, 0x0000000086600000|  0%| F|  |TAMS 0x0000000086500000| PB 0x0000000086500000| Untracked 
|  34|0x0000000086600000, 0x0000000086600000, 0x0000000086700000|  0%| F|  |TAMS 0x0000000086600000| PB 0x0000000086600000| Untracked 
|  35|0x0000000086700000, 0x0000000086700000, 0x0000000086800000|  0%| F|  |TAMS 0x0000000086700000| PB 0x0000000086700000| Untracked 
|  36|0x0000000086800000, 0x0000000086800000, 0x0000000086900000|  0%| F|  |TAMS 0x0000000086800000| PB 0x0000000086800000| Untracked 
|  37|0x0000000086900000, 0x0000000086900000, 0x0000000086a00000|  0%| F|  |TAMS 0x0000000086900000| PB 0x0000000086900000| Untracked 
|  38|0x0000000086a00000, 0x0000000086a00000, 0x0000000086b00000|  0%| F|  |TAMS 0x0000000086a00000| PB 0x0000000086a00000| Untracked 
|  39|0x0000000086b00000, 0x0000000086b00000, 0x0000000086c00000|  0%| F|  |TAMS 0x0000000086b00000| PB 0x0000000086b00000| Untracked 
|  40|0x0000000086c00000, 0x0000000086c00000, 0x0000000086d00000|  0%| F|  |TAMS 0x0000000086c00000| PB 0x0000000086c00000| Untracked 
|  41|0x0000000086d00000, 0x0000000086d00000, 0x0000000086e00000|  0%| F|  |TAMS 0x0000000086d00000| PB 0x0000000086d00000| Untracked 
|  42|0x0000000086e00000, 0x0000000086e00000, 0x0000000086f00000|  0%| F|  |TAMS 0x0000000086e00000| PB 0x0000000086e00000| Untracked 
|  43|0x0000000086f00000, 0x0000000086f00000, 0x0000000087000000|  0%| F|  |TAMS 0x0000000086f00000| PB 0x0000000086f00000| Untracked 
|  44|0x0000000087000000, 0x0000000087000000, 0x0000000087100000|  0%| F|  |TAMS 0x0000000087000000| PB 0x0000000087000000| Untracked 
|  45|0x0000000087100000, 0x0000000087100000, 0x0000000087200000|  0%| F|  |TAMS 0x0000000087100000| PB 0x0000000087100000| Untracked 
|  46|0x0000000087200000, 0x0000000087200000, 0x0000000087300000|  0%| F|  |TAMS 0x0000000087200000| PB 0x0000000087200000| Untracked 
|  47|0x0000000087300000, 0x0000000087300000, 0x0000000087400000|  0%| F|  |TAMS 0x0000000087300000| PB 0x0000000087300000| Untracked 
|  48|0x0000000087400000, 0x0000000087400000, 0x0000000087500000|  0%| F|  |TAMS 0x0000000087400000| PB 0x0000000087400000| Untracked 
|  49|0x0000000087500000, 0x0000000087500000, 0x0000000087600000|  0%| F|  |TAMS 0x0000000087500000| PB 0x0000000087500000| Untracked 
|  50|0x0000000087600000, 0x0000000087600000, 0x0000000087700000|  0%| F|  |TAMS 0x0000000087600000| PB 0x0000000087600000| Untracked 
|  51|0x0000000087700000, 0x0000000087700000, 0x0000000087800000|  0%| F|  |TAMS 0x0000000087700000| PB 0x0000000087700000| Untracked 
|  52|0x0000000087800000, 0x0000000087800000, 0x0000000087900000|  0%| F|  |TAMS 0x0000000087800000| PB 0x0000000087800000| Untracked 
|  53|0x0000000087900000, 0x0000000087900000, 0x0000000087a00000|  0%| F|  |TAMS 0x0000000087900000| PB 0x0000000087900000| Untracked 
|  54|0x0000000087a00000, 0x0000000087a00000, 0x0000000087b00000|  0%| F|  |TAMS 0x0000000087a00000| PB 0x0000000087a00000| Untracked 
|  55|0x0000000087b00000, 0x0000000087b00000, 0x0000000087c00000|  0%| F|  |TAMS 0x0000000087b00000| PB 0x0000000087b00000| Untracked 
|  56|0x0000000087c00000, 0x0000000087c00000, 0x0000000087d00000|  0%| F|  |TAMS 0x0000000087c00000| PB 0x0000000087c00000| Untracked 
|  57|0x0000000087d00000, 0x0000000087d00000, 0x0000000087e00000|  0%| F|  |TAMS 0x0000000087d00000| PB 0x0000000087d00000| Untracked 
|  58|0x0000000087e00000, 0x0000000087e00000, 0x0000000087f00000|  0%| F|  |TAMS 0x0000000087e00000| PB 0x0000000087e00000| Untracked 
|  59|0x0000000087f00000, 0x0000000087f00000, 0x0000000088000000|  0%| F|  |TAMS 0x0000000087f00000| PB 0x0000000087f00000| Untracked 
|  60|0x0000000088000000, 0x0000000088000000, 0x0000000088100000|  0%| F|  |TAMS 0x0000000088000000| PB 0x0000000088000000| Untracked 
|  61|0x0000000088100000, 0x0000000088100000, 0x0000000088200000|  0%| F|  |TAMS 0x0000000088100000| PB 0x0000000088100000| Untracked 
|  62|0x0000000088200000, 0x0000000088200000, 0x0000000088300000|  0%| F|  |TAMS 0x0000000088200000| PB 0x0000000088200000| Untracked 
|  63|0x0000000088300000, 0x0000000088300000, 0x0000000088400000|  0%| F|  |TAMS 0x0000000088300000| PB 0x0000000088300000| Untracked 
|  64|0x0000000088400000, 0x0000000088400000, 0x0000000088500000|  0%| F|  |TAMS 0x0000000088400000| PB 0x0000000088400000| Untracked 
|  65|0x0000000088500000, 0x0000000088500000, 0x0000000088600000|  0%| F|  |TAMS 0x0000000088500000| PB 0x0000000088500000| Untracked 
|  66|0x0000000088600000, 0x0000000088600000, 0x0000000088700000|  0%| F|  |TAMS 0x0000000088600000| PB 0x0000000088600000| Untracked 
|  67|0x0000000088700000, 0x0000000088700000, 0x0000000088800000|  0%| F|  |TAMS 0x0000000088700000| PB 0x0000000088700000| Untracked 
|  68|0x0000000088800000, 0x0000000088800000, 0x0000000088900000|  0%| F|  |TAMS 0x0000000088800000| PB 0x0000000088800000| Untracked 
|  69|0x0000000088900000, 0x0000000088900000, 0x0000000088a00000|  0%| F|  |TAMS 0x0000000088900000| PB 0x0000000088900000| Untracked 
|  70|0x0000000088a00000, 0x0000000088a00000, 0x0000000088b00000|  0%| F|  |TAMS 0x0000000088a00000| PB 0x0000000088a00000| Untracked 
|  71|0x0000000088b00000, 0x0000000088b00000, 0x0000000088c00000|  0%| F|  |TAMS 0x0000000088b00000| PB 0x0000000088b00000| Untracked 
|  72|0x0000000088c00000, 0x0000000088c00000, 0x0000000088d00000|  0%| F|  |TAMS 0x0000000088c00000| PB 0x0000000088c00000| Untracked 
|  73|0x0000000088d00000, 0x0000000088d00000, 0x0000000088e00000|  0%| F|  |TAMS 0x0000000088d00000| PB 0x0000000088d00000| Untracked 
|  74|0x0000000088e00000, 0x0000000088e00000, 0x0000000088f00000|  0%| F|  |TAMS 0x0000000088e00000| PB 0x0000000088e00000| Untracked 
|  75|0x0000000088f00000, 0x0000000088f00000, 0x0000000089000000|  0%| F|  |TAMS 0x0000000088f00000| PB 0x0000000088f00000| Untracked 
|  76|0x0000000089000000, 0x0000000089000000, 0x0000000089100000|  0%| F|  |TAMS 0x0000000089000000| PB 0x0000000089000000| Untracked 
|  77|0x0000000089100000, 0x0000000089100000, 0x0000000089200000|  0%| F|  |TAMS 0x0000000089100000| PB 0x0000000089100000| Untracked 
|  78|0x0000000089200000, 0x0000000089200000, 0x0000000089300000|  0%| F|  |TAMS 0x0000000089200000| PB 0x0000000089200000| Untracked 
|  79|0x0000000089300000, 0x0000000089300000, 0x0000000089400000|  0%| F|  |TAMS 0x0000000089300000| PB 0x0000000089300000| Untracked 
|  80|0x0000000089400000, 0x0000000089400000, 0x0000000089500000|  0%| F|  |TAMS 0x0000000089400000| PB 0x0000000089400000| Untracked 
|  81|0x0000000089500000, 0x0000000089500000, 0x0000000089600000|  0%| F|  |TAMS 0x0000000089500000| PB 0x0000000089500000| Untracked 
|  82|0x0000000089600000, 0x0000000089600000, 0x0000000089700000|  0%| F|  |TAMS 0x0000000089600000| PB 0x0000000089600000| Untracked 
|  83|0x0000000089700000, 0x0000000089700000, 0x0000000089800000|  0%| F|  |TAMS 0x0000000089700000| PB 0x0000000089700000| Untracked 
|  84|0x0000000089800000, 0x0000000089800000, 0x0000000089900000|  0%| F|  |TAMS 0x0000000089800000| PB 0x0000000089800000| Untracked 
|  85|0x0000000089900000, 0x0000000089900000, 0x0000000089a00000|  0%| F|  |TAMS 0x0000000089900000| PB 0x0000000089900000| Untracked 
|  86|0x0000000089a00000, 0x0000000089a00000, 0x0000000089b00000|  0%| F|  |TAMS 0x0000000089a00000| PB 0x0000000089a00000| Untracked 
|  87|0x0000000089b00000, 0x0000000089b00000, 0x0000000089c00000|  0%| F|  |TAMS 0x0000000089b00000| PB 0x0000000089b00000| Untracked 
|  88|0x0000000089c00000, 0x0000000089c00000, 0x0000000089d00000|  0%| F|  |TAMS 0x0000000089c00000| PB 0x0000000089c00000| Untracked 
|  89|0x0000000089d00000, 0x0000000089d00000, 0x0000000089e00000|  0%| F|  |TAMS 0x0000000089d00000| PB 0x0000000089d00000| Untracked 
|  90|0x0000000089e00000, 0x0000000089e00000, 0x0000000089f00000|  0%| F|  |TAMS 0x0000000089e00000| PB 0x0000000089e00000| Untracked 
|  91|0x0000000089f00000, 0x0000000089f00000, 0x000000008a000000|  0%| F|  |TAMS 0x0000000089f00000| PB 0x0000000089f00000| Untracked 
|  92|0x000000008a000000, 0x000000008a000000, 0x000000008a100000|  0%| F|  |TAMS 0x000000008a000000| PB 0x000000008a000000| Untracked 
|  93|0x000000008a100000, 0x000000008a100000, 0x000000008a200000|  0%| F|  |TAMS 0x000000008a100000| PB 0x000000008a100000| Untracked 
|  94|0x000000008a200000, 0x000000008a200000, 0x000000008a300000|  0%| F|  |TAMS 0x000000008a200000| PB 0x000000008a200000| Untracked 
|  95|0x000000008a300000, 0x000000008a300000, 0x000000008a400000|  0%| F|  |TAMS 0x000000008a300000| PB 0x000000008a300000| Untracked 
|  96|0x000000008a400000, 0x000000008a400000, 0x000000008a500000|  0%| F|  |TAMS 0x000000008a400000| PB 0x000000008a400000| Untracked 
|  97|0x000000008a500000, 0x000000008a500000, 0x000000008a600000|  0%| F|  |TAMS 0x000000008a500000| PB 0x000000008a500000| Untracked 
|  98|0x000000008a600000, 0x000000008a700000, 0x000000008a700000|100%| S|CS|TAMS 0x000000008a600000| PB 0x000000008a600000| Complete 
|  99|0x000000008a700000, 0x000000008a800000, 0x000000008a800000|100%| S|CS|TAMS 0x000000008a700000| PB 0x000000008a700000| Complete 
| 100|0x000000008a800000, 0x000000008a900000, 0x000000008a900000|100%| S|CS|TAMS 0x000000008a800000| PB 0x000000008a800000| Complete 
| 101|0x000000008a900000, 0x000000008a900000, 0x000000008aa00000|  0%| F|  |TAMS 0x000000008a900000| PB 0x000000008a900000| Untracked 
| 102|0x000000008aa00000, 0x000000008aa00000, 0x000000008ab00000|  0%| F|  |TAMS 0x000000008aa00000| PB 0x000000008aa00000| Untracked 
| 103|0x000000008ab00000, 0x000000008ab133e0, 0x000000008ac00000|  7%| E|  |TAMS 0x000000008ab00000| PB 0x000000008ab00000| Complete 
| 104|0x000000008ac00000, 0x000000008ad00000, 0x000000008ad00000|100%| E|CS|TAMS 0x000000008ac00000| PB 0x000000008ac00000| Complete 
| 105|0x000000008ad00000, 0x000000008ae00000, 0x000000008ae00000|100%| E|CS|TAMS 0x000000008ad00000| PB 0x000000008ad00000| Complete 
| 106|0x000000008ae00000, 0x000000008af00000, 0x000000008af00000|100%| E|CS|TAMS 0x000000008ae00000| PB 0x000000008ae00000| Complete 
| 107|0x000000008af00000, 0x000000008b000000, 0x000000008b000000|100%| E|CS|TAMS 0x000000008af00000| PB 0x000000008af00000| Complete 
| 108|0x000000008b000000, 0x000000008b100000, 0x000000008b100000|100%| E|CS|TAMS 0x000000008b000000| PB 0x000000008b000000| Complete 
| 109|0x000000008b100000, 0x000000008b200000, 0x000000008b200000|100%| E|CS|TAMS 0x000000008b100000| PB 0x000000008b100000| Complete 
| 110|0x000000008b200000, 0x000000008b300000, 0x000000008b300000|100%| E|CS|TAMS 0x000000008b200000| PB 0x000000008b200000| Complete 
| 111|0x000000008b300000, 0x000000008b400000, 0x000000008b400000|100%| E|CS|TAMS 0x000000008b300000| PB 0x000000008b300000| Complete 
| 112|0x000000008b400000, 0x000000008b500000, 0x000000008b500000|100%| E|CS|TAMS 0x000000008b400000| PB 0x000000008b400000| Complete 
| 113|0x000000008b500000, 0x000000008b600000, 0x000000008b600000|100%| E|CS|TAMS 0x000000008b500000| PB 0x000000008b500000| Complete 
| 114|0x000000008b600000, 0x000000008b700000, 0x000000008b700000|100%| E|CS|TAMS 0x000000008b600000| PB 0x000000008b600000| Complete 
| 115|0x000000008b700000, 0x000000008b800000, 0x000000008b800000|100%| E|CS|TAMS 0x000000008b700000| PB 0x000000008b700000| Complete 
| 116|0x000000008b800000, 0x000000008b900000, 0x000000008b900000|100%| E|CS|TAMS 0x000000008b800000| PB 0x000000008b800000| Complete 
| 117|0x000000008b900000, 0x000000008ba00000, 0x000000008ba00000|100%| E|CS|TAMS 0x000000008b900000| PB 0x000000008b900000| Complete 
| 118|0x000000008ba00000, 0x000000008bb00000, 0x000000008bb00000|100%| E|CS|TAMS 0x000000008ba00000| PB 0x000000008ba00000| Complete 
| 119|0x000000008bb00000, 0x000000008bc00000, 0x000000008bc00000|100%| E|CS|TAMS 0x000000008bb00000| PB 0x000000008bb00000| Complete 
| 120|0x000000008bc00000, 0x000000008bd00000, 0x000000008bd00000|100%| E|CS|TAMS 0x000000008bc00000| PB 0x000000008bc00000| Complete 
| 121|0x000000008bd00000, 0x000000008be00000, 0x000000008be00000|100%| E|CS|TAMS 0x000000008bd00000| PB 0x000000008bd00000| Complete 
| 122|0x000000008be00000, 0x000000008bf00000, 0x000000008bf00000|100%| E|CS|TAMS 0x000000008be00000| PB 0x000000008be00000| Complete 
| 123|0x000000008bf00000, 0x000000008c000000, 0x000000008c000000|100%| E|CS|TAMS 0x000000008bf00000| PB 0x000000008bf00000| Complete 

Card table byte_map: [0x0000022453ce0000,0x00000224540c0000] _byte_map_base: 0x00000224538be000

Marking Bits: (CMBitMap*) 0x0000022447f29c80
 Bits: [0x00000224540c0000, 0x0000022455fb0000)

Polling page: 0x0000022447680000

Metaspace:

Usage:
  Non-class:      9.22 MB used.
      Class:      1.40 MB used.
       Both:     10.62 MB used.

Virtual space:
  Non-class space:       64.00 MB reserved,       9.38 MB ( 15%) committed,  1 nodes.
      Class space:        1.00 GB reserved,       1.56 MB ( <1%) committed,  1 nodes.
             Both:        1.06 GB reserved,      10.94 MB (  1%) committed. 

Chunk freelists:
   Non-Class:  6.31 MB
       Class:  14.32 MB
        Both:  20.63 MB

MaxMetaspaceSize: unlimited
CompressedClassSpaceSize: 1.00 GB
Initial GC threshold: 21.00 MB
Current GC threshold: 21.00 MB
CDS: on
 - commit_granule_bytes: 65536.
 - commit_granule_words: 8192.
 - virtual_space_node_default_size: 8388608.
 - enlarge_chunks_in_place: 1.
 - use_allocation_guard: 0.


Internal statistics:

num_allocs_failed_limit: 0.
num_arena_births: 386.
num_arena_deaths: 0.
num_vsnodes_births: 2.
num_vsnodes_deaths: 0.
num_space_committed: 175.
num_space_uncommitted: 0.
num_chunks_returned_to_freelist: 0.
num_chunks_taken_from_freelist: 682.
num_chunk_merges: 0.
num_chunk_splits: 404.
num_chunks_enlarged: 216.
num_inconsistent_stats: 0.

CodeCache: size=49152Kb used=5939Kb max_used=5939Kb free=43213Kb
 bounds [0x00000224505d0000, 0x0000022450ba0000, 0x00000224535d0000]
 total_blobs=2456, nmethods=1967, adapters=410, full_count=0
Compilation: enabled, stopped_count=0, restarted_count=0

Compilation events (20 events):
Event: 1.097 Thread 0x0000022458d95440 nmethod 1925 0x0000022450b81910 code [0x0000022450b81ac0, 0x0000022450b81bf8]
Event: 1.097 Thread 0x0000022458d95440 1929       1       org.springframework.core.ResolvableType::getGenerics (197 bytes)
Event: 1.097 Thread 0x0000022458d93fd0 nmethod 1926 0x0000022450b81c90 code [0x0000022450b81e40, 0x0000022450b82088]
Event: 1.097 Thread 0x0000022458d946a0 nmethod 1928 0x0000022450b82110 code [0x0000022450b822c0, 0x0000022450b82400]
Event: 1.097 Thread 0x0000022458d93fd0 1930       1       sun.reflect.generics.reflectiveObjects.ParameterizedTypeImpl::hashCode (24 bytes)
Event: 1.098 Thread 0x0000022458c1ff60 nmethod 1927 0x0000022450b82510 code [0x0000022450b82740, 0x0000022450b82b70]
Event: 1.098 Thread 0x0000022458d93fd0 nmethod 1930 0x0000022450b82d90 code [0x0000022450b82f60, 0x0000022450b830f0]
Event: 1.098 Thread 0x0000022458d95440 nmethod 1929 0x0000022450b83210 code [0x0000022450b83480, 0x0000022450b83f28]
Event: 1.104 Thread 0x0000022458c1ff60 1932       1       java.util.Set::of (10 bytes)
Event: 1.104 Thread 0x0000022458c1ff60 nmethod 1932 0x0000022450b84690 code [0x0000022450b84840, 0x0000022450b84970]
Event: 1.104 Thread 0x0000022458d93fd0 1933       1       java.lang.invoke.BoundMethodHandle::bindArgumentL (11 bytes)
Event: 1.104 Thread 0x0000022458d93fd0 nmethod 1933 0x0000022450b84a10 code [0x0000022450b84bc0, 0x0000022450b84dc8]
Event: 1.105 Thread 0x0000022458d93fd0 1935       1       java.lang.invoke.InvokerBytecodeGenerator::assertStaticType (58 bytes)
Event: 1.105 Thread 0x0000022458c1ff60 1936       1       jdk.internal.org.objectweb.asm.MethodWriter::visitLdcInsn (215 bytes)
Event: 1.105 Thread 0x0000022458d946a0 1937       1       jdk.internal.org.objectweb.asm.SymbolTable::addConstant (330 bytes)
Event: 1.106 Thread 0x0000022458d93fd0 nmethod 1935 0x0000022450b85210 code [0x0000022450b853e0, 0x0000022450b856a8]
Event: 1.106 Thread 0x0000022458c1ff60 nmethod 1936 0x0000022450b85890 code [0x0000022450b85aa0, 0x0000022450b85ed8]
Event: 1.106 Thread 0x0000022458d946a0 nmethod 1937 0x0000022450b86210 code [0x0000022450b865c0, 0x0000022450b87568]
Event: 1.109 Thread 0x0000022458d95440 1939       1       java.lang.Module::isExported (18 bytes)
Event: 1.109 Thread 0x0000022458d95440 nmethod 1939 0x0000022450b87f10 code [0x0000022450b880e0, 0x0000022450b88310]

GC Heap History (2 events):
Event: 0.662 GC heap before
{Heap before GC invocations=0 (full 0):
 garbage-first heap   total 126976K, used 24576K [0x0000000084400000, 0x0000000100000000)
  region size 1024K, 23 young (23552K), 0 survivors (0K)
 Metaspace       used 6831K, committed 7104K, reserved 1114112K
  class space    used 831K, committed 960K, reserved 1048576K
}
Event: 0.672 GC heap after
{Heap after GC invocations=1 (full 0):
 garbage-first heap   total 126976K, used 9152K [0x0000000084400000, 0x0000000100000000)
  region size 1024K, 3 young (3072K), 3 survivors (3072K)
 Metaspace       used 6831K, committed 7104K, reserved 1114112K
  class space    used 831K, committed 960K, reserved 1048576K
}

Dll operation events (11 events):
Event: 0.025 Loaded shared library C:\Users\vuquo\.jdks\ms-21.0.9\bin\java.dll
Event: 0.136 Loaded shared library C:\Users\vuquo\.jdks\ms-21.0.9\bin\zip.dll
Event: 0.141 Loaded shared library C:\Users\vuquo\.jdks\ms-21.0.9\bin\instrument.dll
Event: 0.146 Loaded shared library C:\Users\vuquo\.jdks\ms-21.0.9\bin\net.dll
Event: 0.147 Loaded shared library C:\Users\vuquo\.jdks\ms-21.0.9\bin\nio.dll
Event: 0.154 Loaded shared library C:\Users\vuquo\.jdks\ms-21.0.9\bin\zip.dll
Event: 0.256 Loaded shared library C:\Users\vuquo\.jdks\ms-21.0.9\bin\jimage.dll
Event: 0.267 Loaded shared library C:\Users\vuquo\.jdks\ms-21.0.9\bin\extnet.dll
Event: 0.287 Loaded shared library C:\Users\vuquo\.jdks\ms-21.0.9\bin\management.dll
Event: 0.308 Loaded shared library C:\Users\vuquo\.jdks\ms-21.0.9\bin\management_ext.dll
Event: 0.591 Loaded shared library C:\Users\vuquo\.jdks\ms-21.0.9\bin\verify.dll

Deoptimization events (0 events):
No events

Classes loaded (20 events):
Event: 1.072 Loading class java/util/stream/MatchOps
Event: 1.072 Loading class java/util/stream/MatchOps done
Event: 1.072 Loading class java/util/stream/MatchOps$MatchOp
Event: 1.073 Loading class java/util/stream/MatchOps$MatchOp done
Event: 1.073 Loading class java/util/stream/MatchOps$BooleanTerminalSink
Event: 1.073 Loading class java/util/stream/MatchOps$BooleanTerminalSink done
Event: 1.073 Loading class java/util/stream/MatchOps$2MatchSink
Event: 1.073 Loading class java/util/stream/Sink$OfInt
Event: 1.073 Loading class java/util/stream/Sink$OfInt done
Event: 1.073 Loading class java/util/stream/MatchOps$2MatchSink done
Event: 1.086 Loading class javax/management/openmbean/CompositeDataSupport
Event: 1.086 Loading class javax/management/openmbean/CompositeDataSupport done
Event: 1.087 Loading class javax/management/openmbean/OpenDataException
Event: 1.087 Loading class javax/management/openmbean/OpenDataException done
Event: 1.089 Loading class java/beans/PropertyEditorSupport
Event: 1.089 Loading class java/io/ObjectStreamException
Event: 1.089 Loading class java/io/ObjectStreamException done
Event: 1.090 Loading class java/beans/PropertyEditor
Event: 1.090 Loading class java/beans/PropertyEditor done
Event: 1.090 Loading class java/beans/PropertyEditorSupport done

Classes unloaded (0 events):
No events

Classes redefined (0 events):
No events

Internal exceptions (20 events):
Event: 0.744 Thread 0x0000022447ed4280 Exception <a 'java/lang/NoSuchMethodError'{0x000000008bc0e580}: 'int java.lang.invoke.DirectMethodHandle$Holder.invokeStaticInit(java.lang.Object, java.lang.Object)'> (0x000000008bc0e580) 
thrown [s\src\hotspot\share\interpreter\linkResolver.cpp, line 773]
Event: 0.748 Thread 0x0000022447ed4280 Exception <a 'java/lang/NoSuchMethodError'{0x000000008bc24510}: 'void java.lang.invoke.DirectMethodHandle$Holder.invokeInterface(java.lang.Object, java.lang.Object, java.lang.Object, java.lang.Object)'> (0x000000008bc24510) 
thrown [s\src\hotspot\share\interpreter\linkResolver.cpp, line 773]
Event: 0.816 Thread 0x0000022447ed4280 Exception <a 'java/lang/NoSuchMethodError'{0x000000008ba55de8}: 'java.lang.Object java.lang.invoke.DirectMethodHandle$Holder.invokeSpecialIFC(java.lang.Object, java.lang.Object, java.lang.Object, java.lang.Object)'> (0x000000008ba55de8) 
thrown [s\src\hotspot\share\interpreter\linkResolver.cpp, line 773]
Event: 0.823 Thread 0x0000022447ed4280 Exception <a 'java/lang/NoSuchMethodError'{0x000000008ba98450}: 'int java.lang.invoke.DirectMethodHandle$Holder.invokeStaticInit(java.lang.Object, java.lang.Object, java.lang.Object)'> (0x000000008ba98450) 
thrown [s\src\hotspot\share\interpreter\linkResolver.cpp, line 773]
Event: 0.831 Thread 0x0000022447ed4280 Exception <a 'java/lang/NoSuchMethodError'{0x000000008bae6d18}: 'java.lang.Object java.lang.invoke.DirectMethodHandle$Holder.newInvokeSpecial(java.lang.Object, java.lang.Object, java.lang.Object, java.lang.Object, java.lang.Object)'> (0x000000008bae6d18) 
thrown [s\src\hotspot\share\interpreter\linkResolver.cpp, line 773]
Event: 0.939 Thread 0x000002245e535840 Exception <a 'java/lang/IncompatibleClassChangeError'{0x000000008b30ebf8}: Found class java.lang.Object, but interface was expected> (0x000000008b30ebf8) 
thrown [s\src\hotspot\share\interpreter\linkResolver.cpp, line 840]
Event: 0.952 Thread 0x000002245e535840 Exception <a 'sun/nio/fs/WindowsException'{0x000000008b39c678}> (0x000000008b39c678) 
thrown [s\src\hotspot\share\prims\jni.cpp, line 520]
Event: 1.023 Thread 0x000002245e535840 Exception <a 'java/lang/NoSuchMethodError'{0x000000008b022b28}: 'java.lang.Object java.lang.invoke.DirectMethodHandle$Holder.invokeStatic(java.lang.Object, long, java.lang.Object)'> (0x000000008b022b28) 
thrown [s\src\hotspot\share\interpreter\linkResolver.cpp, line 773]
Event: 1.023 Thread 0x000002245e535840 Exception <a 'java/lang/NoSuchMethodError'{0x000000008b0261f0}: 'java.lang.Object java.lang.invoke.DirectMethodHandle$Holder.invokeStaticInit(java.lang.Object, long, java.lang.Object)'> (0x000000008b0261f0) 
thrown [s\src\hotspot\share\interpreter\linkResolver.cpp, line 773]
Event: 1.024 Thread 0x000002245e535840 Exception <a 'java/lang/NoSuchMethodError'{0x000000008b02ba98}: 'java.lang.Object java.lang.invoke.DirectMethodHandle$Holder.newInvokeSpecial(java.lang.Object, long)'> (0x000000008b02ba98) 
thrown [s\src\hotspot\share\interpreter\linkResolver.cpp, line 773]
Event: 1.030 Thread 0x000002245e535840 Exception <a 'java/lang/NoSuchMethodError'{0x000000008b056180}: 'java.lang.Object java.lang.invoke.DirectMethodHandle$Holder.invokeVirtual(java.lang.Object, java.lang.Object, java.lang.Object)'> (0x000000008b056180) 
thrown [s\src\hotspot\share\interpreter\linkResolver.cpp, line 773]
Event: 1.062 Thread 0x000002245e535840 Exception <a 'java/lang/NoSuchMethodError'{0x000000008af88708}: 'void java.lang.invoke.DirectMethodHandle$Holder.invokeStaticInit(java.lang.Object)'> (0x000000008af88708) 
thrown [s\src\hotspot\share\interpreter\linkResolver.cpp, line 773]
Event: 1.068 Thread 0x000002245e535840 Exception <a 'java/lang/NoSuchMethodError'{0x000000008afc4128}: 'int java.lang.invoke.DirectMethodHandle$Holder.invokeSpecial(java.lang.Object, java.lang.Object, java.lang.Object, java.lang.Object)'> (0x000000008afc4128) 
thrown [s\src\hotspot\share\interpreter\linkResolver.cpp, line 773]
Event: 1.069 Thread 0x000002245e535840 Exception <a 'java/lang/NoSuchMethodError'{0x000000008afcb850}: 'int java.lang.invoke.DirectMethodHandle$Holder.invokeSpecialIFC(java.lang.Object, java.lang.Object, java.lang.Object, java.lang.Object, java.lang.Object)'> (0x000000008afcb850) 
thrown [s\src\hotspot\share\interpreter\linkResolver.cpp, line 773]
Event: 1.085 Thread 0x00000224594965f0 Exception <a 'java/lang/NoSuchMethodError'{0x000000008ae31c50}: 'long java.lang.invoke.DirectMethodHandle$Holder.invokeVirtual(java.lang.Object, java.lang.Object)'> (0x000000008ae31c50) 
thrown [s\src\hotspot\share\interpreter\linkResolver.cpp, line 773]
Event: 1.085 Thread 0x00000224594965f0 Exception <a 'java/lang/NoSuchMethodError'{0x000000008ae35240}: 'long java.lang.invoke.DelegatingMethodHandle$Holder.reinvoke_L(java.lang.Object, java.lang.Object)'> (0x000000008ae35240) 
thrown [s\src\hotspot\share\interpreter\linkResolver.cpp, line 773]
Event: 1.102 Thread 0x000002245e535840 Exception <a 'java/lang/NoSuchMethodError'{0x000000008addd1b8}: 'java.lang.Object java.lang.invoke.DirectMethodHandle$Holder.newInvokeSpecial(java.lang.Object, java.lang.Object, java.lang.Object, java.lang.Object, java.lang.Object, java.lang.Object, java.lang.Object)'> (0x000000008addd1b8) 
thrown [s\src\hotspot\share\interpreter\linkResolver.cpp, line 773]
Event: 1.104 Thread 0x000002245e535840 Exception <a 'java/lang/NoSuchMethodError'{0x000000008adf4470}: 'void java.lang.invoke.DirectMethodHandle$Holder.invokeStaticInit(java.lang.Object, java.lang.Object)'> (0x000000008adf4470) 
thrown [s\src\hotspot\share\interpreter\linkResolver.cpp, line 773]
Event: 1.105 Thread 0x000002245e535840 Exception <a 'java/lang/NoSuchMethodError'{0x000000008ac17300}: 'void java.lang.invoke.DirectMethodHandle$Holder.invokeInterface(java.lang.Object, java.lang.Object)'> (0x000000008ac17300) 
thrown [s\src\hotspot\share\interpreter\linkResolver.cpp, line 773]
Event: 1.108 Thread 0x000002245e535840 Exception <a 'java/lang/NoSuchMethodError'{0x000000008ac47670}: 'int java.lang.invoke.DirectMethodHandle$Holder.invokeStatic(java.lang.Object, java.lang.Object, java.lang.Object, java.lang.Object)'> (0x000000008ac47670) 
thrown [s\src\hotspot\share\interpreter\linkResolver.cpp, line 773]

ZGC Phase Switch (0 events):
No events

VM Operations (20 events):
Event: 0.473 Executing VM operation: HandshakeAllThreads (Deoptimize)
Event: 0.473 Executing VM operation: HandshakeAllThreads (Deoptimize) done
Event: 0.528 Executing VM operation: HandshakeAllThreads (Deoptimize)
Event: 0.528 Executing VM operation: HandshakeAllThreads (Deoptimize) done
Event: 0.559 Executing VM operation: HandshakeAllThreads (Deoptimize)
Event: 0.559 Executing VM operation: HandshakeAllThreads (Deoptimize) done
Event: 0.594 Executing VM operation: HandshakeAllThreads (Deoptimize)
Event: 0.594 Executing VM operation: HandshakeAllThreads (Deoptimize) done
Event: 0.603 Executing VM operation: HandshakeAllThreads (Deoptimize)
Event: 0.603 Executing VM operation: HandshakeAllThreads (Deoptimize) done
Event: 0.615 Executing VM operation: HandshakeAllThreads (Deoptimize)
Event: 0.615 Executing VM operation: HandshakeAllThreads (Deoptimize) done
Event: 0.622 Executing VM operation: HandshakeAllThreads (Deoptimize)
Event: 0.622 Executing VM operation: HandshakeAllThreads (Deoptimize) done
Event: 0.649 Executing VM operation: ICBufferFull
Event: 0.649 Executing VM operation: ICBufferFull done
Event: 0.662 Executing VM operation: G1CollectForAllocation (G1 Evacuation Pause)
Event: 0.672 Executing VM operation: G1CollectForAllocation (G1 Evacuation Pause) done
Event: 0.955 Executing VM operation: HandshakeAllThreads (Deoptimize)
Event: 0.955 Executing VM operation: HandshakeAllThreads (Deoptimize) done

Memory protections (0 events):
No events

Nmethod flushes (0 events):
No events

Events (20 events):
Event: 0.045 Thread 0x0000022447ed4280 Thread added: 0x0000022447ed4280
Event: 0.057 Thread 0x0000022447ed4280 Thread added: 0x0000022458c09af0
Event: 0.057 Thread 0x0000022447ed4280 Thread added: 0x0000022458c0cac0
Event: 0.057 Thread 0x0000022447ed4280 Thread added: 0x0000022458c0fe10
Event: 0.057 Thread 0x0000022447ed4280 Thread added: 0x0000022458c13620
Event: 0.057 Thread 0x0000022447ed4280 Thread added: 0x0000022458c14820
Event: 0.057 Thread 0x0000022447ed4280 Thread added: 0x0000022458c16370
Event: 0.057 Thread 0x0000022447ed4280 Thread added: 0x0000022458c1ff60
Event: 0.126 Thread 0x0000022458c1ff60 Thread added: 0x0000022458d95440
Event: 0.126 Thread 0x0000022458c1ff60 Thread added: 0x0000022458d946a0
Event: 0.143 Thread 0x0000022447ed4280 Thread added: 0x0000022458e041f0
Event: 0.249 Thread 0x0000022458d946a0 Thread added: 0x0000022458d93fd0
Event: 0.253 Thread 0x0000022447ed4280 Thread added: 0x00000224592d01a0
Event: 0.253 Thread 0x0000022447ed4280 Thread added: 0x00000224592d1330
Event: 0.543 Thread 0x0000022447ed4280 Thread added: 0x0000022459490970
Event: 0.569 Thread 0x0000022459490970 Thread added: 0x00000224594965f0
Event: 0.602 Thread 0x00000224594965f0 Thread added: 0x00000224594d2c90
Event: 0.613 Thread 0x00000224594965f0 Thread added: 0x0000022459536f70
Event: 0.901 Thread 0x0000022447ed4280 Thread added: 0x000002245e4603e0
Event: 0.905 Thread 0x000002245e4603e0 Thread added: 0x000002245e535840


Dynamic libraries:
0x00007ff630cd0000 - 0x00007ff630cde000 	C:\Users\vuquo\.jdks\ms-21.0.9\bin\java.exe
0x00007fff66d70000 - 0x00007fff66f87000 	C:\Windows\SYSTEM32\ntdll.dll
0x00007fff65700000 - 0x00007fff657c4000 	C:\Windows\System32\KERNEL32.DLL
0x00007fff640a0000 - 0x00007fff6444d000 	C:\Windows\System32\KERNELBASE.dll
0x00007fff648f0000 - 0x00007fff64a01000 	C:\Windows\System32\ucrtbase.dll
0x00007fff5b440000 - 0x00007fff5b458000 	C:\Users\vuquo\.jdks\ms-21.0.9\bin\jli.dll
0x00007fff50440000 - 0x00007fff5045e000 	C:\Users\vuquo\.jdks\ms-21.0.9\bin\VCRUNTIME140.dll
0x00007fff650d0000 - 0x00007fff6527e000 	C:\Windows\System32\USER32.dll
0x00007fff64660000 - 0x00007fff64686000 	C:\Windows\System32\win32u.dll
0x00007fff58a10000 - 0x00007fff58ca3000 	C:\Windows\WinSxS\amd64_microsoft.windows.common-controls_6595b64144ccf1df_6.0.22621.3672_none_2713b9d173822955\COMCTL32.dll
0x00007fff65860000 - 0x00007fff65889000 	C:\Windows\System32\GDI32.dll
0x00007fff66630000 - 0x00007fff666d7000 	C:\Windows\System32\msvcrt.dll
0x00007fff64450000 - 0x00007fff64569000 	C:\Windows\System32\gdi32full.dll
0x00007fff64a10000 - 0x00007fff64aaa000 	C:\Windows\System32\msvcp_win.dll
0x00007fff657d0000 - 0x00007fff65801000 	C:\Windows\System32\IMM32.DLL
0x00007fff5c730000 - 0x00007fff5c73c000 	C:\Users\vuquo\.jdks\ms-21.0.9\bin\vcruntime140_1.dll
0x00007fff34bb0000 - 0x00007fff34c39000 	C:\Users\vuquo\.jdks\ms-21.0.9\bin\msvcp140.dll
0x00007fff0afe0000 - 0x00007fff0bd8d000 	C:\Users\vuquo\.jdks\ms-21.0.9\bin\server\jvm.dll
0x00007fff65280000 - 0x00007fff65332000 	C:\Windows\System32\ADVAPI32.dll
0x00007fff654f0000 - 0x00007fff65599000 	C:\Windows\System32\sechost.dll
0x00007fff64570000 - 0x00007fff64598000 	C:\Windows\System32\bcrypt.dll
0x00007fff65340000 - 0x00007fff65454000 	C:\Windows\System32\RPCRT4.dll
0x00007fff64ab0000 - 0x00007fff64b21000 	C:\Windows\System32\WS2_32.dll
0x00007fff62f00000 - 0x00007fff62f4d000 	C:\Windows\SYSTEM32\POWRPROF.dll
0x00007fff58ea0000 - 0x00007fff58ed4000 	C:\Windows\SYSTEM32\WINMM.dll
0x00007fff59bf0000 - 0x00007fff59bfa000 	C:\Windows\SYSTEM32\VERSION.dll
0x00007fff62ee0000 - 0x00007fff62ef3000 	C:\Windows\SYSTEM32\UMPDC.dll
0x00007fff631a0000 - 0x00007fff631b8000 	C:\Windows\SYSTEM32\kernel.appcore.dll
0x00007fff5c350000 - 0x00007fff5c35a000 	C:\Users\vuquo\.jdks\ms-21.0.9\bin\jimage.dll
0x00007fff61180000 - 0x00007fff613b2000 	C:\Windows\SYSTEM32\DBGHELP.DLL
0x00007fff64b30000 - 0x00007fff64eb8000 	C:\Windows\System32\combase.dll
0x00007fff65c30000 - 0x00007fff65d07000 	C:\Windows\System32\OLEAUT32.dll
0x00007fff584d0000 - 0x00007fff58502000 	C:\Windows\SYSTEM32\dbgcore.DLL
0x00007fff64870000 - 0x00007fff648eb000 	C:\Windows\System32\bcryptPrimitives.dll
0x00007fff4ecf0000 - 0x00007fff4ed00000 	C:\Users\vuquo\.jdks\ms-21.0.9\bin\instrument.dll
0x00007fff34b80000 - 0x00007fff34ba1000 	C:\Users\vuquo\.jdks\ms-21.0.9\bin\java.dll
0x00007fff65dd0000 - 0x00007fff6662f000 	C:\Windows\System32\SHELL32.dll
0x00007fff61fb0000 - 0x00007fff628ac000 	C:\Windows\SYSTEM32\windows.storage.dll
0x00007fff61e70000 - 0x00007fff61faf000 	C:\Windows\SYSTEM32\wintypes.dll
0x00007fff64f20000 - 0x00007fff65014000 	C:\Windows\System32\SHCORE.dll
0x00007fff64ec0000 - 0x00007fff64f1e000 	C:\Windows\System32\shlwapi.dll
0x00007fff63fd0000 - 0x00007fff63ff1000 	C:\Windows\SYSTEM32\profapi.dll
0x00007fff34b60000 - 0x00007fff34b78000 	C:\Users\vuquo\.jdks\ms-21.0.9\bin\zip.dll
0x00007fff4e890000 - 0x00007fff4e8a1000 	C:\Users\vuquo\.jdks\ms-21.0.9\bin\net.dll
0x00007fff5c360000 - 0x00007fff5c496000 	C:\Windows\SYSTEM32\WINHTTP.dll
0x00007fff63610000 - 0x00007fff63679000 	C:\Windows\system32\mswsock.dll
0x00007fff43d30000 - 0x00007fff43d46000 	C:\Users\vuquo\.jdks\ms-21.0.9\bin\nio.dll
0x00007fff62bb0000 - 0x00007fff62ca8000 	C:\Windows\SYSTEM32\DNSAPI.dll
0x00007fff62b80000 - 0x00007fff62bad000 	C:\Windows\SYSTEM32\IPHLPAPI.DLL
0x00007fff65d10000 - 0x00007fff65d19000 	C:\Windows\System32\NSI.dll
0x00007fff589e0000 - 0x00007fff589e9000 	C:\Users\vuquo\.jdks\ms-21.0.9\bin\extnet.dll
0x00007fff59c00000 - 0x00007fff59c0a000 	C:\Windows\System32\rasadhlp.dll
0x00007fff5b5a0000 - 0x00007fff5b623000 	C:\Windows\System32\fwpuclnt.dll
0x00007fff4ec10000 - 0x00007fff4ec1a000 	C:\Users\vuquo\.jdks\ms-21.0.9\bin\management.dll
0x00007fff4e410000 - 0x00007fff4e41c000 	C:\Users\vuquo\.jdks\ms-21.0.9\bin\management_ext.dll
0x00007fff65890000 - 0x00007fff65898000 	C:\Windows\System32\PSAPI.DLL
0x00007fff63890000 - 0x00007fff638ab000 	C:\Windows\SYSTEM32\CRYPTSP.dll
0x00007fff630f0000 - 0x00007fff63125000 	C:\Windows\system32\rsaenh.dll
0x00007fff63710000 - 0x00007fff63738000 	C:\Windows\SYSTEM32\USERENV.dll
0x00007fff638b0000 - 0x00007fff638bc000 	C:\Windows\SYSTEM32\CRYPTBASE.dll
0x00007fff33510000 - 0x00007fff33527000 	C:\Windows\system32\napinsp.dll
0x00007fff33470000 - 0x00007fff3348b000 	C:\Windows\system32\pnrpnsp.dll
0x00007fff33450000 - 0x00007fff33461000 	C:\Windows\System32\winrnr.dll
0x00007fff5c680000 - 0x00007fff5c695000 	C:\Windows\system32\wshbth.dll
0x00007fff33420000 - 0x00007fff33447000 	C:\Windows\system32\nlansp_c.dll
0x00007fff59750000 - 0x00007fff59760000 	C:\Users\vuquo\.jdks\ms-21.0.9\bin\verify.dll
0x00007fff436f0000 - 0x00007fff43749000 	C:\Windows\SYSTEM32\pdh.dll
0x00007fff2e980000 - 0x00007fff2e991000 	C:\Windows\System32\perfproc.dll
0x00007fff2e870000 - 0x00007fff2e880000 	C:\Windows\System32\perfos.dll
0x00007fff617f0000 - 0x00007fff61800000 	C:\Windows\SYSTEM32\pfclient.dll

JVMTI agents:
C:\Program Files\JetBrains\IntelliJ IDEA 2025.1.3\lib\idea_rt.jar path:C:\Users\vuquo\.jdks\ms-21.0.9\bin\instrument.dll, loaded, initialized, instrumentlib options:59165

dbghelp: loaded successfully - version: 4.0.5 - missing functions: none
symbol engine: initialized successfully - sym options: 0x614 - pdb path: .;C:\Users\vuquo\.jdks\ms-21.0.9\bin;C:\Windows\SYSTEM32;C:\Windows\WinSxS\amd64_microsoft.windows.common-controls_6595b64144ccf1df_6.0.22621.3672_none_2713b9d173822955;C:\Users\vuquo\.jdks\ms-21.0.9\bin\server

VM Arguments:
jvm_args: -XX:TieredStopAtLevel=1 -Dspring.profiles.active=dev -Dspring.output.ansi.enabled=always -Dcom.sun.management.jmxremote -Dspring.jmx.enabled=true -Dspring.liveBeansView.mbeanDomain -Dspring.application.admin.enabled=true -Dmanagement.endpoints.jmx.exposure.include=* -javaagent:C:\Program Files\JetBrains\IntelliJ IDEA 2025.1.3\lib\idea_rt.jar=59165 -Dfile.encoding=UTF-8 -Dsun.stdout.encoding=UTF-8 -Dsun.stderr.encoding=UTF-8 
java_command: com.module5.team2.Team2Application
java_class_path (initial): D:\codegym\module-4\PTT_Module5_Team2\build\classes\java\main;D:\codegym\module-4\PTT_Module5_Team2\build\resources\main;C:\Users\vuquo\.gradle\caches\modules-2\files-2.1\org.projectlombok\lombok\1.18.42\8365263844ebb62398e0dc33057ba10ba472d3b8\lombok-1.18.42.jar;C:\Users\vuquo\.gradle\caches\modules-2\files-2.1\org.springframework.boot\spring-boot-starter-data-jpa\3.5.9\3302557038cfde62e5502f6c7672948a104f3217\spring-boot-starter-data-jpa-3.5.9.jar;C:\Users\vuquo\.gradle\caches\modules-2\files-2.1\org.springframework.boot\spring-boot-starter-security\3.5.9\4c877c842552ea20a378d7aa5787d1becabadada\spring-boot-starter-security-3.5.9.jar;C:\Users\vuquo\.gradle\caches\modules-2\files-2.1\org.springframework.boot\spring-boot-starter-thymeleaf\3.5.9\1e9b0d0326b07e845cb9d26e667ad31657ad6bd3\spring-boot-starter-thymeleaf-3.5.9.jar;C:\Users\vuquo\.gradle\caches\modules-2\files-2.1\org.springframework.boot\spring-boot-starter-validation\3.5.9\bd187eb8f150bba7e675e3bd7f42bf584490925a\spring-boot-starter-validation-3.5.9.jar;C:\Users\vuquo\.gradle\caches\modules-2\files-2.1\org.springframework.boot\spring-boot-starter-web\3.5.9\9ebe36cc83eb16b435c47c1969e9b115a4e5e90e\spring-boot-starter-web-3.5.9.jar;C:\Users\vuquo\.gradle\caches\modules-2\files-2.1\org.thymeleaf.extras\thymeleaf-extras-springsecurity6\3.1.3.RELEASE\f2a9e9505b145d22a52047460c74fb8200f2cb23\thymeleaf-extras-springsecurity6-3.1.3.RELEASE.jar;C:\Users\vuquo\.gradle\caches\modules-2\files-2.1\io.jsonwebtoken\jjwt-api\0.11.5\f742940045619d06383e7df37b21ac422b476cf1\jjwt-api-0.11.5.jar;C:\Users\vuquo\.gradle\caches\modules-2\files-2.1\me.paulschwarz\spring-dotenv\4.0.0\e0180f80e685a9506d1942e6836a16dee050ebaf\spring-dotenv-4.0.0.jar;C:\Users\vuquo\.gradle\caches\modules-2\files-2.1\com.cloudinary\cloudinary-http44\1.39.0\ccc6aca916135d65fab908ea105c7e500894ba54\cloudinary-http44-1.39.0.jar;C:\Users\vuquo\.gradle\caches\modules-2\files-2.1\org.springframework.boot\spring-boot-starter-mail\3.5.9\49e04079beb0961d2590af3ec631635b48976677\spring-boot-starter-mail-3.5.9.jar;C:\Users\vuquo\.gradle\caches\modules-2\files-2.1\org.springframework.boot\spring-boot-starter-jdbc\3.5.9\284be658cc66edc7920b8a0a6d165e490634cb25\spring-boot-starter-jdbc-3.5.9.jar;C:\Users\vuquo\.gradle\caches\modules-2\files-2.1\org.springframework.boot\spring-boot-starter\3.5.9\90e0183666bfdfb85a7a5cb996a82fce00d1015a\spring-boot-starter-3.5.9.jar;C:\Users\vuquo\.gradle\caches\modules-2\files-2.1\org.hibernate.orm\hibernate-core\6.6.39.Final\4f88a02dc21657e51143ce9ef62dc6425a74fa20\hibernate-core-6.6.39.Final.jar;C:\Users\vuquo\.gradle\caches\modules-2\files-2.1\org.springframework.data\spring-data-jpa\3.5.7\8abf0cc4b800d0f7d2e8c2b9290f7ce505cf4ee3\spring-data-jpa-3.5.7.jar;C:\Users\vuquo\.gradle\caches\modules-2\files-2.1\org.springframework\spring-aspects\6.2.15\584133cedf27e8b8694812f4a50395c3c3cc3f0f\spring-aspects-6.2.15.jar;C:\Users\vuquo\.gradle\caches\modules-2\files-2.1\org.springframework.security\spring-security-config\6.5.7\7244c8258b5104712cb0be3847ba3753ff80b66e\spring-security-config-6.5.7.jar;C:\Users\vuquo\.gradle\caches\modules-2\files-2.1\org.springframework.security\spring-security-web\6.5.7\c3c2f32069fae888d1e5281bd7e0e638f7f6dc26\spring-security-web-6.5.7.jar;C:\Users\vuquo\.gradle\caches\modules-2\files-2.1\org.springframework\spring-aop\6.2.15\921099294cbe4b7ceb278644a530f14ecd1df580\spring-aop-6.2.15.jar;C:\Users\vuquo\.gradle\caches\modules-2\files-2.1\org.thymeleaf\thymeleaf-spring6\3.1.3.RELEASE\4b276ea2bd536a18e44b40ff1d9f4848965ff59c\thymeleaf-spring6-3.1.3.RELEASE.jar;C:\Users\vuquo\.gradle\caches\modules-2\files-2.1\org.apache.tomcat.embed\tomcat-embed-el\10.1.50\85a483e2bd7325cbc642f896ff844ddbab2d390d\tomcat-embed-el-10.1.50.jar;C:\Users\vuquo\.gradle\caches\modules-2\files-2.1\org.hibernate.validator\hibernate-validator\8.0.3.Final\4425f554297a1c5ba03a3f30e559a9fd91048cf8\hibernate-validator-8.0.3.Final.jar;C:\Users\vuquo\.gradle\caches\modules-2\files-2.1\org.springframework.boot\spring-boot-starter-json\3.5.9\345950f8e533841e9fdf9b4404a5f9b2e5c6ec69\spring-boot-starter-json-3.5.9.jar;C:\Users\vuquo\.gradle\caches\modules-2\files-2.1\org.springframework\spring-webmvc\6.2.15\f290f07e991291b7a67a472ea88d07e9d153c379\spring-webmvc-6.2.15.jar;C:\Users\vuquo\.gradle\caches\modules-2\files-2.1\org.springframework.boot\spring-boot-starter-tomcat\3.5.9\bdc4350d1212a9da114727f5a0fa126949d30caf\spring-boot-starter-tomcat-3.5.9.jar;C:\Users\vuquo\.gradle\caches\modules-2\files-2.1\org.springframework\spring-web\6.2.15\1d43a99df84fc7981dd1ff3b0d339a254c6f3a59\spring-web-6.2.15.jar;C:\Users\vuquo\.gradle\caches\modules-2\files-2.1\org.slf4j\slf4j-api\2.0.17\d9e58ac9c7779ba3bf8142aff6c830617a7fe60f\slf4j-api-2.0.17.jar;C:\Users\vuquo\.gradle\caches\modules-2\files-2.1\com.cloudinary\cloudinary-core\1.39.0\b6d1c6843076ba2fbf47dd9b2799c7862f48a05a\cloudinary-core-1.39.0.jar;C:\Users\vuquo\.gradle\caches\modules-2\files-2.1\org.apache.commons\commons-lang3\3.17.0\b17d2136f0460dcc0d2016ceefca8723bdf4ee70\commons-lang3-3.17.0.jar;C:\Users\vuquo\.gradle\caches\modules-2\files-2.1\org.apache.httpcomponents\httpmime\4.4\54646f004d5b4c37a5a75b1d416c59a3075204e2\httpmime-4.4.jar;C:\Users\vuquo\.gradle\caches\modules-2\files-2.1\org.apache.httpcomponents\httpclient\4.4\6d220441ca681dddc55a189eae81a437309128b8\httpclient-4.4.jar;C:\Users\vuquo\.gradle\caches\modules-2\files-2.1\org.springframework\spring-context-support\6.2.15\fce3a895e2af2f04246e9052106d9097cd0f38d2\spring-context-support-6.2.15.jar;C:\Users\vuquo\.gradle\caches\modules-2\files-2.1\org.eclipse.angus\jakarta.mail\2.0.5\68ce3f8ddb70d375e2ae4d820ba64da0ed56a940\jakarta.mail-2.0.5.jar;C:\Users\vuquo\.gradle\caches\modules-2\files-2.1\com.zaxxer\HikariCP\6.3.3\7c5aec1e47a97ff40977e0193018865304ea9585\HikariCP-6.3.3.jar;C:\Users\vuquo\.gradle\caches\modules-2\files-2.1\org.springframework\spring-jdbc\6.2.15\c12dc9fb0b4c21a53c1f464645c2af94ef1e638f\spring-jdbc-6.2.15.jar;C:\Users\vuquo\.gradle\caches\modules-2\files-2.1\org.springframework.boot\spring-boot-autoconfigure\3.5.9\54bf9acd3c71e0cfb297cb5d2ac66494ff37e717\spring-boot-autoconfigure-3.5.9.jar;C:\Users\vuquo\.gradle\caches\modules-2\files-2.1\org.springframework.boot\spring-boot\3.5.9\5ba53d6d44958d1ef28d0ad1f3db811349ba2f07\spring-boot-3.5.9.jar;C:\Users\vuquo\.gradle\caches\modules-2\files-2.1\org.springframework.boot\spring-boot-starter-logging\3.5.9\9872cc87ec245c917e916460e2a10cb4364e8350\spring-boot-starter-logging-3.5.9.jar;C:\Users\vuquo\.gradle\caches\modules-2\files-2.1\jakarta.annotation\jakarta.annotation-api\2.1.1\48b9bda22b091b1f48b13af03fe36db3be6e1ae3\jakarta.annotation-api-2.1.1.jar;C:\Users\vuquo\.gradle\caches\modules-2\files-2.1\org.springframework\spring-core\6.2.15\f4744d35266cf76d71e284308f194fb513364ca2\spring-core-6.2.15.jar;C:\Users\vuquo\.gradle\caches\modules-2\files-2.1\org.yaml\snakeyaml\2.4\e0666b825b796f85521f02360e77f4c92c5a7a07\snakeyaml-2.4.jar;C:\Users\vuquo\.gradle\caches\modules-2\files-2.1\jakarta.persistence\jakarta.persistence-api\3.1.0\66901fa1c373c6aff65c13791cc11da72060a8d6\jakarta.persistence-api-3.1.0.jar;C:\Users\vuquo\.gradle\caches\modules-2\files-2.1\jakarta.transaction\jakarta.transaction-api\2.0.1\51a520e3fae406abb84e2e1148e6746ce3f80a1a\jakarta.transaction-api-2.0.1.jar;C:\Users\vuquo\.gradle\caches\modules-2\files-2.1\org.springframework\spring-context\6.2.15\a721a75d6be895a4ffa1e6b0dc6a77d78ee7ca0d\spring-context-6.2.15.jar;C:\Users\vuquo\.gradle\caches\modules-2\files-2.1\org.springframework.data\spring-data-commons\3.5.7\9a9b39749178b4445c118040c1cc5bb5ec7daeef\spring-data-commons-3.5.7.jar;C:\Users\vuquo\.gradle\caches\modules-2\files-2.1\org.springframework\spring-orm\6.2.15\38c4bf42bc06205b7261683e697d57a2d026b1f\spring-orm-6.2.15.jar;C:\Users\vuquo\.gradle\caches\modules-2\files-2.1\org.springframework\spring-tx\6.2.15\9ce8624687627b1570cedb6a8506507464978276\spring-tx-6.2.15.jar;C:\Users\vuquo\.gradle\caches\modules-2\files-2.1\org.springframework\spring-beans\6.2.15\1d0ad7873e865fc9d47c3aac7b7ffb6d0d1500c5\spring-beans-6.2.15.jar;C:\Users\vuquo\.gradle\caches\modules-2\files-2.1\org.antlr\antlr4-runtime\4.13.0\5a02e48521624faaf5ff4d99afc88b01686af655\antlr4-runtime-4.13.0.jar;C:\Users\vuquo\.gradle\caches\modules-2\files-2.1\org.aspectj\aspectjweaver\1.9.25.1\a713c790da4d794c7dfb542b550d4e44898d5e23\aspectjweaver-1.9.25.1.jar;C:\Users\vuquo\.gradle\caches\modules-2\files-2.1\org.springframework.security\spring-security-core\6.5.7\a0c9068ed82f0ddf21231cc7c7dd4bd6b2ef4029\spring-security-core-6.5.7.jar;C:\Users\vuquo\.gradle\caches\modules-2\files-2.1\org.springframework\spring-expression\6.2.15\9f2d3bb55e9fe32576463daed7d245685420d04\spring-expression-6.2.15.jar;C:\Users\vuquo\.gradle\caches\modules-2\files-2.1\org.thymeleaf\thymeleaf\3.1.3.RELEASE\51474f2a90b282ee97dabcd159c7faf24790f373\thymeleaf-3.1.3.RELEASE.jar;C:\Users\vuquo\.gradle\caches\modules-2\files-2.1\jakarta.validation\jakarta.validation-api\3.0.2\92b6631659ba35ca09e44874d3eb936edfeee532\jakarta.validation-api-3.0.2.jar;C:\Users\vuquo\.gradle\caches\modules-2\files-2.1\org.jboss.logging\jboss-logging\3.6.1.Final\886afbb445b4016a37c8960a7aef6ebd769ce7e5\jboss-logging-3.6.1.Final.jar;C:\Users\vuquo\.gradle\caches\modules-2\files-2.1\com.fasterxml\classmate\1.7.1\e803194e4362a2c0585087c5f315682897d12f00\classmate-1.7.1.jar;C:\Users\vuquo\.gradle\caches\modules-2\files-2.1\com.fasterxml.jackson.datatype\jackson-datatype-jsr310\2.19.4\3cbcf2e636a6b062772299bf19a347536e58c4df\jackson-datatype-jsr310-2.19.4.jar;C:\Users\vuquo\.gradle\caches\modules-2\files-2.1\com.fasterxml.jackson.module\jackson-module-parameter-names\2.19.4\502dfea4c83502f444837b3d040a51e8475f15f2\jackson-module-parameter-names-2.19.4.jar;C:\Users\vuquo\.gradle\caches\modules-2\files-2.1\com.fasterxml.jackson.datatype\jackson-datatype-jdk8\2.19.4\90d304bcdb1a4bacb6f4347be625d75300973c60\jackson-datatype-jdk8-2.19.4.jar;C:\Users\vuquo\.gradle\caches\modules-2\files-2.1\com.fasterxml.jackson.core\jackson-databind\2.19.4\7a39bf9257b726b90b80f27fa3f5174bc75162a5\jackson-databind-2.19.4.jar;C:\Users\vuquo\.gradle\caches\modules-2\files-2.1\org.apache.tomcat.embed\tomcat-embed-websocket\10.1.50\f729d47835e40396ebc4bd7217c2d80994b6fa32\tomcat-embed-websocket-10.1.50.jar;C:\Users\vuquo\.gradle\caches\modules-2\files-2.1\org.apache.tomcat.embed\tomcat-embed-core\10.1.50\dcea3450bf8d83ca782297681c9703a4282e4a8c\tomcat-embed-core-10.1.50.jar;C:\Users\vuquo\.gradle\caches\modules-2\files-2.1\io.micrometer\micrometer-observation\1.15.7\f1b617aa0056e4f5266d30f6126113c1b82b1365\micrometer-observation-1.15.7.jar;C:\Users\vuquo\.gradle\caches\modules-2\files-2.1\org.apache.httpcomponents\httpcore\4.4.16\51cf043c87253c9f58b539c9f7e44c8894223850\httpcore-4.4.16.jar;C:\Users\vuquo\.gradle\caches\modules-2\files-2.1\commons-logging\commons-logging\1.2\4bfc12adfe4842bf07b657f0369c4cb522955686\commons-logging-1.2.jar;C:\Users\vuquo\.gradle\caches\modules-2\files-2.1\commons-codec\commons-codec\1.18.0\ee45d1cf6ec2cc2b809ff04b4dc7aec858e0df8f\commons-codec-1.18.0.jar;C:\Users\vuquo\.gradle\caches\modules-2\files-2.1\jakarta.activation\jakarta.activation-api\2.1.4\9e5c2a0d75dde71a0bedc4dbdbe47b78a5dc50f8\jakarta.activation-api-2.1.4.jar;C:\Users\vuquo\.gradle\caches\modules-2\files-2.1\ch.qos.logback\logback-classic\1.5.22\b5212de704deea1a38a41a2bf8de274e7c9cd653\logback-classic-1.5.22.jar;C:\Users\vuquo\.gradle\caches\modules-2\files-2.1\org.apache.logging.log4j\log4j-to-slf4j\2.24.3\da1143e2a2531ee1c2d90baa98eb50a28a39d5a7\log4j-to-slf4j-2.24.3.jar;C:\Users\vuquo\.gradle\caches\modules-2\files-2.1\org.slf4j\jul-to-slf4j\2.0.17\524cb6ccc2b68a57604750e1ab8b13b5a786a6aa\jul-to-slf4j-2.0.17.jar;C:\Users\vuquo\.gradle\caches\modules-2\files-2.1\org.springframework\spring-jcl\6.2.15\4e8c809606ff25d22521e3f5be6b059b7fa10c91\spring-jcl-6.2.15.jar;C:\Users\vuquo\.gradle\caches\modules-2\files-2.1\org.springframework.security\spring-security-crypto\6.5.7\a8b424b612c8103e7c0a5576e2be30d1ac61f38a\spring-security-crypto-6.5.7.jar;C:\Users\vuquo\.gradle\caches\modules-2\files-2.1\org.attoparser\attoparser\2.0.7.RELEASE\e5d0e988d9124139d645bb5872b24dfa23e283cc\attoparser-2.0.7.RELEASE.jar;C:\Users\vuquo\.gradle\caches\modules-2\files-2.1\org.unbescape\unbescape\1.1.6.RELEASE\7b90360afb2b860e09e8347112800d12c12b2a13\unbescape-1.1.6.RELEASE.jar;C:\Users\vuquo\.gradle\caches\modules-2\files-2.1\com.fasterxml.jackson.core\jackson-annotations\2.19.4\bbb09b1e7f7f5108890270eb701cb3ddef991c05\jackson-annotations-2.19.4.jar;C:\Users\vuquo\.gradle\caches\modules-2\files-2.1\com.fasterxml.jackson.core\jackson-core\2.19.4\a720ca9b800742699e041c3890f3731fe516085e\jackson-core-2.19.4.jar;C:\Users\vuquo\.gradle\caches\modules-2\files-2.1\io.micrometer\micrometer-commons\1.15.7\4f4ddbb4363ddb191633751607efb8a18707559c\micrometer-commons-1.15.7.jar;C:\Users\vuquo\.gradle\caches\modules-2\files-2.1\ch.qos.logback\logback-core\1.5.22\7c3ee4420b36bd499fa4f9f18a81d54a64fe0218\logback-core-1.5.22.jar;C:\Users\vuquo\.gradle\caches\modules-2\files-2.1\org.apache.logging.log4j\log4j-api\2.24.3\b02c125db8b6d295adf72ae6e71af5d83bce2370\log4j-api-2.24.3.jar;C:\Users\vuquo\.gradle\caches\modules-2\files-2.1\org.springframework.boot\spring-boot-devtools\3.5.9\20983cd90d7cb38d26c9c53d7412225bcc8ca28c\spring-boot-devtools-3.5.9.jar;C:\Users\vuquo\.gradle\caches\modules-2\files-2.1\io.jsonwebtoken\jjwt-impl\0.11.5\40a599f0e8a8e4e0701596fbb15e67bfda64fdf0\jjwt-impl-0.11.5.jar;C:\Users\vuquo\.gradle\caches\modules-2\files-2.1\io.jsonwebtoken\jjwt-jackson\0.11.5\3b83a06809e98a69402d7333dcf67df6f6ea4579\jjwt-jackson-0.11.5.jar;C:\Users\vuquo\.gradle\caches\modules-2\files-2.1\com.mysql\mysql-connector-j\9.5.0\64153d7488bbf25c040f3b0f004177bc05b36b22\mysql-connector-j-9.5.0.jar;C:\Users\vuquo\.gradle\caches\modules-2\files-2.1\io.github.cdimascio\dotenv-java\3.0.0\f535c5df8b98575eabb2820e548f5ba8a987fe69\dotenv-java-3.0.0.jar;C:\Users\vuquo\.gradle\caches\modules-2\files-2.1\org.hibernate.common\hibernate-commons-annotations\7.0.3.Final\e183c4be8bb41d12e9f19b374e00c34a0a85f439\hibernate-commons-annotations-7.0.3.Final.jar;C:\Users\vuquo\.gradle\caches\modules-2\files-2.1\io.smallrye\jandex\3.2.0\f17ad860f62a08487b9edabde608f8ac55c62fa7\jandex-3.2.0.jar;C:\Users\vuquo\.gradle\caches\modules-2\files-2.1\net.bytebuddy\byte-buddy\1.17.8\af5735f63d00ca47a9375fae5c7471a36331c6ed\byte-buddy-1.17.8.jar;C:\Users\vuquo\.gradle\caches\modules-2\files-2.1\org.glassfish.jaxb\jaxb-runtime\4.0.6\fb95ebb62564657b2fedfe165b859789ef3a8711\jaxb-runtime-4.0.6.jar;C:\Users\vuquo\.gradle\caches\modules-2\files-2.1\jakarta.xml.bind\jakarta.xml.bind-api\4.0.4\d6d2327f3817d9a33a3b6b8f2e15a96bc2e7afdc\jakarta.xml.bind-api-4.0.4.jar;C:\Users\vuquo\.gradle\caches\modules-2\files-2.1\jakarta.inject\jakarta.inject-api\2.0.1\4c28afe1991a941d7702fe1362c365f0a8641d1e\jakarta.inject-api-2.0.1.jar;C:\Users\vuquo\.gradle\caches\modules-2\files-2.1\org.eclipse.angus\angus-activation\2.0.3\7f80607ea5014fef0b1779e6c33d63a88a45a563\angus-activation-2.0.3.jar;C:\Users\vuquo\.gradle\caches\modules-2\files-2.1\org.glassfish.jaxb\jaxb-core\4.0.6\8e61282303777fc98a00cc3affd0560d68748a75\jaxb-core-4.0.6.jar;C:\Users\vuquo\.gradle\caches\modules-2\files-2.1\org.glassfish.jaxb\txw2\4.0.6\4f4cd53b5ff9a2c5aa1211f15ed2569c57dfb044\txw2-4.0.6.jar;C:\Users\vuquo\.gradle\caches\modules-2\files-2.1\com.sun.istack\istack-commons-runtime\4.1.2\18ec117c85f3ba0ac65409136afa8e42bc74e739\istack-commons-runtime-4.1.2.jar
Launcher Type: SUN_STANDARD

[Global flags]
     intx CICompilerCount                          = 4                                         {product} {ergonomic}
     uint ConcGCThreads                            = 3                                         {product} {ergonomic}
     uint G1ConcRefinementThreads                  = 10                                        {product} {ergonomic}
   size_t G1HeapRegionSize                         = 1048576                                   {product} {ergonomic}
    uintx GCDrainStackTargetSize                   = 64                                        {product} {ergonomic}
   size_t InitialHeapSize                          = 130023424                                 {product} {ergonomic}
     bool ManagementServer                         = true                                      {product} {command line}
   size_t MarkStackSize                            = 4194304                                   {product} {ergonomic}
   size_t MaxHeapSize                              = 2076180480                                {product} {ergonomic}
   size_t MaxNewSize                               = 1245708288                                {product} {ergonomic}
   size_t MinHeapDeltaBytes                        = 1048576                                   {product} {ergonomic}
   size_t MinHeapSize                              = 8388608                                   {product} {ergonomic}
    uintx NonNMethodCodeHeapSize                   = 4096                                   {pd product} {ergonomic}
    uintx NonProfiledCodeHeapSize                  = 0                                      {pd product} {ergonomic}
     bool ProfileInterpreter                       = false                                  {pd product} {command line}
    uintx ProfiledCodeHeapSize                     = 0                                      {pd product} {ergonomic}
   size_t SoftMaxHeapSize                          = 2076180480                             {manageable} {ergonomic}
     intx TieredStopAtLevel                        = 1                                         {product} {command line}
     bool UseCompressedOops                        = true                           {product lp64_product} {ergonomic}
     bool UseG1GC                                  = true                                      {product} {ergonomic}
     bool UseLargePagesIndividualAllocation        = false                                  {pd product} {ergonomic}

Logging:
Log output configuration:
 #0: stdout all=warning uptime,level,tags foldmultilines=false
 #1: stderr all=off uptime,level,tags foldmultilines=false

Release file:
IMPLEMENTOR="Microsoft" 
IMPLEMENTOR_VERSION="Microsoft-12574459" 
JAVA_RUNTIME_VERSION="21.0.9+10-LTS" 
JAVA_VERSION="21.0.9" 
JAVA_VERSION_DATE="2025-10-21" 
LIBC="default" 
MODULES="java.base java.compiler java.datatransfer java.xml java.prefs java.desktop java.instrument java.logging java.management java.security.sasl java.naming java.rmi java.management.rmi java.net.http java.scripting java.security.jgss java.transaction.xa java.sql java.sql.rowset java.xml.crypto java.se java.smartcardio jdk.accessibility jdk.internal.jvmstat jdk.attach jdk.charsets jdk.internal.opt jdk.zipfs jdk.compiler jdk.crypto.ec jdk.crypto.cryptoki jdk.crypto.mscapi jdk.dynalink jdk.internal.ed jdk.editpad jdk.hotspot.agent jdk.httpserver jdk.incubator.vector jdk.internal.le jdk.internal.vm.ci jdk.internal.vm.compiler jdk.internal.vm.compiler.management jdk.jartool jdk.javadoc jdk.jcmd jdk.management jdk.management.agent jdk.jconsole jdk.jdeps jdk.jdwp.agent jdk.jdi jdk.jfr jdk.jlink jdk.jpackage jdk.jshell jdk.jsobject jdk.jstatd jdk.localedata jdk.management.jfr jdk.naming.dns jdk.naming.rmi jdk.net jdk.nio.mapmode jdk.random jdk.sctp jdk.security.auth jdk.security.jgss jdk.unsupported jdk.unsupported.desktop jdk.xml.dom" 
OS_ARCH="x86_64" 
OS_NAME="Windows" 
SOURCE=".:git:e0bc49609000" 

Environment Variables:
PATH=C:\Program Files\Common Files\Oracle\Java\javapath;C:\u01\app\oracle\product\21c\db_home\bin;D:\u01\app\oracle\product\21c\db_home\bin;D:\orcl21\app\oracle\product\21c\db_home\bin;C:\Program Files (x86)\VMware\VMware Workstation\bin\;C:\Windows\system32;C:\Windows;C:\Windows\System32\Wbem;C:\Windows\System32\WindowsPowerShell\v1.0\;C:\Windows\System32\OpenSSH\;C:\Program Files\dotnet\;C:\Program Files\Git\cmd;C:\Program Files\nodejs\;C:\Users\vuquo\AppData\Local\Programs\Python\Launcher\;C:\Program Files\MySQL\MySQL Shell 8.0\bin\;C:\Users\vuquo\AppData\Local\Microsoft\WindowsApps;C:\Users\vuquo\AppData\Local\Programs\Microsoft VS Code\bin;C:\Users\vuquo\AppData\Roaming\npm;C:\Program Files\JetBrains\IntelliJ IDEA 2025.1.3\bin;;C:\Users\vuquo\.dotnet\tools;D:\Antigravity\bin
USERNAME=vuquo
OS=Windows_NT
PROCESSOR_IDENTIFIER=Intel64 Family 6 Model 141 Stepping 1, GenuineIntel
TMP=C:\Users\vuquo\AppData\Local\Temp
TEMP=C:\Users\vuquo\AppData\Local\Temp




Periodic native trim disabled

---------------  S Y S T E M  ---------------

OS:
 Windows 11 , 64 bit Build 22621 (10.0.22621.3672)
OS uptime: 0 days 11:02 hours
Hyper-V role detected

CPU: total 12 (initial active 12) (6 cores per cpu, 2 threads per core) family 6 model 141 stepping 1 microcode 0x34, cx8, cmov, fxsr, ht, mmx, 3dnowpref, sse, sse2, sse3, ssse3, sse4.1, sse4.2, popcnt, lzcnt, tsc, tscinvbit, avx, avx2, aes, erms, clmul, bmi1, bmi2, adx, avx512f, avx512dq, avx512cd, avx512bw, avx512vl, sha, fma, vzeroupper, avx512_vpopcntdq, avx512_vpclmulqdq, avx512_vaes, avx512_vnni, clflush, clflushopt, clwb, avx512_vbmi2, avx512_vbmi, hv, rdtscp, rdpid, fsrm, gfni, avx512_bitalg, f16c, cet_ibt, cet_ss, avx512_ifma
Processor Information for the first 12 processors :
  Max Mhz: 2611, Current Mhz: 2611, Mhz Limit: 2611

Memory: 4k page, system-wide physical 7913M (651M free)
TotalPageFile size 15913M (AvailPageFile size 5M)
current process WorkingSet (physical memory assigned to process): 96M, peak: 96M
current process commit charge ("private bytes"): 237M, peak: 238M

vm_info: OpenJDK 64-Bit Server VM (21.0.9+10-LTS) for windows-amd64 JRE (21.0.9+10-LTS), built on 2025-10-13T22:04:36Z by "MicrosoftCorporation" with unknown MS VC++:1944

END.
